[ +215 ms] Found 1 files which will be executed as Widget Tests.
[  +10 ms] Artifact Instance of 'AndroidGenSnapshotArtifacts' is not required, skipping update.
[        ] Artifact Instance of 'AndroidInternalBuildArtifacts' is not required, skipping update.
[        ] Artifact Instance of 'IOSEngineArtifacts' is not required, skipping update.
[        ] Artifact Instance of 'FlutterWebSdk' is not required, skipping update.
[        ] Artifact Instance of 'LegacyCanvasKitRemover' is not required, skipping update.
[   +2 ms] Artifact Instance of 'WindowsEngineArtifacts' is not required, skipping update.
[        ] Artifact Instance of 'MacOSEngineArtifacts' is not required, skipping update.
[        ] Artifact Instance of 'LinuxEngineArtifacts' is not required, skipping update.
[        ] Artifact Instance of 'LinuxFuchsiaSDKArtifacts' is not required, skipping update.
[        ] Artifact Instance of 'MacOSFuchsiaSDKArtifacts' is not required, skipping update.
[        ] Artifact Instance of 'FlutterRunnerSDKArtifacts' is not required, skipping update.
[        ] Artifact Instance of 'FlutterRunnerDebugSymbols' is not required, skipping update.
[  +42 ms] Artifact Instance of 'MaterialFonts' is not required, skipping update.
[        ] Artifact Instance of 'GradleWrapper' is not required, skipping update.
[        ] Artifact Instance of 'AndroidGenSnapshotArtifacts' is not required, skipping update.
[        ] Artifact Instance of 'AndroidInternalBuildArtifacts' is not required, skipping update.
[        ] Artifact Instance of 'IOSEngineArtifacts' is not required, skipping update.
[        ] Artifact Instance of 'FlutterWebSdk' is not required, skipping update.
[        ] Artifact Instance of 'LegacyCanvasKitRemover' is not required, skipping update.
[        ] Artifact Instance of 'FlutterSdk' is not required, skipping update.
[        ] Artifact Instance of 'WindowsEngineArtifacts' is not required, skipping update.
[        ] Artifact Instance of 'MacOSEngineArtifacts' is not required, skipping update.
[        ] Artifact Instance of 'LinuxEngineArtifacts' is not required, skipping update.
[        ] Artifact Instance of 'LinuxFuchsiaSDKArtifacts' is not required, skipping update.
[        ] Artifact Instance of 'MacOSFuchsiaSDKArtifacts' is not required, skipping update.
[        ] Artifact Instance of 'FlutterRunnerSDKArtifacts' is not required, skipping update.
[        ] Artifact Instance of 'FlutterRunnerDebugSymbols' is not required, skipping update.
[        ] Artifact Instance of 'IosUsbArtifacts' is not required, skipping update.
[        ] Artifact Instance of 'IosUsbArtifacts' is not required, skipping update.
[        ] Artifact Instance of 'IosUsbArtifacts' is not required, skipping update.
[        ] Artifact Instance of 'IosUsbArtifacts' is not required, skipping update.
[        ] Artifact Instance of 'IosUsbArtifacts' is not required, skipping update.
[        ] Artifact Instance of 'FontSubsetArtifacts' is not required, skipping update.
[        ] Artifact Instance of 'PubDependencies' is not required, skipping update.
[  +54 ms] Skipping pub get: version match.
[  +13 ms] executing: [C:\Users\ri\skin_muse/] C:\flutter\bin\cache\dart-sdk\bin\dart pub --suppress-analytics deps --json
[ +436 ms] {
             "root": "skin_muse",
             "packages": [
               {
                 "name": "skin_muse",
                 "version": "1.0.0+1",
                 "kind": "root",
                 "source": "root",
                 "dependencies": [
                   "flutter",
                   "cupertino_icons",
                   "shared_preferences",
                   "lottie",
                   "equatable",
                   "flutter_bloc",
                   "get_it",
                   "dio",
                   "hive_flutter",
                   "pretty_dio_logger",
                   "multi_select_flutter",
                   "uuid",
                   "dartz",
                   "path_provider",
                   "image_picker",
                   "awesome_dio_interceptor",
                   "json_annotation",
                   "connectivity_plus",
                   "permission_handler",
                   "json_serializable",
                   "async",
                   "flutter_local_notifications",
                   "flutter_rating_bar",
                   "fluttertoast",
                   "http",
                   "google_fonts",
                   "jwt_decode",
                   "device_info_plus",
                   "shake",
                   "proximity_sensor",
                   "hive_test",
                   "flutter_test",
                   "flutter_lints",
                   "build_runner",
                   "hive_generator",
                   "flutter_launcher_icons",
                   "bloc_test",
                   "mocktail"
                 ],
                 "directDependencies": [
                   "flutter",
                   "cupertino_icons",
                   "shared_preferences",
                   "lottie",
                   "equatable",
                   "flutter_bloc",
                   "get_it",
                   "dio",
                   "hive_flutter",
                   "pretty_dio_logger",
                   "multi_select_flutter",
                   "uuid",
                   "dartz",
                   "path_provider",
                   "image_picker",
                   "awesome_dio_interceptor",
                   "json_annotation",
                   "connectivity_plus",
                   "permission_handler",
                   "json_serializable",
                   "async",
                   "flutter_local_notifications",
                   "flutter_rating_bar",
                   "fluttertoast",
                   "http",
                   "google_fonts",
                   "jwt_decode",
                   "device_info_plus",
                   "shake",
                   "proximity_sensor",
                   "hive_test"
                 ],
                 "devDependencies": [
                   "flutter_test",
                   "flutter_lints",
                   "build_runner",
                   "hive_generator",
                   "flutter_launcher_icons",
                   "bloc_test",
                   "mocktail"
                 ]
               },
               {
                 "name": "mocktail",
                 "version": "1.0.4",
                 "kind": "dev",
                 "source": "hosted",
                 "dependencies": [
                   "collection",
                   "matcher",
                   "test_api"
                 ],
                 "directDependencies": [
                   "collection",
                   "matcher",
                   "test_api"
                 ]
               },
               {
                 "name": "test_api",
                 "version": "0.7.4",
                 "kind": "transitive",
                 "source": "hosted",
                 "dependencies": [
                   "async",
                   "boolean_selector",
                   "collection",
                   "meta",
                   "source_span",
                   "stack_trace",
                   "stream_channel",
                   "string_scanner",
                   "term_glyph"
                 ],
                 "directDependencies": [
                   "async",
                   "boolean_selector",
                   "collection",
                   "meta",
                   "source_span",
                   "stack_trace",
                   "stream_channel",
                   "string_scanner",
                   "term_glyph"
                 ]
               },
               {
                 "name": "term_glyph",
                 "version": "1.2.2",
                 "kind": "transitive",
                 "source": "hosted",
                 "dependencies": [],
                 "directDependencies": []
               },
               {
                 "name": "string_scanner",
                 "version": "1.4.1",
                 "kind": "transitive",
                 "source": "hosted",
                 "dependencies": [
                   "source_span"
                 ],
                 "directDependencies": [
                   "source_span"
                 ]
               },
               {
                 "name": "source_span",
                 "version": "1.10.1",
                 "kind": "transitive",
                 "source": "hosted",
                 "dependencies": [
                   "collection",
                   "path",
                   "term_glyph"
                 ],
                 "directDependencies": [
                   "collection",
                   "path",
                   "term_glyph"
                 ]
               },
               {
                 "name": "path",
                 "version": "1.9.1",
                 "kind": "transitive",
                 "source": "hosted",
                 "dependencies": [],
                 "directDependencies": []
               },
               {
                 "name": "collection",
                 "version": "1.19.1",
                 "kind": "transitive",
                 "source": "hosted",
                 "dependencies": [],
                 "directDependencies": []
               },
               {
                 "name": "stream_channel",
                 "version": "2.1.4",
                 "kind": "transitive",
                 "source": "hosted",
                 "dependencies": [
                   "async"
                 ],
                 "directDependencies": [
                   "async"
                 ]
               },
               {
                 "name": "async",
                 "version": "2.13.0",
                 "kind": "direct",
                 "source": "hosted",
                 "dependencies": [
                   "collection",
                   "meta"
                 ],
                 "directDependencies": [
                   "collection",
                   "meta"
                 ]
               },
               {
                 "name": "meta",
                 "version": "1.16.0",
                 "kind": "transitive",
                 "source": "hosted",
                 "dependencies": [],
                 "directDependencies": []
               },
               {
                 "name": "stack_trace",
                 "version": "1.12.1",
                 "kind": "transitive",
                 "source": "hosted",
                 "dependencies": [
                   "path"
                 ],
                 "directDependencies": [
                   "path"
                 ]
               },
               {
                 "name": "boolean_selector",
                 "version": "2.1.2",
                 "kind": "transitive",
                 "source": "hosted",
                 "dependencies": [
                   "source_span",
                   "string_scanner"
                 ],
                 "directDependencies": [
                   "source_span",
                   "string_scanner"
                 ]
               },
               {
                 "name": "matcher",
                 "version": "0.12.17",
                 "kind": "transitive",
                 "source": "hosted",
                 "dependencies": [
                   "async",
                   "meta",
                   "stack_trace",
                   "term_glyph",
                   "test_api"
                 ],
                 "directDependencies": [
                   "async",
                   "meta",
                   "stack_trace",
                   "term_glyph",
                   "test_api"
                 ]
               },
               {
                 "name": "bloc_test",
                 "version": "10.0.0",
                 "kind": "dev",
                 "source": "hosted",
                 "dependencies": [
                   "bloc",
                   "diff_match_patch",
                   "meta",
                   "mocktail",
                   "test"
                 ],
                 "directDependencies": [
                   "bloc",
                   "diff_match_patch",
                   "meta",
                   "mocktail",
                   "test"
                 ]
               },
               {
                 "name": "test",
                 "version": "1.25.15",
                 "kind": "transitive",
                 "source": "hosted",
                 "dependencies": [
                   "analyzer",
                   "async",
                   "boolean_selector",
                   "collection",
                   "coverage",
                   "http_multi_server",
                   "io",
                   "js",
                   "matcher",
                   "node_preamble",
                   "package_config",
                   "path",
                   "pool",
                   "shelf",
                   "shelf_packages_handler",
                   "shelf_static",
                   "shelf_web_socket",
                   "source_span",
                   "stack_trace",
                   "stream_channel",
                   "test_api",
                   "test_core",
                   "typed_data",
                   "web_socket_channel",
                   "webkit_inspection_protocol",
                   "yaml"
                 ],
                 "directDependencies": [
                   "analyzer",
                   "async",
                   "boolean_selector",
                   "collection",
                   "coverage",
                   "http_multi_server",
                   "io",
                   "js",
                   "matcher",
                   "node_preamble",
                   "package_config",
                   "path",
                   "pool",
                   "shelf",
                   "shelf_packages_handler",
                   "shelf_static",
                   "shelf_web_socket",
                   "source_span",
                   "stack_trace",
                   "stream_channel",
                   "test_api",
                   "test_core",
                   "typed_data",
                   "web_socket_channel",
                   "webkit_inspection_protocol",
                   "yaml"
                 ]
               },
               {
                 "name": "yaml",
                 "version": "3.1.3",
                 "kind": "transitive",
                 "source": "hosted",
                 "dependencies": [
                   "collection",
                   "source_span",
                   "string_scanner"
                 ],
                 "directDependencies": [
                   "collection",
                   "source_span",
                   "string_scanner"
                 ]
               },
               {
                 "name": "webkit_inspection_protocol",
                 "version": "1.2.1",
                 "kind": "transitive",
                 "source": "hosted",
                 "dependencies": [
                   "logging"
                 ],
                 "directDependencies": [
                   "logging"
                 ]
               },
               {
                 "name": "logging",
                 "version": "1.3.0",
                 "kind": "transitive",
                 "source": "hosted",
                 "dependencies": [],
                 "directDependencies": []
               },
               {
                 "name": "web_socket_channel",
                 "version": "3.0.3",
                 "kind": "transitive",
                 "source": "hosted",
                 "dependencies": [
                   "async",
                   "crypto",
                   "stream_channel",
                   "web",
                   "web_socket"
                 ],
                 "directDependencies": [
                   "async",
                   "crypto",
                   "stream_channel",
                   "web",
                   "web_socket"
                 ]
               },
               {
                 "name": "web_socket",
                 "version": "1.0.1",
                 "kind": "transitive",
                 "source": "hosted",
                 "dependencies": [
                   "web"
                 ],
                 "directDependencies": [
                   "web"
                 ]
               },
               {
                 "name": "web",
                 "version": "1.1.1",
                 "kind": "transitive",
                 "source": "hosted",
                 "dependencies": [],
                 "directDependencies": []
               },
               {
                 "name": "crypto",
                 "version": "3.0.6",
                 "kind": "transitive",
                 "source": "hosted",
                 "dependencies": [
                   "typed_data"
                 ],
                 "directDependencies": [
                   "typed_data"
                 ]
               },
               {
                 "name": "typed_data",
                 "version": "1.4.0",
                 "kind": "transitive",
                 "source": "hosted",
                 "dependencies": [
                   "collection"
                 ],
                 "directDependencies": [
                   "collection"
                 ]
               },
               {
                 "name": "test_core",
                 "version": "0.6.8",
                 "kind": "transitive",
                 "source": "hosted",
                 "dependencies": [
                   "analyzer",
                   "args",
                   "async",
                   "boolean_selector",
                   "collection",
                   "coverage",
                   "frontend_server_client",
                   "glob",
                   "io",
                   "meta",
                   "package_config",
                   "path",
                   "pool",
                   "source_map_stack_trace",
                   "source_maps",
                   "source_span",
                   "stack_trace",
                   "stream_channel",
                   "test_api",
                   "vm_service",
                   "yaml"
                 ],
                 "directDependencies": [
                   "analyzer",
                   "args",
                   "async",
                   "boolean_selector",
                   "collection",
                   "coverage",
                   "frontend_server_client",
                   "glob",
                   "io",
                   "meta",
                   "package_config",
                   "path",
                   "pool",
                   "source_map_stack_trace",
                   "source_maps",
                   "source_span",
                   "stack_trace",
                   "stream_channel",
                   "test_api",
                   "vm_service",
                   "yaml"
                 ]
               },
               {
                 "name": "vm_service",
                 "version": "15.0.0",
                 "kind": "transitive",
                 "source": "hosted",
                 "dependencies": [],
                 "directDependencies": []
               },
               {
                 "name": "source_maps",
                 "version": "0.10.13",
                 "kind": "transitive",
                 "source": "hosted",
                 "dependencies": [
                   "source_span"
                 ],
                 "directDependencies": [
                   "source_span"
                 ]
               },
               {
                 "name": "source_map_stack_trace",
                 "version": "2.1.2",
                 "kind": "transitive",
                 "source": "hosted",
                 "dependencies": [
                   "path",
                   "source_maps",
                   "stack_trace"
                 ],
                 "directDependencies": [
                   "path",
                   "source_maps",
                   "stack_trace"
                 ]
               },
               {
                 "name": "pool",
                 "version": "1.5.1",
                 "kind": "transitive",
                 "source": "hosted",
                 "dependencies": [
                   "async",
                   "stack_trace"
                 ],
                 "directDependencies": [
                   "async",
                   "stack_trace"
                 ]
               },
               {
                 "name": "package_config",
                 "version": "2.2.0",
                 "kind": "transitive",
                 "source": "hosted",
                 "dependencies": [
                   "path"
                 ],
                 "directDependencies": [
                   "path"
                 ]
               },
               {
                 "name": "io",
                 "version": "1.0.5",
                 "kind": "transitive",
                 "source": "hosted",
                 "dependencies": [
                   "meta",
                   "path",
                   "string_scanner"
                 ],
                 "directDependencies": [
                   "meta",
                   "path",
                   "string_scanner"
                 ]
               },
               {
                 "name": "glob",
                 "version": "2.1.3",
                 "kind": "transitive",
                 "source": "hosted",
                 "dependencies": [
                   "async",
                   "collection",
                   "file",
                   "path",
                   "string_scanner"
                 ],
                 "directDependencies": [
                   "async",
                   "collection",
                   "file",
                   "path",
                   "string_scanner"
                 ]
               },
               {
                 "name": "file",
                 "version": "7.0.1",
                 "kind": "transitive",
                 "source": "hosted",
                 "dependencies": [
                   "meta",
                   "path"
                 ],
                 "directDependencies": [
                   "meta",
                   "path"
                 ]
               },
               {
                 "name": "frontend_server_client",
                 "version": "4.0.0",
                 "kind": "transitive",
                 "source": "hosted",
                 "dependencies": [
                   "async",
                   "path"
                 ],
                 "directDependencies": [
                   "async",
                   "path"
                 ]
               },
               {
                 "name": "coverage",
                 "version": "1.15.0",
                 "kind": "transitive",
                 "source": "hosted",
                 "dependencies": [
                   "args",
                   "cli_config",
                   "glob",
                   "logging",
                   "meta",
                   "package_config",
                   "path",
                   "source_maps",
                   "stack_trace",
                   "vm_service",
                   "yaml"
                 ],
                 "directDependencies": [
                   "args",
                   "cli_config",
                   "glob",
                   "logging",
                   "meta",
                   "package_config",
                   "path",
                   "source_maps",
                   "stack_trace",
                   "vm_service",
                   "yaml"
                 ]
               },
               {
                 "name": "cli_config",
                 "version": "0.2.0",
                 "kind": "transitive",
                 "source": "hosted",
                 "dependencies": [
                   "args",
                   "yaml"
                 ],
                 "directDependencies": [
                   "args",
                   "yaml"
                 ]
               },
               {
                 "name": "args",
                 "version": "2.7.0",
                 "kind": "transitive",
                 "source": "hosted",
                 "dependencies": [],
                 "directDependencies": []
               },
               {
                 "name": "analyzer",
                 "version": "6.11.0",
                 "kind": "transitive",
                 "source": "hosted",
                 "dependencies": [
                   "_fe_analyzer_shared",
                   "collection",
                   "convert",
                   "crypto",
                   "glob",
                   "macros",
                   "meta",
                   "package_config",
                   "path",
                   "pub_semver",
                   "source_span",
                   "watcher",
                   "yaml"
                 ],
                 "directDependencies": [
                   "_fe_analyzer_shared",
                   "collection",
                   "convert",
                   "crypto",
                   "glob",
                   "macros",
                   "meta",
                   "package_config",
                   "path",
                   "pub_semver",
                   "source_span",
                   "watcher",
                   "yaml"
                 ]
               },
               {
                 "name": "watcher",
                 "version": "1.1.2",
                 "kind": "transitive",
                 "source": "hosted",
                 "dependencies": [
                   "async",
                   "path"
                 ],
                 "directDependencies": [
                   "async",
                   "path"
                 ]
               },
               {
                 "name": "pub_semver",
                 "version": "2.2.0",
                 "kind": "transitive",
                 "source": "hosted",
                 "dependencies": [
                   "collection"
                 ],
                 "directDependencies": [
                   "collection"
                 ]
               },
               {
                 "name": "macros",
                 "version": "0.1.3-main.0",
                 "kind": "transitive",
                 "source": "hosted",
                 "dependencies": [
                   "_macros"
                 ],
                 "directDependencies": [
                   "_macros"
                 ]
               },
               {
                 "name": "_macros",
                 "version": "0.3.3",
                 "kind": "transitive",
                 "source": "sdk",
                 "dependencies": [],
                 "directDependencies": []
               },
               {
                 "name": "convert",
                 "version": "3.1.2",
                 "kind": "transitive",
                 "source": "hosted",
                 "dependencies": [
                   "typed_data"
                 ],
                 "directDependencies": [
                   "typed_data"
                 ]
               },
               {
                 "name": "_fe_analyzer_shared",
                 "version": "76.0.0",
                 "kind": "transitive",
                 "source": "hosted",
                 "dependencies": [
                   "meta"
                 ],
                 "directDependencies": [
                   "meta"
                 ]
               },
               {
                 "name": "shelf_web_socket",
                 "version": "3.0.0",
                 "kind": "transitive",
                 "source": "hosted",
                 "dependencies": [
                   "shelf",
                   "stream_channel",
                   "web_socket_channel"
                 ],
                 "directDependencies": [
                   "shelf",
                   "stream_channel",
                   "web_socket_channel"
                 ]
               },
               {
                 "name": "shelf",
                 "version": "1.4.2",
                 "kind": "transitive",
                 "source": "hosted",
                 "dependencies": [
                   "async",
                   "collection",
                   "http_parser",
                   "path",
                   "stack_trace",
                   "stream_channel"
                 ],
                 "directDependencies": [
                   "async",
                   "collection",
                   "http_parser",
                   "path",
                   "stack_trace",
                   "stream_channel"
                 ]
               },
               {
                 "name": "http_parser",
                 "version": "4.1.2",
                 "kind": "transitive",
                 "source": "hosted",
                 "dependencies": [
                   "collection",
                   "source_span",
                   "string_scanner",
                   "typed_data"
                 ],
                 "directDependencies": [
                   "collection",
                   "source_span",
                   "string_scanner",
                   "typed_data"
                 ]
               },
               {
                 "name": "shelf_static",
                 "version": "1.1.3",
                 "kind": "transitive",
                 "source": "hosted",
                 "dependencies": [
                   "convert",
                   "http_parser",
                   "mime",
                   "path",
                   "shelf"
                 ],
                 "directDependencies": [
                   "convert",
                   "http_parser",
                   "mime",
                   "path",
                   "shelf"
                 ]
               },
               {
                 "name": "mime",
                 "version": "2.0.0",
                 "kind": "transitive",
                 "source": "hosted",
                 "dependencies": [],
                 "directDependencies": []
               },
               {
                 "name": "shelf_packages_handler",
                 "version": "3.0.2",
                 "kind": "transitive",
                 "source": "hosted",
                 "dependencies": [
                   "path",
                   "shelf",
                   "shelf_static"
                 ],
                 "directDependencies": [
                   "path",
                   "shelf",
                   "shelf_static"
                 ]
               },
               {
                 "name": "node_preamble",
                 "version": "2.0.2",
                 "kind": "transitive",
                 "source": "hosted",
                 "dependencies": [],
                 "directDependencies": []
               },
               {
                 "name": "js",
                 "version": "0.7.2",
                 "kind": "transitive",
                 "source": "hosted",
                 "dependencies": [],
                 "directDependencies": []
               },
               {
                 "name": "http_multi_server",
                 "version": "3.2.2",
                 "kind": "transitive",
                 "source": "hosted",
                 "dependencies": [
                   "async"
                 ],
                 "directDependencies": [
                   "async"
                 ]
               },
               {
                 "name": "diff_match_patch",
                 "version": "0.4.1",
                 "kind": "transitive",
                 "source": "hosted",
                 "dependencies": [],
                 "directDependencies": []
               },
               {
                 "name": "bloc",
                 "version": "9.0.0",
                 "kind": "transitive",
                 "source": "hosted",
                 "dependencies": [
                   "meta"
                 ],
                 "directDependencies": [
                   "meta"
                 ]
               },
               {
                 "name": "flutter_launcher_icons",
                 "version": "0.13.1",
                 "kind": "dev",
                 "source": "hosted",
                 "dependencies": [
                   "args",
                   "checked_yaml",
                   "cli_util",
                   "image",
                   "json_annotation",
                   "path",
                   "yaml"
                 ],
                 "directDependencies": [
                   "args",
                   "checked_yaml",
                   "cli_util",
                   "image",
                   "json_annotation",
                   "path",
                   "yaml"
                 ]
               },
               {
                 "name": "json_annotation",
                 "version": "4.9.0",
                 "kind": "direct",
                 "source": "hosted",
                 "dependencies": [
                   "meta"
                 ],
                 "directDependencies": [
                   "meta"
                 ]
               },
               {
                 "name": "image",
                 "version": "4.5.4",
                 "kind": "transitive",
                 "source": "hosted",
                 "dependencies": [
                   "archive",
                   "meta",
                   "xml"
                 ],
                 "directDependencies": [
                   "archive",
                   "meta",
                   "xml"
                 ]
               },
               {
                 "name": "xml",
                 "version": "6.5.0",
                 "kind": "transitive",
                 "source": "hosted",
                 "dependencies": [
                   "collection",
                   "meta",
                   "petitparser"
                 ],
                 "directDependencies": [
                   "collection",
                   "meta",
                   "petitparser"
                 ]
               },
               {
                 "name": "petitparser",
                 "version": "6.1.0",
                 "kind": "transitive",
                 "source": "hosted",
                 "dependencies": [
                   "meta",
                   "collection"
                 ],
                 "directDependencies": [
                   "meta",
                   "collection"
                 ]
               },
               {
                 "name": "archive",
                 "version": "4.0.7",
                 "kind": "transitive",
                 "source": "hosted",
                 "dependencies": [
                   "crypto",
                   "path",
                   "posix"
                 ],
                 "directDependencies": [
                   "crypto",
                   "path",
                   "posix"
                 ]
               },
               {
                 "name": "posix",
                 "version": "6.0.2",
                 "kind": "transitive",
                 "source": "hosted",
                 "dependencies": [
                   "ffi",
                   "meta",
                   "path"
                 ],
                 "directDependencies": [
                   "ffi",
                   "meta",
                   "path"
                 ]
               },
               {
                 "name": "ffi",
                 "version": "2.1.4",
                 "kind": "transitive",
                 "source": "hosted",
                 "dependencies": [],
                 "directDependencies": []
               },
               {
                 "name": "cli_util",
                 "version": "0.4.2",
                 "kind": "transitive",
                 "source": "hosted",
                 "dependencies": [
                   "meta",
                   "path"
                 ],
                 "directDependencies": [
                   "meta",
                   "path"
                 ]
               },
               {
                 "name": "checked_yaml",
                 "version": "2.0.4",
                 "kind": "transitive",
                 "source": "hosted",
                 "dependencies": [
                   "json_annotation",
                   "source_span",
                   "yaml"
                 ],
                 "directDependencies": [
                   "json_annotation",
                   "source_span",
                   "yaml"
                 ]
               },
               {
                 "name": "hive_generator",
                 "version": "2.0.1",
                 "kind": "dev",
                 "source": "hosted",
                 "dependencies": [
                   "build",
                   "source_gen",
                   "hive",
                   "analyzer",
                   "source_helper"
                 ],
                 "directDependencies": [
                   "build",
                   "source_gen",
                   "hive",
                   "analyzer",
                   "source_helper"
                 ]
               },
               {
                 "name": "source_helper",
                 "version": "1.3.5",
                 "kind": "transitive",
                 "source": "hosted",
                 "dependencies": [
                   "analyzer",
                   "collection",
                   "source_gen"
                 ],
                 "directDependencies": [
                   "analyzer",
                   "collection",
                   "source_gen"
                 ]
               },
               {
                 "name": "source_gen",
                 "version": "1.5.0",
                 "kind": "transitive",
                 "source": "hosted",
                 "dependencies": [
                   "analyzer",
                   "async",
                   "build",
                   "dart_style",
                   "glob",
                   "path",
                   "source_span",
                   "yaml"
                 ],
                 "directDependencies": [
                   "analyzer",
                   "async",
                   "build",
                   "dart_style",
                   "glob",
                   "path",
                   "source_span",
                   "yaml"
                 ]
               },
               {
                 "name": "dart_style",
                 "version": "2.3.8",
                 "kind": "transitive",
                 "source": "hosted",
                 "dependencies": [
                   "analyzer",
                   "args",
                   "collection",
                   "package_config",
                   "path",
                   "pub_semver",
                   "source_span"
                 ],
                 "directDependencies": [
                   "analyzer",
                   "args",
                   "collection",
                   "package_config",
                   "path",
                   "pub_semver",
                   "source_span"
                 ]
               },
               {
                 "name": "build",
                 "version": "2.5.0",
                 "kind": "transitive",
                 "source": "hosted",
                 "dependencies": [
                   "analyzer",
                   "async",
                   "build_runner_core",
                   "built_collection",
                   "built_value",
                   "convert",
                   "crypto",
                   "glob",
                   "graphs",
                   "logging",
                   "meta",
                   "package_config",
                   "path",
                   "pool"
                 ],
                 "directDependencies": [
                   "analyzer",
                   "async",
                   "build_runner_core",
                   "built_collection",
                   "built_value",
                   "convert",
                   "crypto",
                   "glob",
                   "graphs",
                   "logging",
                   "meta",
                   "package_config",
                   "path",
                   "pool"
                 ]
               },
               {
                 "name": "graphs",
                 "version": "2.3.2",
                 "kind": "transitive",
                 "source": "hosted",
                 "dependencies": [
                   "collection"
                 ],
                 "directDependencies": [
                   "collection"
                 ]
               },
               {
                 "name": "built_value",
                 "version": "8.10.1",
                 "kind": "transitive",
                 "source": "hosted",
                 "dependencies": [
                   "built_collection",
                   "collection",
                   "fixnum",
                   "meta"
                 ],
                 "directDependencies": [
                   "built_collection",
                   "collection",
                   "fixnum",
                   "meta"
                 ]
               },
               {
                 "name": "fixnum",
                 "version": "1.1.1",
                 "kind": "transitive",
                 "source": "hosted",
                 "dependencies": [],
                 "directDependencies": []
               },
               {
                 "name": "built_collection",
                 "version": "5.1.1",
                 "kind": "transitive",
                 "source": "hosted",
                 "dependencies": [],
                 "directDependencies": []
               },
               {
                 "name": "build_runner_core",
                 "version": "9.0.0",
                 "kind": "transitive",
                 "source": "hosted",
                 "dependencies": [
                   "analyzer",
                   "async",
                   "build",
                   "build_config",
                   "build_resolvers",
                   "build_runner",
                   "built_collection",
                   "built_value",
                   "collection",
                   "convert",
                   "crypto",
                   "glob",
                   "graphs",
                   "json_annotation",
                   "logging",
                   "meta",
                   "package_config",
                   "path",
                   "pool",
                   "timing",
                   "watcher",
                   "yaml"
                 ],
                 "directDependencies": [
                   "analyzer",
                   "async",
                   "build",
                   "build_config",
                   "build_resolvers",
                   "build_runner",
                   "built_collection",
                   "built_value",
                   "collection",
                   "convert",
                   "crypto",
                   "glob",
                   "graphs",
                   "json_annotation",
                   "logging",
                   "meta",
                   "package_config",
                   "path",
                   "pool",
                   "timing",
                   "watcher",
                   "yaml"
                 ]
               },
               {
                 "name": "timing",
                 "version": "1.0.2",
                 "kind": "transitive",
                 "source": "hosted",
                 "dependencies": [
                   "json_annotation"
                 ],
                 "directDependencies": [
                   "json_annotation"
                 ]
               },
               {
                 "name": "build_runner",
                 "version": "2.5.0",
                 "kind": "dev",
                 "source": "hosted",
                 "dependencies": [
                   "analyzer",
                   "args",
                   "async",
                   "build",
                   "build_config",
                   "build_daemon",
                   "build_resolvers",
                   "build_runner_core",
                   "code_builder",
                   "collection",
                   "crypto",
                   "dart_style",
                   "frontend_server_client",
                   "glob",
                   "graphs",
                   "http",
                   "http_multi_server",
                   "io",
                   "js",
                   "logging",
                   "meta",
                   "mime",
                   "package_config",
                   "path",
                   "pool",
                   "pub_semver",
                   "pubspec_parse",
                   "shelf",
                   "shelf_web_socket",
                   "stack_trace",
                   "stream_transform",
                   "timing",
                   "watcher",
                   "web",
                   "web_socket_channel",
                   "yaml"
                 ],
                 "directDependencies": [
                   "analyzer",
                   "args",
                   "async",
                   "build",
                   "build_config",
                   "build_daemon",
                   "build_resolvers",
                   "build_runner_core",
                   "code_builder",
                   "collection",
                   "crypto",
                   "dart_style",
                   "frontend_server_client",
                   "glob",
                   "graphs",
                   "http",
                   "http_multi_server",
                   "io",
                   "js",
                   "logging",
                   "meta",
                   "mime",
                   "package_config",
                   "path",
                   "pool",
                   "pub_semver",
                   "pubspec_parse",
                   "shelf",
                   "shelf_web_socket",
                   "stack_trace",
                   "stream_transform",
                   "timing",
                   "watcher",
                   "web",
                   "web_socket_channel",
                   "yaml"
                 ]
               },
               {
                 "name": "stream_transform",
                 "version": "2.1.1",
                 "kind": "transitive",
                 "source": "hosted",
                 "dependencies": [],
                 "directDependencies": []
               },
               {
                 "name": "pubspec_parse",
                 "version": "1.5.0",
                 "kind": "transitive",
                 "source": "hosted",
                 "dependencies": [
                   "checked_yaml",
                   "collection",
                   "json_annotation",
                   "pub_semver",
                   "yaml"
                 ],
                 "directDependencies": [
                   "checked_yaml",
                   "collection",
                   "json_annotation",
                   "pub_semver",
                   "yaml"
                 ]
               },
               {
                 "name": "http",
                 "version": "1.4.0",
                 "kind": "direct",
                 "source": "hosted",
                 "dependencies": [
                   "async",
                   "http_parser",
                   "meta",
                   "web"
                 ],
                 "directDependencies": [
                   "async",
                   "http_parser",
                   "meta",
                   "web"
                 ]
               },
               {
                 "name": "code_builder",
                 "version": "4.10.1",
                 "kind": "transitive",
                 "source": "hosted",
                 "dependencies": [
                   "built_collection",
                   "built_value",
                   "collection",
                   "matcher",
                   "meta"
                 ],
                 "directDependencies": [
                   "built_collection",
                   "built_value",
                   "collection",
                   "matcher",
                   "meta"
                 ]
               },
               {
                 "name": "build_resolvers",
                 "version": "2.5.0",
                 "kind": "transitive",
                 "source": "hosted",
                 "dependencies": [
                   "analyzer",
                   "async",
                   "build",
                   "build_runner_core",
                   "collection",
                   "convert",
                   "crypto",
                   "graphs",
                   "logging",
                   "package_config",
                   "path",
                   "pool",
                   "pub_semver",
                   "stream_transform",
                   "yaml"
                 ],
                 "directDependencies": [
                   "analyzer",
                   "async",
                   "build",
                   "build_runner_core",
                   "collection",
                   "convert",
                   "crypto",
                   "graphs",
                   "logging",
                   "package_config",
                   "path",
                   "pool",
                   "pub_semver",
                   "stream_transform",
                   "yaml"
                 ]
               },
               {
                 "name": "build_daemon",
                 "version": "4.0.4",
                 "kind": "transitive",
                 "source": "hosted",
                 "dependencies": [
                   "built_collection",
                   "built_value",
                   "crypto",
                   "http_multi_server",
                   "logging",
                   "path",
                   "pool",
                   "shelf",
                   "shelf_web_socket",
                   "stream_transform",
                   "watcher",
                   "web_socket_channel"
                 ],
                 "directDependencies": [
                   "built_collection",
                   "built_value",
                   "crypto",
                   "http_multi_server",
                   "logging",
                   "path",
                   "pool",
                   "shelf",
                   "shelf_web_socket",
                   "stream_transform",
                   "watcher",
                   "web_socket_channel"
                 ]
               },
               {
                 "name": "build_config",
                 "version": "1.1.2",
                 "kind": "transitive",
                 "source": "hosted",
                 "dependencies": [
                   "checked_yaml",
                   "json_annotation",
                   "path",
                   "pubspec_parse",
                   "yaml"
                 ],
                 "directDependencies": [
                   "checked_yaml",
                   "json_annotation",
                   "path",
                   "pubspec_parse",
                   "yaml"
                 ]
               },
               {
                 "name": "hive",
                 "version": "2.2.3",
                 "kind": "transitive",
                 "source": "hosted",
                 "dependencies": [
                   "meta",
                   "crypto"
                 ],
                 "directDependencies": [
                   "meta",
                   "crypto"
                 ]
               },
               {
                 "name": "flutter_lints",
                 "version": "5.0.0",
                 "kind": "dev",
                 "source": "hosted",
                 "dependencies": [
                   "lints"
                 ],
                 "directDependencies": [
                   "lints"
                 ]
               },
               {
                 "name": "lints",
                 "version": "5.1.1",
                 "kind": "transitive",
                 "source": "hosted",
                 "dependencies": [],
                 "directDependencies": []
               },
               {
                 "name": "flutter_test",
                 "version": "0.0.0",
                 "kind": "dev",
                 "source": "sdk",
                 "dependencies": [
                   "flutter",
                   "test_api",
                   "matcher",
                   "path",
                   "fake_async",
                   "clock",
                   "stack_trace",
                   "vector_math",
                   "leak_tracker_flutter_testing",
                   "async",
                   "boolean_selector",
                   "characters",
                   "collection",
                   "leak_tracker",
                   "leak_tracker_testing",
                   "material_color_utilities",
                   "meta",
                   "source_span",
                   "stream_channel",
                   "string_scanner",
                   "term_glyph",
                   "vm_service"
                 ],
                 "directDependencies": [
                   "flutter",
                   "test_api",
                   "matcher",
                   "path",
                   "fake_async",
                   "clock",
                   "stack_trace",
                   "vector_math",
                   "leak_tracker_flutter_testing",
                   "async",
                   "boolean_selector",
                   "characters",
                   "collection",
                   "leak_tracker",
                   "leak_tracker_testing",
                   "material_color_utilities",
                   "meta",
                   "source_span",
                   "stream_channel",
                   "string_scanner",
                   "term_glyph",
                   "vm_service"
                 ]
               },
               {
                 "name": "material_color_utilities",
                 "version": "0.11.1",
                 "kind": "transitive",
                 "source": "hosted",
                 "dependencies": [
                   "collection"
                 ],
                 "directDependencies": [
                   "collection"
                 ]
               },
               {
                 "name": "leak_tracker_testing",
                 "version": "3.0.1",
                 "kind": "transitive",
                 "source": "hosted",
                 "dependencies": [
                   "leak_tracker",
                   "matcher",
                   "meta"
                 ],
                 "directDependencies": [
                   "leak_tracker",
                   "matcher",
                   "meta"
                 ]
               },
               {
                 "name": "leak_tracker",
                 "version": "10.0.9",
                 "kind": "transitive",
                 "source": "hosted",
                 "dependencies": [
                   "clock",
                   "collection",
                   "meta",
                   "path",
                   "vm_service"
                 ],
                 "directDependencies": [
                   "clock",
                   "collection",
                   "meta",
                   "path",
                   "vm_service"
                 ]
               },
               {
                 "name": "clock",
                 "version": "1.1.2",
                 "kind": "transitive",
                 "source": "hosted",
                 "dependencies": [],
                 "directDependencies": []
               },
               {
                 "name": "characters",
                 "version": "1.4.0",
                 "kind": "transitive",
                 "source": "hosted",
                 "dependencies": [],
                 "directDependencies": []
               },
               {
                 "name": "leak_tracker_flutter_testing",
                 "version": "3.0.9",
                 "kind": "transitive",
                 "source": "hosted",
                 "dependencies": [
                   "flutter",
                   "leak_tracker",
                   "leak_tracker_testing",
                   "matcher",
                   "meta"
                 ],
                 "directDependencies": [
                   "flutter",
                   "leak_tracker",
                   "leak_tracker_testing",
                   "matcher",
                   "meta"
                 ]
               },
               {
                 "name": "flutter",
                 "version": "0.0.0",
                 "kind": "direct",
                 "source": "sdk",
                 "dependencies": [
                   "characters",
                   "collection",
                   "material_color_utilities",
                   "meta",
                   "vector_math",
                   "sky_engine"
                 ],
                 "directDependencies": [
                   "characters",
                   "collection",
                   "material_color_utilities",
                   "meta",
                   "vector_math",
                   "sky_engine"
                 ]
               },
               {
                 "name": "sky_engine",
                 "version": "0.0.0",
                 "kind": "transitive",
                 "source": "sdk",
                 "dependencies": [],
                 "directDependencies": []
               },
               {
                 "name": "vector_math",
                 "version": "2.1.4",
                 "kind": "transitive",
                 "source": "hosted",
                 "dependencies": [],
                 "directDependencies": []
               },
               {
                 "name": "fake_async",
                 "version": "1.3.3",
                 "kind": "transitive",
                 "source": "hosted",
                 "dependencies": [
                   "clock",
                   "collection"
                 ],
                 "directDependencies": [
                   "clock",
                   "collection"
                 ]
               },
               {
                 "name": "hive_test",
                 "version": "1.0.1",
                 "kind": "direct",
                 "source": "hosted",
                 "dependencies": [
                   "flutter",
                   "hive",
                   "path"
                 ],
                 "directDependencies": [
                   "flutter",
                   "hive",
                   "path"
                 ]
               },
               {
                 "name": "proximity_sensor",
                 "version": "1.3.8",
                 "kind": "direct",
                 "source": "hosted",
                 "dependencies": [
                   "flutter"
                 ],
                 "directDependencies": [
                   "flutter"
                 ]
               },
               {
                 "name": "shake",
                 "version": "3.0.0",
                 "kind": "direct",
                 "source": "hosted",
                 "dependencies": [
                   "sensors_plus",
                   "flutter"
                 ],
                 "directDependencies": [
                   "sensors_plus",
                   "flutter"
                 ]
               },
               {
                 "name": "sensors_plus",
                 "version": "6.1.1",
                 "kind": "transitive",
                 "source": "hosted",
                 "dependencies": [
                   "flutter",
                   "flutter_web_plugins",
                   "sensors_plus_platform_interface"
                 ],
                 "directDependencies": [
                   "flutter",
                   "flutter_web_plugins",
                   "sensors_plus_platform_interface"
                 ]
               },
               {
                 "name": "sensors_plus_platform_interface",
                 "version": "2.0.1",
                 "kind": "transitive",
                 "source": "hosted",
                 "dependencies": [
                   "flutter",
                   "logging",
                   "meta",
                   "plugin_platform_interface"
                 ],
                 "directDependencies": [
                   "flutter",
                   "logging",
                   "meta",
                   "plugin_platform_interface"
                 ]
               },
               {
                 "name": "plugin_platform_interface",
                 "version": "2.1.8",
                 "kind": "transitive",
                 "source": "hosted",
                 "dependencies": [
                   "meta"
                 ],
                 "directDependencies": [
                   "meta"
                 ]
               },
               {
                 "name": "flutter_web_plugins",
                 "version": "0.0.0",
                 "kind": "transitive",
                 "source": "sdk",
                 "dependencies": [
                   "flutter",
                   "characters",
                   "collection",
                   "material_color_utilities",
                   "meta",
                   "vector_math"
                 ],
                 "directDependencies": [
                   "flutter",
                   "characters",
                   "collection",
                   "material_color_utilities",
                   "meta",
                   "vector_math"
                 ]
               },
               {
                 "name": "device_info_plus",
                 "version": "11.5.0",
                 "kind": "direct",
                 "source": "hosted",
                 "dependencies": [
                   "device_info_plus_platform_interface",
                   "ffi",
                   "file",
                   "flutter",
                   "flutter_web_plugins",
                   "meta",
                   "web",
                   "win32",
                   "win32_registry"
                 ],
                 "directDependencies": [
                   "device_info_plus_platform_interface",
                   "ffi",
                   "file",
                   "flutter",
                   "flutter_web_plugins",
                   "meta",
                   "web",
                   "win32",
                   "win32_registry"
                 ]
               },
               {
                 "name": "win32_registry",
                 "version": "2.1.0",
                 "kind": "transitive",
                 "source": "hosted",
                 "dependencies": [
                   "ffi",
                   "meta",
                   "win32"
                 ],
                 "directDependencies": [
                   "ffi",
                   "meta",
                   "win32"
                 ]
               },
               {
                 "name": "win32",
                 "version": "5.14.0",
                 "kind": "transitive",
                 "source": "hosted",
                 "dependencies": [
                   "ffi"
                 ],
                 "directDependencies": [
                   "ffi"
                 ]
               },
               {
                 "name": "device_info_plus_platform_interface",
                 "version": "7.0.3",
                 "kind": "transitive",
                 "source": "hosted",
                 "dependencies": [
                   "flutter",
                   "meta",
                   "plugin_platform_interface"
                 ],
                 "directDependencies": [
                   "flutter",
                   "meta",
                   "plugin_platform_interface"
                 ]
               },
               {
                 "name": "jwt_decode",
                 "version": "0.3.1",
                 "kind": "direct",
                 "source": "hosted",
                 "dependencies": [],
                 "directDependencies": []
               },
               {
                 "name": "google_fonts",
                 "version": "6.2.1",
                 "kind": "direct",
                 "source": "hosted",
                 "dependencies": [
                   "flutter",
                   "http",
                   "path_provider",
                   "crypto"
                 ],
                 "directDependencies": [
                   "flutter",
                   "http",
                   "path_provider",
                   "crypto"
                 ]
               },
               {
                 "name": "path_provider",
                 "version": "2.1.5",
                 "kind": "direct",
                 "source": "hosted",
                 "dependencies": [
                   "flutter",
                   "path_provider_android",
                   "path_provider_foundation",
                   "path_provider_linux",
                   "path_provider_platform_interface",
                   "path_provider_windows"
                 ],
                 "directDependencies": [
                   "flutter",
                   "path_provider_android",
                   "path_provider_foundation",
                   "path_provider_linux",
                   "path_provider_platform_interface",
                   "path_provider_windows"
                 ]
               },
               {
                 "name": "path_provider_windows",
                 "version": "2.3.0",
                 "kind": "transitive",
                 "source": "hosted",
                 "dependencies": [
                   "ffi",
                   "flutter",
                   "path",
                   "path_provider_platform_interface"
                 ],
                 "directDependencies": [
                   "ffi",
                   "flutter",
                   "path",
                   "path_provider_platform_interface"
                 ]
               },
               {
                 "name": "path_provider_platform_interface",
                 "version": "2.1.2",
                 "kind": "transitive",
                 "source": "hosted",
                 "dependencies": [
                   "flutter",
                   "platform",
                   "plugin_platform_interface"
                 ],
                 "directDependencies": [
                   "flutter",
                   "platform",
                   "plugin_platform_interface"
                 ]
               },
               {
                 "name": "platform",
                 "version": "3.1.6",
                 "kind": "transitive",
                 "source": "hosted",
                 "dependencies": [],
                 "directDependencies": []
               },
               {
                 "name": "path_provider_linux",
                 "version": "2.2.1",
                 "kind": "transitive",
                 "source": "hosted",
                 "dependencies": [
                   "ffi",
                   "flutter",
                   "path",
                   "path_provider_platform_interface",
                   "xdg_directories"
                 ],
                 "directDependencies": [
                   "ffi",
                   "flutter",
                   "path",
                   "path_provider_platform_interface",
                   "xdg_directories"
                 ]
               },
               {
                 "name": "xdg_directories",
                 "version": "1.1.0",
                 "kind": "transitive",
                 "source": "hosted",
                 "dependencies": [
                   "meta",
                   "path"
                 ],
                 "directDependencies": [
                   "meta",
                   "path"
                 ]
               },
               {
                 "name": "path_provider_foundation",
                 "version": "2.4.1",
                 "kind": "transitive",
                 "source": "hosted",
                 "dependencies": [
                   "flutter",
                   "path_provider_platform_interface"
                 ],
                 "directDependencies": [
                   "flutter",
                   "path_provider_platform_interface"
                 ]
               },
               {
                 "name": "path_provider_android",
                 "version": "2.2.17",
                 "kind": "transitive",
                 "source": "hosted",
                 "dependencies": [
                   "flutter",
                   "path_provider_platform_interface"
                 ],
                 "directDependencies": [
                   "flutter",
                   "path_provider_platform_interface"
                 ]
               },
               {
                 "name": "fluttertoast",
                 "version": "8.2.12",
                 "kind": "direct",
                 "source": "hosted",
                 "dependencies": [
                   "flutter",
                   "flutter_web_plugins",
                   "web"
                 ],
                 "directDependencies": [
                   "flutter",
                   "flutter_web_plugins",
                   "web"
                 ]
               },
               {
                 "name": "flutter_rating_bar",
                 "version": "4.0.1",
                 "kind": "direct",
                 "source": "hosted",
                 "dependencies": [
                   "flutter"
                 ],
                 "directDependencies": [
                   "flutter"
                 ]
               },
               {
                 "name": "flutter_local_notifications",
                 "version": "17.2.4",
                 "kind": "direct",
                 "source": "hosted",
                 "dependencies": [
                   "clock",
                   "flutter",
                   "flutter_local_notifications_linux",
                   "flutter_local_notifications_platform_interface",
                   "timezone"
                 ],
                 "directDependencies": [
                   "clock",
                   "flutter",
                   "flutter_local_notifications_linux",
                   "flutter_local_notifications_platform_interface",
                   "timezone"
                 ]
               },
               {
                 "name": "timezone",
                 "version": "0.9.4",
                 "kind": "transitive",
                 "source": "hosted",
                 "dependencies": [
                   "path"
                 ],
                 "directDependencies": [
                   "path"
                 ]
               },
               {
                 "name": "flutter_local_notifications_platform_interface",
                 "version": "7.2.0",
                 "kind": "transitive",
                 "source": "hosted",
                 "dependencies": [
                   "flutter",
                   "plugin_platform_interface"
                 ],
                 "directDependencies": [
                   "flutter",
                   "plugin_platform_interface"
                 ]
               },
               {
                 "name": "flutter_local_notifications_linux",
                 "version": "4.0.1",
                 "kind": "transitive",
                 "source": "hosted",
                 "dependencies": [
                   "dbus",
                   "ffi",
                   "flutter",
                   "flutter_local_notifications_platform_interface",
                   "path",
                   "xdg_directories"
                 ],
                 "directDependencies": [
                   "dbus",
                   "ffi",
                   "flutter",
                   "flutter_local_notifications_platform_interface",
                   "path",
                   "xdg_directories"
                 ]
               },
               {
                 "name": "dbus",
                 "version": "0.7.11",
                 "kind": "transitive",
                 "source": "hosted",
                 "dependencies": [
                   "args",
                   "ffi",
                   "meta",
                   "xml"
                 ],
                 "directDependencies": [
                   "args",
                   "ffi",
                   "meta",
                   "xml"
                 ]
               },
               {
                 "name": "json_serializable",
                 "version": "6.9.0",
                 "kind": "direct",
                 "source": "hosted",
                 "dependencies": [
                   "analyzer",
                   "async",
                   "build",
                   "build_config",
                   "collection",
                   "json_annotation",
                   "meta",
                   "path",
                   "pub_semver",
                   "pubspec_parse",
                   "source_gen",
                   "source_helper"
                 ],
                 "directDependencies": [
                   "analyzer",
                   "async",
                   "build",
                   "build_config",
                   "collection",
                   "json_annotation",
                   "meta",
                   "path",
                   "pub_semver",
                   "pubspec_parse",
                   "source_gen",
                   "source_helper"
                 ]
               },
               {
                 "name": "permission_handler",
                 "version": "12.0.0+1",
                 "kind": "direct",
                 "source": "hosted",
                 "dependencies": [
                   "flutter",
                   "meta",
                   "permission_handler_android",
                   "permission_handler_apple",
                   "permission_handler_html",
                   "permission_handler_windows",
                   "permission_handler_platform_interface"
                 ],
                 "directDependencies": [
                   "flutter",
                   "meta",
                   "permission_handler_android",
                   "permission_handler_apple",
                   "permission_handler_html",
                   "permission_handler_windows",
                   "permission_handler_platform_interface"
                 ]
               },
               {
                 "name": "permission_handler_platform_interface",
                 "version": "4.3.0",
                 "kind": "transitive",
                 "source": "hosted",
                 "dependencies": [
                   "flutter",
                   "meta",
                   "plugin_platform_interface"
                 ],
                 "directDependencies": [
                   "flutter",
                   "meta",
                   "plugin_platform_interface"
                 ]
               },
               {
                 "name": "permission_handler_windows",
                 "version": "0.2.1",
                 "kind": "transitive",
                 "source": "hosted",
                 "dependencies": [
                   "flutter",
                   "permission_handler_platform_interface"
                 ],
                 "directDependencies": [
                   "flutter",
                   "permission_handler_platform_interface"
                 ]
               },
               {
                 "name": "permission_handler_html",
                 "version": "0.1.3+5",
                 "kind": "transitive",
                 "source": "hosted",
                 "dependencies": [
                   "flutter",
                   "flutter_web_plugins",
                   "permission_handler_platform_interface",
                   "web"
                 ],
                 "directDependencies": [
                   "flutter",
                   "flutter_web_plugins",
                   "permission_handler_platform_interface",
                   "web"
                 ]
               },
               {
                 "name": "permission_handler_apple",
                 "version": "9.4.7",
                 "kind": "transitive",
                 "source": "hosted",
                 "dependencies": [
                   "flutter",
                   "permission_handler_platform_interface"
                 ],
                 "directDependencies": [
                   "flutter",
                   "permission_handler_platform_interface"
                 ]
               },
               {
                 "name": "permission_handler_android",
                 "version": "13.0.1",
                 "kind": "transitive",
                 "source": "hosted",
                 "dependencies": [
                   "flutter",
                   "permission_handler_platform_interface"
                 ],
                 "directDependencies": [
                   "flutter",
                   "permission_handler_platform_interface"
                 ]
               },
               {
                 "name": "connectivity_plus",
                 "version": "6.1.4",
                 "kind": "direct",
                 "source": "hosted",
                 "dependencies": [
                   "flutter",
                   "flutter_web_plugins",
                   "connectivity_plus_platform_interface",
                   "web",
                   "meta",
                   "nm",
                   "collection"
                 ],
                 "directDependencies": [
                   "flutter",
                   "flutter_web_plugins",
                   "connectivity_plus_platform_interface",
                   "web",
                   "meta",
                   "nm",
                   "collection"
                 ]
               },
               {
                 "name": "nm",
                 "version": "0.5.0",
                 "kind": "transitive",
                 "source": "hosted",
                 "dependencies": [
                   "dbus"
                 ],
                 "directDependencies": [
                   "dbus"
                 ]
               },
               {
                 "name": "connectivity_plus_platform_interface",
                 "version": "2.0.1",
                 "kind": "transitive",
                 "source": "hosted",
                 "dependencies": [
                   "flutter",
                   "meta",
                   "plugin_platform_interface"
                 ],
                 "directDependencies": [
                   "flutter",
                   "meta",
                   "plugin_platform_interface"
                 ]
               },
               {
                 "name": "awesome_dio_interceptor",
                 "version": "1.3.0",
                 "kind": "direct",
                 "source": "hosted",
                 "dependencies": [
                   "dio",
                   "colorize"
                 ],
                 "directDependencies": [
                   "dio",
                   "colorize"
                 ]
               },
               {
                 "name": "colorize",
                 "version": "3.0.0",
                 "kind": "transitive",
                 "source": "hosted",
                 "dependencies": [],
                 "directDependencies": []
               },
               {
                 "name": "dio",
                 "version": "5.8.0+1",
                 "kind": "direct",
                 "source": "hosted",
                 "dependencies": [
                   "async",
                   "collection",
                   "http_parser",
                   "meta",
                   "path",
                   "dio_web_adapter"
                 ],
                 "directDependencies": [
                   "async",
                   "collection",
                   "http_parser",
                   "meta",
                   "path",
                   "dio_web_adapter"
                 ]
               },
               {
                 "name": "dio_web_adapter",
                 "version": "2.1.1",
                 "kind": "transitive",
                 "source": "hosted",
                 "dependencies": [
                   "dio",
                   "http_parser",
                   "meta",
                   "web"
                 ],
                 "directDependencies": [
                   "dio",
                   "http_parser",
                   "meta",
                   "web"
                 ]
               },
               {
                 "name": "image_picker",
                 "version": "1.1.2",
                 "kind": "direct",
                 "source": "hosted",
                 "dependencies": [
                   "flutter",
                   "image_picker_android",
                   "image_picker_for_web",
                   "image_picker_ios",
                   "image_picker_linux",
                   "image_picker_macos",
                   "image_picker_platform_interface",
                   "image_picker_windows"
                 ],
                 "directDependencies": [
                   "flutter",
                   "image_picker_android",
                   "image_picker_for_web",
                   "image_picker_ios",
                   "image_picker_linux",
                   "image_picker_macos",
                   "image_picker_platform_interface",
                   "image_picker_windows"
                 ]
               },
               {
                 "name": "image_picker_windows",
                 "version": "0.2.1+1",
                 "kind": "transitive",
                 "source": "hosted",
                 "dependencies": [
                   "file_selector_platform_interface",
                   "file_selector_windows",
                   "flutter",
                   "image_picker_platform_interface"
                 ],
                 "directDependencies": [
                   "file_selector_platform_interface",
                   "file_selector_windows",
                   "flutter",
                   "image_picker_platform_interface"
                 ]
               },
               {
                 "name": "image_picker_platform_interface",
                 "version": "2.10.1",
                 "kind": "transitive",
                 "source": "hosted",
                 "dependencies": [
                   "cross_file",
                   "flutter",
                   "http",
                   "plugin_platform_interface"
                 ],
                 "directDependencies": [
                   "cross_file",
                   "flutter",
                   "http",
                   "plugin_platform_interface"
                 ]
               },
               {
                 "name": "cross_file",
                 "version": "0.3.4+2",
                 "kind": "transitive",
                 "source": "hosted",
                 "dependencies": [
                   "meta",
                   "web"
                 ],
                 "directDependencies": [
                   "meta",
                   "web"
                 ]
               },
               {
                 "name": "file_selector_windows",
                 "version": "0.9.3+4",
                 "kind": "transitive",
                 "source": "hosted",
                 "dependencies": [
                   "cross_file",
                   "file_selector_platform_interface",
                   "flutter"
                 ],
                 "directDependencies": [
                   "cross_file",
                   "file_selector_platform_interface",
                   "flutter"
                 ]
               },
               {
                 "name": "file_selector_platform_interface",
                 "version": "2.6.2",
                 "kind": "transitive",
                 "source": "hosted",
                 "dependencies": [
                   "cross_file",
                   "flutter",
                   "http",
                   "plugin_platform_interface"
                 ],
                 "directDependencies": [
                   "cross_file",
                   "flutter",
                   "http",
                   "plugin_platform_interface"
                 ]
               },
               {
                 "name": "image_picker_macos",
                 "version": "0.2.1+2",
                 "kind": "transitive",
                 "source": "hosted",
                 "dependencies": [
                   "file_selector_macos",
                   "file_selector_platform_interface",
                   "flutter",
                   "image_picker_platform_interface"
                 ],
                 "directDependencies": [
                   "file_selector_macos",
                   "file_selector_platform_interface",
                   "flutter",
                   "image_picker_platform_interface"
                 ]
               },
               {
                 "name": "file_selector_macos",
                 "version": "0.9.4+3",
                 "kind": "transitive",
                 "source": "hosted",
                 "dependencies": [
                   "cross_file",
                   "file_selector_platform_interface",
                   "flutter"
                 ],
                 "directDependencies": [
                   "cross_file",
                   "file_selector_platform_interface",
                   "flutter"
                 ]
               },
               {
                 "name": "image_picker_linux",
                 "version": "0.2.1+2",
                 "kind": "transitive",
                 "source": "hosted",
                 "dependencies": [
                   "file_selector_linux",
                   "file_selector_platform_interface",
                   "flutter",
                   "image_picker_platform_interface"
                 ],
                 "directDependencies": [
                   "file_selector_linux",
                   "file_selector_platform_interface",
                   "flutter",
                   "image_picker_platform_interface"
                 ]
               },
               {
                 "name": "file_selector_linux",
                 "version": "0.9.3+2",
                 "kind": "transitive",
                 "source": "hosted",
                 "dependencies": [
                   "cross_file",
                   "file_selector_platform_interface",
                   "flutter"
                 ],
                 "directDependencies": [
                   "cross_file",
                   "file_selector_platform_interface",
                   "flutter"
                 ]
               },
               {
                 "name": "image_picker_ios",
                 "version": "0.8.12+2",
                 "kind": "transitive",
                 "source": "hosted",
                 "dependencies": [
                   "flutter",
                   "image_picker_platform_interface"
                 ],
                 "directDependencies": [
                   "flutter",
                   "image_picker_platform_interface"
                 ]
               },
               {
                 "name": "image_picker_for_web",
                 "version": "3.0.6",
                 "kind": "transitive",
                 "source": "hosted",
                 "dependencies": [
                   "flutter",
                   "flutter_web_plugins",
                   "image_picker_platform_interface",
                   "mime",
                   "web"
                 ],
                 "directDependencies": [
                   "flutter",
                   "flutter_web_plugins",
                   "image_picker_platform_interface",
                   "mime",
                   "web"
                 ]
               },
               {
                 "name": "image_picker_android",
                 "version": "0.8.12+23",
                 "kind": "transitive",
                 "source": "hosted",
                 "dependencies": [
                   "flutter",
                   "flutter_plugin_android_lifecycle",
                   "image_picker_platform_interface"
                 ],
                 "directDependencies": [
                   "flutter",
                   "flutter_plugin_android_lifecycle",
                   "image_picker_platform_interface"
                 ]
               },
               {
                 "name": "flutter_plugin_android_lifecycle",
                 "version": "2.0.28",
                 "kind": "transitive",
                 "source": "hosted",
                 "dependencies": [
                   "flutter"
                 ],
                 "directDependencies": [
                   "flutter"
                 ]
               },
               {
                 "name": "dartz",
                 "version": "0.10.1",
                 "kind": "direct",
                 "source": "hosted",
                 "dependencies": [],
                 "directDependencies": []
               },
               {
                 "name": "uuid",
                 "version": "4.5.1",
                 "kind": "direct",
                 "source": "hosted",
                 "dependencies": [
                   "crypto",
                   "sprintf",
                   "meta",
                   "fixnum"
                 ],
                 "directDependencies": [
                   "crypto",
                   "sprintf",
                   "meta",
                   "fixnum"
                 ]
               },
               {
                 "name": "sprintf",
                 "version": "7.0.0",
                 "kind": "transitive",
                 "source": "hosted",
                 "dependencies": [],
                 "directDependencies": []
               },
               {
                 "name": "multi_select_flutter",
                 "version": "4.1.3",
                 "kind": "direct",
                 "source": "hosted",
                 "dependencies": [
                   "flutter",
                   "collection"
                 ],
                 "directDependencies": [
                   "flutter",
                   "collection"
                 ]
               },
               {
                 "name": "pretty_dio_logger",
                 "version": "1.4.0",
                 "kind": "direct",
                 "source": "hosted",
                 "dependencies": [
                   "dio"
                 ],
                 "directDependencies": [
                   "dio"
                 ]
               },
               {
                 "name": "hive_flutter",
                 "version": "1.1.0",
                 "kind": "direct",
                 "source": "hosted",
                 "dependencies": [
                   "flutter",
                   "hive",
                   "path_provider",
                   "path"
                 ],
                 "directDependencies": [
                   "flutter",
                   "hive",
                   "path_provider",
                   "path"
                 ]
               },
               {
                 "name": "get_it",
                 "version": "8.0.3",
                 "kind": "direct",
                 "source": "hosted",
                 "dependencies": [
                   "async",
                   "collection",
                   "meta"
                 ],
                 "directDependencies": [
                   "async",
                   "collection",
                   "meta"
                 ]
               },
               {
                 "name": "flutter_bloc",
                 "version": "9.1.1",
                 "kind": "direct",
                 "source": "hosted",
                 "dependencies": [
                   "bloc",
                   "flutter",
                   "provider"
                 ],
                 "directDependencies": [
                   "bloc",
                   "flutter",
                   "provider"
                 ]
               },
               {
                 "name": "provider",
                 "version": "6.1.5",
                 "kind": "transitive",
                 "source": "hosted",
                 "dependencies": [
                   "collection",
                   "flutter",
                   "nested"
                 ],
                 "directDependencies": [
                   "collection",
                   "flutter",
                   "nested"
                 ]
               },
               {
                 "name": "nested",
                 "version": "1.0.0",
                 "kind": "transitive",
                 "source": "hosted",
                 "dependencies": [
                   "flutter"
                 ],
                 "directDependencies": [
                   "flutter"
                 ]
               },
               {
                 "name": "equatable",
                 "version": "2.0.7",
                 "kind": "direct",
                 "source": "hosted",
                 "dependencies": [
                   "collection",
                   "meta"
                 ],
                 "directDependencies": [
                   "collection",
                   "meta"
                 ]
               },
               {
                 "name": "lottie",
                 "version": "3.3.1",
                 "kind": "direct",
                 "source": "hosted",
                 "dependencies": [
                   "archive",
                   "flutter",
                   "http",
                   "path",
                   "vector_math"
                 ],
                 "directDependencies": [
                   "archive",
                   "flutter",
                   "http",
                   "path",
                   "vector_math"
                 ]
               },
               {
                 "name": "shared_preferences",
                 "version": "2.5.3",
                 "kind": "direct",
                 "source": "hosted",
                 "dependencies": [
                   "flutter",
                   "shared_preferences_android",
                   "shared_preferences_foundation",
                   "shared_preferences_linux",
                   "shared_preferences_platform_interface",
                   "shared_preferences_web",
                   "shared_preferences_windows"
                 ],
                 "directDependencies": [
                   "flutter",
                   "shared_preferences_android",
                   "shared_preferences_foundation",
                   "shared_preferences_linux",
                   "shared_preferences_platform_interface",
                   "shared_preferences_web",
                   "shared_preferences_windows"
                 ]
               },
               {
                 "name": "shared_preferences_windows",
                 "version": "2.4.1",
                 "kind": "transitive",
                 "source": "hosted",
                 "dependencies": [
                   "file",
                   "flutter",
                   "path",
                   "path_provider_platform_interface",
                   "path_provider_windows",
                   "shared_preferences_platform_interface"
                 ],
                 "directDependencies": [
                   "file",
                   "flutter",
                   "path",
                   "path_provider_platform_interface",
                   "path_provider_windows",
                   "shared_preferences_platform_interface"
                 ]
               },
               {
                 "name": "shared_preferences_platform_interface",
                 "version": "2.4.1",
                 "kind": "transitive",
                 "source": "hosted",
                 "dependencies": [
                   "flutter",
                   "plugin_platform_interface"
                 ],
                 "directDependencies": [
                   "flutter",
                   "plugin_platform_interface"
                 ]
               },
               {
                 "name": "shared_preferences_web",
                 "version": "2.4.3",
                 "kind": "transitive",
                 "source": "hosted",
                 "dependencies": [
                   "flutter",
                   "flutter_web_plugins",
                   "shared_preferences_platform_interface",
                   "web"
                 ],
                 "directDependencies": [
                   "flutter",
                   "flutter_web_plugins",
                   "shared_preferences_platform_interface",
                   "web"
                 ]
               },
               {
                 "name": "shared_preferences_linux",
                 "version": "2.4.1",
                 "kind": "transitive",
                 "source": "hosted",
                 "dependencies": [
                   "file",
                   "flutter",
                   "path",
                   "path_provider_linux",
                   "path_provider_platform_interface",
                   "shared_preferences_platform_interface"
                 ],
                 "directDependencies": [
                   "file",
                   "flutter",
                   "path",
                   "path_provider_linux",
                   "path_provider_platform_interface",
                   "shared_preferences_platform_interface"
                 ]
               },
               {
                 "name": "shared_preferences_foundation",
                 "version": "2.5.4",
                 "kind": "transitive",
                 "source": "hosted",
                 "dependencies": [
                   "flutter",
                   "shared_preferences_platform_interface"
                 ],
                 "directDependencies": [
                   "flutter",
                   "shared_preferences_platform_interface"
                 ]
               },
               {
                 "name": "shared_preferences_android",
                 "version": "2.4.10",
                 "kind": "transitive",
                 "source": "hosted",
                 "dependencies": [
                   "flutter",
                   "shared_preferences_platform_interface"
                 ],
                 "directDependencies": [
                   "flutter",
                   "shared_preferences_platform_interface"
                 ]
               },
               {
                 "name": "cupertino_icons",
                 "version": "1.0.8",
                 "kind": "direct",
                 "source": "hosted",
                 "dependencies": [],
                 "directDependencies": []
               }
             ],
             "sdks": [
               {
                 "name": "Dart",
                 "version": "3.8.1"
               },
               {
                 "name": "Flutter",
                 "version": "3.32.1"
               }
             ],
             "executables": [
               "build_runner",
               "build_runner:graph_inspector",
               "flutter_launcher_icons",
               "flutter_launcher_icons:generate",
               "flutter_launcher_icons:main"
             ]
           }
[ +147 ms] Found plugin connectivity_plus at C:\Users\ri\AppData\Local\Pub\Cache\hosted\pub.dev\connectivity_plus-6.1.4\
[  +16 ms] Found plugin device_info_plus at C:\Users\ri\AppData\Local\Pub\Cache\hosted\pub.dev\device_info_plus-11.5.0\
[   +9 ms] Found plugin file_selector_linux at C:\Users\ri\AppData\Local\Pub\Cache\hosted\pub.dev\file_selector_linux-0.9.3+2\
[   +1 ms] Found plugin file_selector_macos at C:\Users\ri\AppData\Local\Pub\Cache\hosted\pub.dev\file_selector_macos-0.9.4+3\
[   +2 ms] Found plugin file_selector_windows at C:\Users\ri\AppData\Local\Pub\Cache\hosted\pub.dev\file_selector_windows-0.9.3+4\
[   +5 ms] Found plugin flutter_local_notifications at C:\Users\ri\AppData\Local\Pub\Cache\hosted\pub.dev\flutter_local_notifications-17.2.4\
[   +1 ms] Found plugin flutter_local_notifications_linux at C:\Users\ri\AppData\Local\Pub\Cache\hosted\pub.dev\flutter_local_notifications_linux-4.0.1\
[   +1 ms] Found plugin flutter_plugin_android_lifecycle at C:\Users\ri\AppData\Local\Pub\Cache\hosted\pub.dev\flutter_plugin_android_lifecycle-2.0.28\
[   +2 ms] Found plugin fluttertoast at C:\Users\ri\AppData\Local\Pub\Cache\hosted\pub.dev\fluttertoast-8.2.12\
[  +17 ms] Found plugin image_picker at C:\Users\ri\AppData\Local\Pub\Cache\hosted\pub.dev\image_picker-1.1.2\
[   +2 ms] Found plugin image_picker_android at C:\Users\ri\AppData\Local\Pub\Cache\hosted\pub.dev\image_picker_android-0.8.12+23\
[   +1 ms] Found plugin image_picker_for_web at C:\Users\ri\AppData\Local\Pub\Cache\hosted\pub.dev\image_picker_for_web-3.0.6\
[   +1 ms] Found plugin image_picker_ios at C:\Users\ri\AppData\Local\Pub\Cache\hosted\pub.dev\image_picker_ios-0.8.12+2\
[   +1 ms] Found plugin image_picker_linux at C:\Users\ri\AppData\Local\Pub\Cache\hosted\pub.dev\image_picker_linux-0.2.1+2\
[   +1 ms] Found plugin image_picker_macos at C:\Users\ri\AppData\Local\Pub\Cache\hosted\pub.dev\image_picker_macos-0.2.1+2\
[   +1 ms] Found plugin image_picker_windows at C:\Users\ri\AppData\Local\Pub\Cache\hosted\pub.dev\image_picker_windows-0.2.1+1\
[  +21 ms] Found plugin path_provider at C:\Users\ri\AppData\Local\Pub\Cache\hosted\pub.dev\path_provider-2.1.5\
[   +1 ms] Found plugin path_provider_android at C:\Users\ri\AppData\Local\Pub\Cache\hosted\pub.dev\path_provider_android-2.2.17\
[   +1 ms] Found plugin path_provider_foundation at C:\Users\ri\AppData\Local\Pub\Cache\hosted\pub.dev\path_provider_foundation-2.4.1\
[        ] Found plugin path_provider_linux at C:\Users\ri\AppData\Local\Pub\Cache\hosted\pub.dev\path_provider_linux-2.2.1\
[   +2 ms] Found plugin path_provider_windows at C:\Users\ri\AppData\Local\Pub\Cache\hosted\pub.dev\path_provider_windows-2.3.0\
[   +1 ms] Found plugin permission_handler at C:\Users\ri\AppData\Local\Pub\Cache\hosted\pub.dev\permission_handler-12.0.0+1\
[   +1 ms] Found plugin permission_handler_android at C:\Users\ri\AppData\Local\Pub\Cache\hosted\pub.dev\permission_handler_android-13.0.1\
[   +1 ms] Found plugin permission_handler_apple at C:\Users\ri\AppData\Local\Pub\Cache\hosted\pub.dev\permission_handler_apple-9.4.7\
[   +1 ms] Found plugin permission_handler_html at C:\Users\ri\AppData\Local\Pub\Cache\hosted\pub.dev\permission_handler_html-0.1.3+5\
[   +1 ms] Found plugin permission_handler_windows at C:\Users\ri\AppData\Local\Pub\Cache\hosted\pub.dev\permission_handler_windows-0.2.1\
[   +6 ms] Found plugin proximity_sensor at C:\Users\ri\AppData\Local\Pub\Cache\hosted\pub.dev\proximity_sensor-1.3.8\
[   +2 ms] Found plugin sensors_plus at C:\Users\ri\AppData\Local\Pub\Cache\hosted\pub.dev\sensors_plus-6.1.1\
[   +2 ms] Found plugin shared_preferences at C:\Users\ri\AppData\Local\Pub\Cache\hosted\pub.dev\shared_preferences-2.5.3\
[        ] Found plugin shared_preferences_android at C:\Users\ri\AppData\Local\Pub\Cache\hosted\pub.dev\shared_preferences_android-2.4.10\
[        ] Found plugin shared_preferences_foundation at C:\Users\ri\AppData\Local\Pub\Cache\hosted\pub.dev\shared_preferences_foundation-2.5.4\
[   +1 ms] Found plugin shared_preferences_linux at C:\Users\ri\AppData\Local\Pub\Cache\hosted\pub.dev\shared_preferences_linux-2.4.1\
[   +1 ms] Found plugin shared_preferences_web at C:\Users\ri\AppData\Local\Pub\Cache\hosted\pub.dev\shared_preferences_web-2.4.3\
[        ] Found plugin shared_preferences_windows at C:\Users\ri\AppData\Local\Pub\Cache\hosted\pub.dev\shared_preferences_windows-2.4.1\
[  +53 ms] executing: [C:\Users\ri\skin_muse/] C:\flutter\bin\cache\dart-sdk\bin\dart pub --suppress-analytics deps --json
[ +420 ms] {
             "root": "skin_muse",
             "packages": [
               {
                 "name": "skin_muse",
                 "version": "1.0.0+1",
                 "kind": "root",
                 "source": "root",
                 "dependencies": [
                   "flutter",
                   "cupertino_icons",
                   "shared_preferences",
                   "lottie",
                   "equatable",
                   "flutter_bloc",
                   "get_it",
                   "dio",
                   "hive_flutter",
                   "pretty_dio_logger",
                   "multi_select_flutter",
                   "uuid",
                   "dartz",
                   "path_provider",
                   "image_picker",
                   "awesome_dio_interceptor",
                   "json_annotation",
                   "connectivity_plus",
                   "permission_handler",
                   "json_serializable",
                   "async",
                   "flutter_local_notifications",
                   "flutter_rating_bar",
                   "fluttertoast",
                   "http",
                   "google_fonts",
                   "jwt_decode",
                   "device_info_plus",
                   "shake",
                   "proximity_sensor",
                   "hive_test",
                   "flutter_test",
                   "flutter_lints",
                   "build_runner",
                   "hive_generator",
                   "flutter_launcher_icons",
                   "bloc_test",
                   "mocktail"
                 ],
                 "directDependencies": [
                   "flutter",
                   "cupertino_icons",
                   "shared_preferences",
                   "lottie",
                   "equatable",
                   "flutter_bloc",
                   "get_it",
                   "dio",
                   "hive_flutter",
                   "pretty_dio_logger",
                   "multi_select_flutter",
                   "uuid",
                   "dartz",
                   "path_provider",
                   "image_picker",
                   "awesome_dio_interceptor",
                   "json_annotation",
                   "connectivity_plus",
                   "permission_handler",
                   "json_serializable",
                   "async",
                   "flutter_local_notifications",
                   "flutter_rating_bar",
                   "fluttertoast",
                   "http",
                   "google_fonts",
                   "jwt_decode",
                   "device_info_plus",
                   "shake",
                   "proximity_sensor",
                   "hive_test"
                 ],
                 "devDependencies": [
                   "flutter_test",
                   "flutter_lints",
                   "build_runner",
                   "hive_generator",
                   "flutter_launcher_icons",
                   "bloc_test",
                   "mocktail"
                 ]
               },
               {
                 "name": "mocktail",
                 "version": "1.0.4",
                 "kind": "dev",
                 "source": "hosted",
                 "dependencies": [
                   "collection",
                   "matcher",
                   "test_api"
                 ],
                 "directDependencies": [
                   "collection",
                   "matcher",
                   "test_api"
                 ]
               },
               {
                 "name": "test_api",
                 "version": "0.7.4",
                 "kind": "transitive",
                 "source": "hosted",
                 "dependencies": [
                   "async",
                   "boolean_selector",
                   "collection",
                   "meta",
                   "source_span",
                   "stack_trace",
                   "stream_channel",
                   "string_scanner",
                   "term_glyph"
                 ],
                 "directDependencies": [
                   "async",
                   "boolean_selector",
                   "collection",
                   "meta",
                   "source_span",
                   "stack_trace",
                   "stream_channel",
                   "string_scanner",
                   "term_glyph"
                 ]
               },
               {
                 "name": "term_glyph",
                 "version": "1.2.2",
                 "kind": "transitive",
                 "source": "hosted",
                 "dependencies": [],
                 "directDependencies": []
               },
               {
                 "name": "string_scanner",
                 "version": "1.4.1",
                 "kind": "transitive",
                 "source": "hosted",
                 "dependencies": [
                   "source_span"
                 ],
                 "directDependencies": [
                   "source_span"
                 ]
               },
               {
                 "name": "source_span",
                 "version": "1.10.1",
                 "kind": "transitive",
                 "source": "hosted",
                 "dependencies": [
                   "collection",
                   "path",
                   "term_glyph"
                 ],
                 "directDependencies": [
                   "collection",
                   "path",
                   "term_glyph"
                 ]
               },
               {
                 "name": "path",
                 "version": "1.9.1",
                 "kind": "transitive",
                 "source": "hosted",
                 "dependencies": [],
                 "directDependencies": []
               },
               {
                 "name": "collection",
                 "version": "1.19.1",
                 "kind": "transitive",
                 "source": "hosted",
                 "dependencies": [],
                 "directDependencies": []
               },
               {
                 "name": "stream_channel",
                 "version": "2.1.4",
                 "kind": "transitive",
                 "source": "hosted",
                 "dependencies": [
                   "async"
                 ],
                 "directDependencies": [
                   "async"
                 ]
               },
               {
                 "name": "async",
                 "version": "2.13.0",
                 "kind": "direct",
                 "source": "hosted",
                 "dependencies": [
                   "collection",
                   "meta"
                 ],
                 "directDependencies": [
                   "collection",
                   "meta"
                 ]
               },
               {
                 "name": "meta",
                 "version": "1.16.0",
                 "kind": "transitive",
                 "source": "hosted",
                 "dependencies": [],
                 "directDependencies": []
               },
               {
                 "name": "stack_trace",
                 "version": "1.12.1",
                 "kind": "transitive",
                 "source": "hosted",
                 "dependencies": [
                   "path"
                 ],
                 "directDependencies": [
                   "path"
                 ]
               },
               {
                 "name": "boolean_selector",
                 "version": "2.1.2",
                 "kind": "transitive",
                 "source": "hosted",
                 "dependencies": [
                   "source_span",
                   "string_scanner"
                 ],
                 "directDependencies": [
                   "source_span",
                   "string_scanner"
                 ]
               },
               {
                 "name": "matcher",
                 "version": "0.12.17",
                 "kind": "transitive",
                 "source": "hosted",
                 "dependencies": [
                   "async",
                   "meta",
                   "stack_trace",
                   "term_glyph",
                   "test_api"
                 ],
                 "directDependencies": [
                   "async",
                   "meta",
                   "stack_trace",
                   "term_glyph",
                   "test_api"
                 ]
               },
               {
                 "name": "bloc_test",
                 "version": "10.0.0",
                 "kind": "dev",
                 "source": "hosted",
                 "dependencies": [
                   "bloc",
                   "diff_match_patch",
                   "meta",
                   "mocktail",
                   "test"
                 ],
                 "directDependencies": [
                   "bloc",
                   "diff_match_patch",
                   "meta",
                   "mocktail",
                   "test"
                 ]
               },
               {
                 "name": "test",
                 "version": "1.25.15",
                 "kind": "transitive",
                 "source": "hosted",
                 "dependencies": [
                   "analyzer",
                   "async",
                   "boolean_selector",
                   "collection",
                   "coverage",
                   "http_multi_server",
                   "io",
                   "js",
                   "matcher",
                   "node_preamble",
                   "package_config",
                   "path",
                   "pool",
                   "shelf",
                   "shelf_packages_handler",
                   "shelf_static",
                   "shelf_web_socket",
                   "source_span",
                   "stack_trace",
                   "stream_channel",
                   "test_api",
                   "test_core",
                   "typed_data",
                   "web_socket_channel",
                   "webkit_inspection_protocol",
                   "yaml"
                 ],
                 "directDependencies": [
                   "analyzer",
                   "async",
                   "boolean_selector",
                   "collection",
                   "coverage",
                   "http_multi_server",
                   "io",
                   "js",
                   "matcher",
                   "node_preamble",
                   "package_config",
                   "path",
                   "pool",
                   "shelf",
                   "shelf_packages_handler",
                   "shelf_static",
                   "shelf_web_socket",
                   "source_span",
                   "stack_trace",
                   "stream_channel",
                   "test_api",
                   "test_core",
                   "typed_data",
                   "web_socket_channel",
                   "webkit_inspection_protocol",
                   "yaml"
                 ]
               },
               {
                 "name": "yaml",
                 "version": "3.1.3",
                 "kind": "transitive",
                 "source": "hosted",
                 "dependencies": [
                   "collection",
                   "source_span",
                   "string_scanner"
                 ],
                 "directDependencies": [
                   "collection",
                   "source_span",
                   "string_scanner"
                 ]
               },
               {
                 "name": "webkit_inspection_protocol",
                 "version": "1.2.1",
                 "kind": "transitive",
                 "source": "hosted",
                 "dependencies": [
                   "logging"
                 ],
                 "directDependencies": [
                   "logging"
                 ]
               },
               {
                 "name": "logging",
                 "version": "1.3.0",
                 "kind": "transitive",
                 "source": "hosted",
                 "dependencies": [],
                 "directDependencies": []
               },
               {
                 "name": "web_socket_channel",
                 "version": "3.0.3",
                 "kind": "transitive",
                 "source": "hosted",
                 "dependencies": [
                   "async",
                   "crypto",
                   "stream_channel",
                   "web",
                   "web_socket"
                 ],
                 "directDependencies": [
                   "async",
                   "crypto",
                   "stream_channel",
                   "web",
                   "web_socket"
                 ]
               },
               {
                 "name": "web_socket",
                 "version": "1.0.1",
                 "kind": "transitive",
                 "source": "hosted",
                 "dependencies": [
                   "web"
                 ],
                 "directDependencies": [
                   "web"
                 ]
               },
               {
                 "name": "web",
                 "version": "1.1.1",
                 "kind": "transitive",
                 "source": "hosted",
                 "dependencies": [],
                 "directDependencies": []
               },
               {
                 "name": "crypto",
                 "version": "3.0.6",
                 "kind": "transitive",
                 "source": "hosted",
                 "dependencies": [
                   "typed_data"
                 ],
                 "directDependencies": [
                   "typed_data"
                 ]
               },
               {
                 "name": "typed_data",
                 "version": "1.4.0",
                 "kind": "transitive",
                 "source": "hosted",
                 "dependencies": [
                   "collection"
                 ],
                 "directDependencies": [
                   "collection"
                 ]
               },
               {
                 "name": "test_core",
                 "version": "0.6.8",
                 "kind": "transitive",
                 "source": "hosted",
                 "dependencies": [
                   "analyzer",
                   "args",
                   "async",
                   "boolean_selector",
                   "collection",
                   "coverage",
                   "frontend_server_client",
                   "glob",
                   "io",
                   "meta",
                   "package_config",
                   "path",
                   "pool",
                   "source_map_stack_trace",
                   "source_maps",
                   "source_span",
                   "stack_trace",
                   "stream_channel",
                   "test_api",
                   "vm_service",
                   "yaml"
                 ],
                 "directDependencies": [
                   "analyzer",
                   "args",
                   "async",
                   "boolean_selector",
                   "collection",
                   "coverage",
                   "frontend_server_client",
                   "glob",
                   "io",
                   "meta",
                   "package_config",
                   "path",
                   "pool",
                   "source_map_stack_trace",
                   "source_maps",
                   "source_span",
                   "stack_trace",
                   "stream_channel",
                   "test_api",
                   "vm_service",
                   "yaml"
                 ]
               },
               {
                 "name": "vm_service",
                 "version": "15.0.0",
                 "kind": "transitive",
                 "source": "hosted",
                 "dependencies": [],
                 "directDependencies": []
               },
               {
                 "name": "source_maps",
                 "version": "0.10.13",
                 "kind": "transitive",
                 "source": "hosted",
                 "dependencies": [
                   "source_span"
                 ],
                 "directDependencies": [
                   "source_span"
                 ]
               },
               {
                 "name": "source_map_stack_trace",
                 "version": "2.1.2",
                 "kind": "transitive",
                 "source": "hosted",
                 "dependencies": [
                   "path",
                   "source_maps",
                   "stack_trace"
                 ],
                 "directDependencies": [
                   "path",
                   "source_maps",
                   "stack_trace"
                 ]
               },
               {
                 "name": "pool",
                 "version": "1.5.1",
                 "kind": "transitive",
                 "source": "hosted",
                 "dependencies": [
                   "async",
                   "stack_trace"
                 ],
                 "directDependencies": [
                   "async",
                   "stack_trace"
                 ]
               },
               {
                 "name": "package_config",
                 "version": "2.2.0",
                 "kind": "transitive",
                 "source": "hosted",
                 "dependencies": [
                   "path"
                 ],
                 "directDependencies": [
                   "path"
                 ]
               },
               {
                 "name": "io",
                 "version": "1.0.5",
                 "kind": "transitive",
                 "source": "hosted",
                 "dependencies": [
                   "meta",
                   "path",
                   "string_scanner"
                 ],
                 "directDependencies": [
                   "meta",
                   "path",
                   "string_scanner"
                 ]
               },
               {
                 "name": "glob",
                 "version": "2.1.3",
                 "kind": "transitive",
                 "source": "hosted",
                 "dependencies": [
                   "async",
                   "collection",
                   "file",
                   "path",
                   "string_scanner"
                 ],
                 "directDependencies": [
                   "async",
                   "collection",
                   "file",
                   "path",
                   "string_scanner"
                 ]
               },
               {
                 "name": "file",
                 "version": "7.0.1",
                 "kind": "transitive",
                 "source": "hosted",
                 "dependencies": [
                   "meta",
                   "path"
                 ],
                 "directDependencies": [
                   "meta",
                   "path"
                 ]
               },
               {
                 "name": "frontend_server_client",
                 "version": "4.0.0",
                 "kind": "transitive",
                 "source": "hosted",
                 "dependencies": [
                   "async",
                   "path"
                 ],
                 "directDependencies": [
                   "async",
                   "path"
                 ]
               },
               {
                 "name": "coverage",
                 "version": "1.15.0",
                 "kind": "transitive",
                 "source": "hosted",
                 "dependencies": [
                   "args",
                   "cli_config",
                   "glob",
                   "logging",
                   "meta",
                   "package_config",
                   "path",
                   "source_maps",
                   "stack_trace",
                   "vm_service",
                   "yaml"
                 ],
                 "directDependencies": [
                   "args",
                   "cli_config",
                   "glob",
                   "logging",
                   "meta",
                   "package_config",
                   "path",
                   "source_maps",
                   "stack_trace",
                   "vm_service",
                   "yaml"
                 ]
               },
               {
                 "name": "cli_config",
                 "version": "0.2.0",
                 "kind": "transitive",
                 "source": "hosted",
                 "dependencies": [
                   "args",
                   "yaml"
                 ],
                 "directDependencies": [
                   "args",
                   "yaml"
                 ]
               },
               {
                 "name": "args",
                 "version": "2.7.0",
                 "kind": "transitive",
                 "source": "hosted",
                 "dependencies": [],
                 "directDependencies": []
               },
               {
                 "name": "analyzer",
                 "version": "6.11.0",
                 "kind": "transitive",
                 "source": "hosted",
                 "dependencies": [
                   "_fe_analyzer_shared",
                   "collection",
                   "convert",
                   "crypto",
                   "glob",
                   "macros",
                   "meta",
                   "package_config",
                   "path",
                   "pub_semver",
                   "source_span",
                   "watcher",
                   "yaml"
                 ],
                 "directDependencies": [
                   "_fe_analyzer_shared",
                   "collection",
                   "convert",
                   "crypto",
                   "glob",
                   "macros",
                   "meta",
                   "package_config",
                   "path",
                   "pub_semver",
                   "source_span",
                   "watcher",
                   "yaml"
                 ]
               },
               {
                 "name": "watcher",
                 "version": "1.1.2",
                 "kind": "transitive",
                 "source": "hosted",
                 "dependencies": [
                   "async",
                   "path"
                 ],
                 "directDependencies": [
                   "async",
                   "path"
                 ]
               },
               {
                 "name": "pub_semver",
                 "version": "2.2.0",
                 "kind": "transitive",
                 "source": "hosted",
                 "dependencies": [
                   "collection"
                 ],
                 "directDependencies": [
                   "collection"
                 ]
               },
               {
                 "name": "macros",
                 "version": "0.1.3-main.0",
                 "kind": "transitive",
                 "source": "hosted",
                 "dependencies": [
                   "_macros"
                 ],
                 "directDependencies": [
                   "_macros"
                 ]
               },
               {
                 "name": "_macros",
                 "version": "0.3.3",
                 "kind": "transitive",
                 "source": "sdk",
                 "dependencies": [],
                 "directDependencies": []
               },
               {
                 "name": "convert",
                 "version": "3.1.2",
                 "kind": "transitive",
                 "source": "hosted",
                 "dependencies": [
                   "typed_data"
                 ],
                 "directDependencies": [
                   "typed_data"
                 ]
               },
               {
                 "name": "_fe_analyzer_shared",
                 "version": "76.0.0",
                 "kind": "transitive",
                 "source": "hosted",
                 "dependencies": [
                   "meta"
                 ],
                 "directDependencies": [
                   "meta"
                 ]
               },
               {
                 "name": "shelf_web_socket",
                 "version": "3.0.0",
                 "kind": "transitive",
                 "source": "hosted",
                 "dependencies": [
                   "shelf",
                   "stream_channel",
                   "web_socket_channel"
                 ],
                 "directDependencies": [
                   "shelf",
                   "stream_channel",
                   "web_socket_channel"
                 ]
               },
               {
                 "name": "shelf",
                 "version": "1.4.2",
                 "kind": "transitive",
                 "source": "hosted",
                 "dependencies": [
                   "async",
                   "collection",
                   "http_parser",
                   "path",
                   "stack_trace",
                   "stream_channel"
                 ],
                 "directDependencies": [
                   "async",
                   "collection",
                   "http_parser",
                   "path",
                   "stack_trace",
                   "stream_channel"
                 ]
               },
               {
                 "name": "http_parser",
                 "version": "4.1.2",
                 "kind": "transitive",
                 "source": "hosted",
                 "dependencies": [
                   "collection",
                   "source_span",
                   "string_scanner",
                   "typed_data"
                 ],
                 "directDependencies": [
                   "collection",
                   "source_span",
                   "string_scanner",
                   "typed_data"
                 ]
               },
               {
                 "name": "shelf_static",
                 "version": "1.1.3",
                 "kind": "transitive",
                 "source": "hosted",
                 "dependencies": [
                   "convert",
                   "http_parser",
                   "mime",
                   "path",
                   "shelf"
                 ],
                 "directDependencies": [
                   "convert",
                   "http_parser",
                   "mime",
                   "path",
                   "shelf"
                 ]
               },
               {
                 "name": "mime",
                 "version": "2.0.0",
                 "kind": "transitive",
                 "source": "hosted",
                 "dependencies": [],
                 "directDependencies": []
               },
               {
                 "name": "shelf_packages_handler",
                 "version": "3.0.2",
                 "kind": "transitive",
                 "source": "hosted",
                 "dependencies": [
                   "path",
                   "shelf",
                   "shelf_static"
                 ],
                 "directDependencies": [
                   "path",
                   "shelf",
                   "shelf_static"
                 ]
               },
               {
                 "name": "node_preamble",
                 "version": "2.0.2",
                 "kind": "transitive",
                 "source": "hosted",
                 "dependencies": [],
                 "directDependencies": []
               },
               {
                 "name": "js",
                 "version": "0.7.2",
                 "kind": "transitive",
                 "source": "hosted",
                 "dependencies": [],
                 "directDependencies": []
               },
               {
                 "name": "http_multi_server",
                 "version": "3.2.2",
                 "kind": "transitive",
                 "source": "hosted",
                 "dependencies": [
                   "async"
                 ],
                 "directDependencies": [
                   "async"
                 ]
               },
               {
                 "name": "diff_match_patch",
                 "version": "0.4.1",
                 "kind": "transitive",
                 "source": "hosted",
                 "dependencies": [],
                 "directDependencies": []
               },
               {
                 "name": "bloc",
                 "version": "9.0.0",
                 "kind": "transitive",
                 "source": "hosted",
                 "dependencies": [
                   "meta"
                 ],
                 "directDependencies": [
                   "meta"
                 ]
               },
               {
                 "name": "flutter_launcher_icons",
                 "version": "0.13.1",
                 "kind": "dev",
                 "source": "hosted",
                 "dependencies": [
                   "args",
                   "checked_yaml",
                   "cli_util",
                   "image",
                   "json_annotation",
                   "path",
                   "yaml"
                 ],
                 "directDependencies": [
                   "args",
                   "checked_yaml",
                   "cli_util",
                   "image",
                   "json_annotation",
                   "path",
                   "yaml"
                 ]
               },
               {
                 "name": "json_annotation",
                 "version": "4.9.0",
                 "kind": "direct",
                 "source": "hosted",
                 "dependencies": [
                   "meta"
                 ],
                 "directDependencies": [
                   "meta"
                 ]
               },
               {
                 "name": "image",
                 "version": "4.5.4",
                 "kind": "transitive",
                 "source": "hosted",
                 "dependencies": [
                   "archive",
                   "meta",
                   "xml"
                 ],
                 "directDependencies": [
                   "archive",
                   "meta",
                   "xml"
                 ]
               },
               {
                 "name": "xml",
                 "version": "6.5.0",
                 "kind": "transitive",
                 "source": "hosted",
                 "dependencies": [
                   "collection",
                   "meta",
                   "petitparser"
                 ],
                 "directDependencies": [
                   "collection",
                   "meta",
                   "petitparser"
                 ]
               },
               {
                 "name": "petitparser",
                 "version": "6.1.0",
                 "kind": "transitive",
                 "source": "hosted",
                 "dependencies": [
                   "meta",
                   "collection"
                 ],
                 "directDependencies": [
                   "meta",
                   "collection"
                 ]
               },
               {
                 "name": "archive",
                 "version": "4.0.7",
                 "kind": "transitive",
                 "source": "hosted",
                 "dependencies": [
                   "crypto",
                   "path",
                   "posix"
                 ],
                 "directDependencies": [
                   "crypto",
                   "path",
                   "posix"
                 ]
               },
               {
                 "name": "posix",
                 "version": "6.0.2",
                 "kind": "transitive",
                 "source": "hosted",
                 "dependencies": [
                   "ffi",
                   "meta",
                   "path"
                 ],
                 "directDependencies": [
                   "ffi",
                   "meta",
                   "path"
                 ]
               },
               {
                 "name": "ffi",
                 "version": "2.1.4",
                 "kind": "transitive",
                 "source": "hosted",
                 "dependencies": [],
                 "directDependencies": []
               },
               {
                 "name": "cli_util",
                 "version": "0.4.2",
                 "kind": "transitive",
                 "source": "hosted",
                 "dependencies": [
                   "meta",
                   "path"
                 ],
                 "directDependencies": [
                   "meta",
                   "path"
                 ]
               },
               {
                 "name": "checked_yaml",
                 "version": "2.0.4",
                 "kind": "transitive",
                 "source": "hosted",
                 "dependencies": [
                   "json_annotation",
                   "source_span",
                   "yaml"
                 ],
                 "directDependencies": [
                   "json_annotation",
                   "source_span",
                   "yaml"
                 ]
               },
               {
                 "name": "hive_generator",
                 "version": "2.0.1",
                 "kind": "dev",
                 "source": "hosted",
                 "dependencies": [
                   "build",
                   "source_gen",
                   "hive",
                   "analyzer",
                   "source_helper"
                 ],
                 "directDependencies": [
                   "build",
                   "source_gen",
                   "hive",
                   "analyzer",
                   "source_helper"
                 ]
               },
               {
                 "name": "source_helper",
                 "version": "1.3.5",
                 "kind": "transitive",
                 "source": "hosted",
                 "dependencies": [
                   "analyzer",
                   "collection",
                   "source_gen"
                 ],
                 "directDependencies": [
                   "analyzer",
                   "collection",
                   "source_gen"
                 ]
               },
               {
                 "name": "source_gen",
                 "version": "1.5.0",
                 "kind": "transitive",
                 "source": "hosted",
                 "dependencies": [
                   "analyzer",
                   "async",
                   "build",
                   "dart_style",
                   "glob",
                   "path",
                   "source_span",
                   "yaml"
                 ],
                 "directDependencies": [
                   "analyzer",
                   "async",
                   "build",
                   "dart_style",
                   "glob",
                   "path",
                   "source_span",
                   "yaml"
                 ]
               },
               {
                 "name": "dart_style",
                 "version": "2.3.8",
                 "kind": "transitive",
                 "source": "hosted",
                 "dependencies": [
                   "analyzer",
                   "args",
                   "collection",
                   "package_config",
                   "path",
                   "pub_semver",
                   "source_span"
                 ],
                 "directDependencies": [
                   "analyzer",
                   "args",
                   "collection",
                   "package_config",
                   "path",
                   "pub_semver",
                   "source_span"
                 ]
               },
               {
                 "name": "build",
                 "version": "2.5.0",
                 "kind": "transitive",
                 "source": "hosted",
                 "dependencies": [
                   "analyzer",
                   "async",
                   "build_runner_core",
                   "built_collection",
                   "built_value",
                   "convert",
                   "crypto",
                   "glob",
                   "graphs",
                   "logging",
                   "meta",
                   "package_config",
                   "path",
                   "pool"
                 ],
                 "directDependencies": [
                   "analyzer",
                   "async",
                   "build_runner_core",
                   "built_collection",
                   "built_value",
                   "convert",
                   "crypto",
                   "glob",
                   "graphs",
                   "logging",
                   "meta",
                   "package_config",
                   "path",
                   "pool"
                 ]
               },
               {
                 "name": "graphs",
                 "version": "2.3.2",
                 "kind": "transitive",
                 "source": "hosted",
                 "dependencies": [
                   "collection"
                 ],
                 "directDependencies": [
                   "collection"
                 ]
               },
               {
                 "name": "built_value",
                 "version": "8.10.1",
                 "kind": "transitive",
                 "source": "hosted",
                 "dependencies": [
                   "built_collection",
                   "collection",
                   "fixnum",
                   "meta"
                 ],
                 "directDependencies": [
                   "built_collection",
                   "collection",
                   "fixnum",
                   "meta"
                 ]
               },
               {
                 "name": "fixnum",
                 "version": "1.1.1",
                 "kind": "transitive",
                 "source": "hosted",
                 "dependencies": [],
                 "directDependencies": []
               },
               {
                 "name": "built_collection",
                 "version": "5.1.1",
                 "kind": "transitive",
                 "source": "hosted",
                 "dependencies": [],
                 "directDependencies": []
               },
               {
                 "name": "build_runner_core",
                 "version": "9.0.0",
                 "kind": "transitive",
                 "source": "hosted",
                 "dependencies": [
                   "analyzer",
                   "async",
                   "build",
                   "build_config",
                   "build_resolvers",
                   "build_runner",
                   "built_collection",
                   "built_value",
                   "collection",
                   "convert",
                   "crypto",
                   "glob",
                   "graphs",
                   "json_annotation",
                   "logging",
                   "meta",
                   "package_config",
                   "path",
                   "pool",
                   "timing",
                   "watcher",
                   "yaml"
                 ],
                 "directDependencies": [
                   "analyzer",
                   "async",
                   "build",
                   "build_config",
                   "build_resolvers",
                   "build_runner",
                   "built_collection",
                   "built_value",
                   "collection",
                   "convert",
                   "crypto",
                   "glob",
                   "graphs",
                   "json_annotation",
                   "logging",
                   "meta",
                   "package_config",
                   "path",
                   "pool",
                   "timing",
                   "watcher",
                   "yaml"
                 ]
               },
               {
                 "name": "timing",
                 "version": "1.0.2",
                 "kind": "transitive",
                 "source": "hosted",
                 "dependencies": [
                   "json_annotation"
                 ],
                 "directDependencies": [
                   "json_annotation"
                 ]
               },
               {
                 "name": "build_runner",
                 "version": "2.5.0",
                 "kind": "dev",
                 "source": "hosted",
                 "dependencies": [
                   "analyzer",
                   "args",
                   "async",
                   "build",
                   "build_config",
                   "build_daemon",
                   "build_resolvers",
                   "build_runner_core",
                   "code_builder",
                   "collection",
                   "crypto",
                   "dart_style",
                   "frontend_server_client",
                   "glob",
                   "graphs",
                   "http",
                   "http_multi_server",
                   "io",
                   "js",
                   "logging",
                   "meta",
                   "mime",
                   "package_config",
                   "path",
                   "pool",
                   "pub_semver",
                   "pubspec_parse",
                   "shelf",
                   "shelf_web_socket",
                   "stack_trace",
                   "stream_transform",
                   "timing",
                   "watcher",
                   "web",
                   "web_socket_channel",
                   "yaml"
                 ],
                 "directDependencies": [
                   "analyzer",
                   "args",
                   "async",
                   "build",
                   "build_config",
                   "build_daemon",
                   "build_resolvers",
                   "build_runner_core",
                   "code_builder",
                   "collection",
                   "crypto",
                   "dart_style",
                   "frontend_server_client",
                   "glob",
                   "graphs",
                   "http",
                   "http_multi_server",
                   "io",
                   "js",
                   "logging",
                   "meta",
                   "mime",
                   "package_config",
                   "path",
                   "pool",
                   "pub_semver",
                   "pubspec_parse",
                   "shelf",
                   "shelf_web_socket",
                   "stack_trace",
                   "stream_transform",
                   "timing",
                   "watcher",
                   "web",
                   "web_socket_channel",
                   "yaml"
                 ]
               },
               {
                 "name": "stream_transform",
                 "version": "2.1.1",
                 "kind": "transitive",
                 "source": "hosted",
                 "dependencies": [],
                 "directDependencies": []
               },
               {
                 "name": "pubspec_parse",
                 "version": "1.5.0",
                 "kind": "transitive",
                 "source": "hosted",
                 "dependencies": [
                   "checked_yaml",
                   "collection",
                   "json_annotation",
                   "pub_semver",
                   "yaml"
                 ],
                 "directDependencies": [
                   "checked_yaml",
                   "collection",
                   "json_annotation",
                   "pub_semver",
                   "yaml"
                 ]
               },
               {
                 "name": "http",
                 "version": "1.4.0",
                 "kind": "direct",
                 "source": "hosted",
                 "dependencies": [
                   "async",
                   "http_parser",
                   "meta",
                   "web"
                 ],
                 "directDependencies": [
                   "async",
                   "http_parser",
                   "meta",
                   "web"
                 ]
               },
               {
                 "name": "code_builder",
                 "version": "4.10.1",
                 "kind": "transitive",
                 "source": "hosted",
                 "dependencies": [
                   "built_collection",
                   "built_value",
                   "collection",
                   "matcher",
                   "meta"
                 ],
                 "directDependencies": [
                   "built_collection",
                   "built_value",
                   "collection",
                   "matcher",
                   "meta"
                 ]
               },
               {
                 "name": "build_resolvers",
                 "version": "2.5.0",
                 "kind": "transitive",
                 "source": "hosted",
                 "dependencies": [
                   "analyzer",
                   "async",
                   "build",
                   "build_runner_core",
                   "collection",
                   "convert",
                   "crypto",
                   "graphs",
                   "logging",
                   "package_config",
                   "path",
                   "pool",
                   "pub_semver",
                   "stream_transform",
                   "yaml"
                 ],
                 "directDependencies": [
                   "analyzer",
                   "async",
                   "build",
                   "build_runner_core",
                   "collection",
                   "convert",
                   "crypto",
                   "graphs",
                   "logging",
                   "package_config",
                   "path",
                   "pool",
                   "pub_semver",
                   "stream_transform",
                   "yaml"
                 ]
               },
               {
                 "name": "build_daemon",
                 "version": "4.0.4",
                 "kind": "transitive",
                 "source": "hosted",
                 "dependencies": [
                   "built_collection",
                   "built_value",
                   "crypto",
                   "http_multi_server",
                   "logging",
                   "path",
                   "pool",
                   "shelf",
                   "shelf_web_socket",
                   "stream_transform",
                   "watcher",
                   "web_socket_channel"
                 ],
                 "directDependencies": [
                   "built_collection",
                   "built_value",
                   "crypto",
                   "http_multi_server",
                   "logging",
                   "path",
                   "pool",
                   "shelf",
                   "shelf_web_socket",
                   "stream_transform",
                   "watcher",
                   "web_socket_channel"
                 ]
               },
               {
                 "name": "build_config",
                 "version": "1.1.2",
                 "kind": "transitive",
                 "source": "hosted",
                 "dependencies": [
                   "checked_yaml",
                   "json_annotation",
                   "path",
                   "pubspec_parse",
                   "yaml"
                 ],
                 "directDependencies": [
                   "checked_yaml",
                   "json_annotation",
                   "path",
                   "pubspec_parse",
                   "yaml"
                 ]
               },
               {
                 "name": "hive",
                 "version": "2.2.3",
                 "kind": "transitive",
                 "source": "hosted",
                 "dependencies": [
                   "meta",
                   "crypto"
                 ],
                 "directDependencies": [
                   "meta",
                   "crypto"
                 ]
               },
               {
                 "name": "flutter_lints",
                 "version": "5.0.0",
                 "kind": "dev",
                 "source": "hosted",
                 "dependencies": [
                   "lints"
                 ],
                 "directDependencies": [
                   "lints"
                 ]
               },
               {
                 "name": "lints",
                 "version": "5.1.1",
                 "kind": "transitive",
                 "source": "hosted",
                 "dependencies": [],
                 "directDependencies": []
               },
               {
                 "name": "flutter_test",
                 "version": "0.0.0",
                 "kind": "dev",
                 "source": "sdk",
                 "dependencies": [
                   "flutter",
                   "test_api",
                   "matcher",
                   "path",
                   "fake_async",
                   "clock",
                   "stack_trace",
                   "vector_math",
                   "leak_tracker_flutter_testing",
                   "async",
                   "boolean_selector",
                   "characters",
                   "collection",
                   "leak_tracker",
                   "leak_tracker_testing",
                   "material_color_utilities",
                   "meta",
                   "source_span",
                   "stream_channel",
                   "string_scanner",
                   "term_glyph",
                   "vm_service"
                 ],
                 "directDependencies": [
                   "flutter",
                   "test_api",
                   "matcher",
                   "path",
                   "fake_async",
                   "clock",
                   "stack_trace",
                   "vector_math",
                   "leak_tracker_flutter_testing",
                   "async",
                   "boolean_selector",
                   "characters",
                   "collection",
                   "leak_tracker",
                   "leak_tracker_testing",
                   "material_color_utilities",
                   "meta",
                   "source_span",
                   "stream_channel",
                   "string_scanner",
                   "term_glyph",
                   "vm_service"
                 ]
               },
               {
                 "name": "material_color_utilities",
                 "version": "0.11.1",
                 "kind": "transitive",
                 "source": "hosted",
                 "dependencies": [
                   "collection"
                 ],
                 "directDependencies": [
                   "collection"
                 ]
               },
               {
                 "name": "leak_tracker_testing",
                 "version": "3.0.1",
                 "kind": "transitive",
                 "source": "hosted",
                 "dependencies": [
                   "leak_tracker",
                   "matcher",
                   "meta"
                 ],
                 "directDependencies": [
                   "leak_tracker",
                   "matcher",
                   "meta"
                 ]
               },
               {
                 "name": "leak_tracker",
                 "version": "10.0.9",
                 "kind": "transitive",
                 "source": "hosted",
                 "dependencies": [
                   "clock",
                   "collection",
                   "meta",
                   "path",
                   "vm_service"
                 ],
                 "directDependencies": [
                   "clock",
                   "collection",
                   "meta",
                   "path",
                   "vm_service"
                 ]
               },
               {
                 "name": "clock",
                 "version": "1.1.2",
                 "kind": "transitive",
                 "source": "hosted",
                 "dependencies": [],
                 "directDependencies": []
               },
               {
                 "name": "characters",
                 "version": "1.4.0",
                 "kind": "transitive",
                 "source": "hosted",
                 "dependencies": [],
                 "directDependencies": []
               },
               {
                 "name": "leak_tracker_flutter_testing",
                 "version": "3.0.9",
                 "kind": "transitive",
                 "source": "hosted",
                 "dependencies": [
                   "flutter",
                   "leak_tracker",
                   "leak_tracker_testing",
                   "matcher",
                   "meta"
                 ],
                 "directDependencies": [
                   "flutter",
                   "leak_tracker",
                   "leak_tracker_testing",
                   "matcher",
                   "meta"
                 ]
               },
               {
                 "name": "flutter",
                 "version": "0.0.0",
                 "kind": "direct",
                 "source": "sdk",
                 "dependencies": [
                   "characters",
                   "collection",
                   "material_color_utilities",
                   "meta",
                   "vector_math",
                   "sky_engine"
                 ],
                 "directDependencies": [
                   "characters",
                   "collection",
                   "material_color_utilities",
                   "meta",
                   "vector_math",
                   "sky_engine"
                 ]
               },
               {
                 "name": "sky_engine",
                 "version": "0.0.0",
                 "kind": "transitive",
                 "source": "sdk",
                 "dependencies": [],
                 "directDependencies": []
               },
               {
                 "name": "vector_math",
                 "version": "2.1.4",
                 "kind": "transitive",
                 "source": "hosted",
                 "dependencies": [],
                 "directDependencies": []
               },
               {
                 "name": "fake_async",
                 "version": "1.3.3",
                 "kind": "transitive",
                 "source": "hosted",
                 "dependencies": [
                   "clock",
                   "collection"
                 ],
                 "directDependencies": [
                   "clock",
                   "collection"
                 ]
               },
               {
                 "name": "hive_test",
                 "version": "1.0.1",
                 "kind": "direct",
                 "source": "hosted",
                 "dependencies": [
                   "flutter",
                   "hive",
                   "path"
                 ],
                 "directDependencies": [
                   "flutter",
                   "hive",
                   "path"
                 ]
               },
               {
                 "name": "proximity_sensor",
                 "version": "1.3.8",
                 "kind": "direct",
                 "source": "hosted",
                 "dependencies": [
                   "flutter"
                 ],
                 "directDependencies": [
                   "flutter"
                 ]
               },
               {
                 "name": "shake",
                 "version": "3.0.0",
                 "kind": "direct",
                 "source": "hosted",
                 "dependencies": [
                   "sensors_plus",
                   "flutter"
                 ],
                 "directDependencies": [
                   "sensors_plus",
                   "flutter"
                 ]
               },
               {
                 "name": "sensors_plus",
                 "version": "6.1.1",
                 "kind": "transitive",
                 "source": "hosted",
                 "dependencies": [
                   "flutter",
                   "flutter_web_plugins",
                   "sensors_plus_platform_interface"
                 ],
                 "directDependencies": [
                   "flutter",
                   "flutter_web_plugins",
                   "sensors_plus_platform_interface"
                 ]
               },
               {
                 "name": "sensors_plus_platform_interface",
                 "version": "2.0.1",
                 "kind": "transitive",
                 "source": "hosted",
                 "dependencies": [
                   "flutter",
                   "logging",
                   "meta",
                   "plugin_platform_interface"
                 ],
                 "directDependencies": [
                   "flutter",
                   "logging",
                   "meta",
                   "plugin_platform_interface"
                 ]
               },
               {
                 "name": "plugin_platform_interface",
                 "version": "2.1.8",
                 "kind": "transitive",
                 "source": "hosted",
                 "dependencies": [
                   "meta"
                 ],
                 "directDependencies": [
                   "meta"
                 ]
               },
               {
                 "name": "flutter_web_plugins",
                 "version": "0.0.0",
                 "kind": "transitive",
                 "source": "sdk",
                 "dependencies": [
                   "flutter",
                   "characters",
                   "collection",
                   "material_color_utilities",
                   "meta",
                   "vector_math"
                 ],
                 "directDependencies": [
                   "flutter",
                   "characters",
                   "collection",
                   "material_color_utilities",
                   "meta",
                   "vector_math"
                 ]
               },
               {
                 "name": "device_info_plus",
                 "version": "11.5.0",
                 "kind": "direct",
                 "source": "hosted",
                 "dependencies": [
                   "device_info_plus_platform_interface",
                   "ffi",
                   "file",
                   "flutter",
                   "flutter_web_plugins",
                   "meta",
                   "web",
                   "win32",
                   "win32_registry"
                 ],
                 "directDependencies": [
                   "device_info_plus_platform_interface",
                   "ffi",
                   "file",
                   "flutter",
                   "flutter_web_plugins",
                   "meta",
                   "web",
                   "win32",
                   "win32_registry"
                 ]
               },
               {
                 "name": "win32_registry",
                 "version": "2.1.0",
                 "kind": "transitive",
                 "source": "hosted",
                 "dependencies": [
                   "ffi",
                   "meta",
                   "win32"
                 ],
                 "directDependencies": [
                   "ffi",
                   "meta",
                   "win32"
                 ]
               },
               {
                 "name": "win32",
                 "version": "5.14.0",
                 "kind": "transitive",
                 "source": "hosted",
                 "dependencies": [
                   "ffi"
                 ],
                 "directDependencies": [
                   "ffi"
                 ]
               },
               {
                 "name": "device_info_plus_platform_interface",
                 "version": "7.0.3",
                 "kind": "transitive",
                 "source": "hosted",
                 "dependencies": [
                   "flutter",
                   "meta",
                   "plugin_platform_interface"
                 ],
                 "directDependencies": [
                   "flutter",
                   "meta",
                   "plugin_platform_interface"
                 ]
               },
               {
                 "name": "jwt_decode",
                 "version": "0.3.1",
                 "kind": "direct",
                 "source": "hosted",
                 "dependencies": [],
                 "directDependencies": []
               },
               {
                 "name": "google_fonts",
                 "version": "6.2.1",
                 "kind": "direct",
                 "source": "hosted",
                 "dependencies": [
                   "flutter",
                   "http",
                   "path_provider",
                   "crypto"
                 ],
                 "directDependencies": [
                   "flutter",
                   "http",
                   "path_provider",
                   "crypto"
                 ]
               },
               {
                 "name": "path_provider",
                 "version": "2.1.5",
                 "kind": "direct",
                 "source": "hosted",
                 "dependencies": [
                   "flutter",
                   "path_provider_android",
                   "path_provider_foundation",
                   "path_provider_linux",
                   "path_provider_platform_interface",
                   "path_provider_windows"
                 ],
                 "directDependencies": [
                   "flutter",
                   "path_provider_android",
                   "path_provider_foundation",
                   "path_provider_linux",
                   "path_provider_platform_interface",
                   "path_provider_windows"
                 ]
               },
               {
                 "name": "path_provider_windows",
                 "version": "2.3.0",
                 "kind": "transitive",
                 "source": "hosted",
                 "dependencies": [
                   "ffi",
                   "flutter",
                   "path",
                   "path_provider_platform_interface"
                 ],
                 "directDependencies": [
                   "ffi",
                   "flutter",
                   "path",
                   "path_provider_platform_interface"
                 ]
               },
               {
                 "name": "path_provider_platform_interface",
                 "version": "2.1.2",
                 "kind": "transitive",
                 "source": "hosted",
                 "dependencies": [
                   "flutter",
                   "platform",
                   "plugin_platform_interface"
                 ],
                 "directDependencies": [
                   "flutter",
                   "platform",
                   "plugin_platform_interface"
                 ]
               },
               {
                 "name": "platform",
                 "version": "3.1.6",
                 "kind": "transitive",
                 "source": "hosted",
                 "dependencies": [],
                 "directDependencies": []
               },
               {
                 "name": "path_provider_linux",
                 "version": "2.2.1",
                 "kind": "transitive",
                 "source": "hosted",
                 "dependencies": [
                   "ffi",
                   "flutter",
                   "path",
                   "path_provider_platform_interface",
                   "xdg_directories"
                 ],
                 "directDependencies": [
                   "ffi",
                   "flutter",
                   "path",
                   "path_provider_platform_interface",
                   "xdg_directories"
                 ]
               },
               {
                 "name": "xdg_directories",
                 "version": "1.1.0",
                 "kind": "transitive",
                 "source": "hosted",
                 "dependencies": [
                   "meta",
                   "path"
                 ],
                 "directDependencies": [
                   "meta",
                   "path"
                 ]
               },
               {
                 "name": "path_provider_foundation",
                 "version": "2.4.1",
                 "kind": "transitive",
                 "source": "hosted",
                 "dependencies": [
                   "flutter",
                   "path_provider_platform_interface"
                 ],
                 "directDependencies": [
                   "flutter",
                   "path_provider_platform_interface"
                 ]
               },
               {
                 "name": "path_provider_android",
                 "version": "2.2.17",
                 "kind": "transitive",
                 "source": "hosted",
                 "dependencies": [
                   "flutter",
                   "path_provider_platform_interface"
                 ],
                 "directDependencies": [
                   "flutter",
                   "path_provider_platform_interface"
                 ]
               },
               {
                 "name": "fluttertoast",
                 "version": "8.2.12",
                 "kind": "direct",
                 "source": "hosted",
                 "dependencies": [
                   "flutter",
                   "flutter_web_plugins",
                   "web"
                 ],
                 "directDependencies": [
                   "flutter",
                   "flutter_web_plugins",
                   "web"
                 ]
               },
               {
                 "name": "flutter_rating_bar",
                 "version": "4.0.1",
                 "kind": "direct",
                 "source": "hosted",
                 "dependencies": [
                   "flutter"
                 ],
                 "directDependencies": [
                   "flutter"
                 ]
               },
               {
                 "name": "flutter_local_notifications",
                 "version": "17.2.4",
                 "kind": "direct",
                 "source": "hosted",
                 "dependencies": [
                   "clock",
                   "flutter",
                   "flutter_local_notifications_linux",
                   "flutter_local_notifications_platform_interface",
                   "timezone"
                 ],
                 "directDependencies": [
                   "clock",
                   "flutter",
                   "flutter_local_notifications_linux",
                   "flutter_local_notifications_platform_interface",
                   "timezone"
                 ]
               },
               {
                 "name": "timezone",
                 "version": "0.9.4",
                 "kind": "transitive",
                 "source": "hosted",
                 "dependencies": [
                   "path"
                 ],
                 "directDependencies": [
                   "path"
                 ]
               },
               {
                 "name": "flutter_local_notifications_platform_interface",
                 "version": "7.2.0",
                 "kind": "transitive",
                 "source": "hosted",
                 "dependencies": [
                   "flutter",
                   "plugin_platform_interface"
                 ],
                 "directDependencies": [
                   "flutter",
                   "plugin_platform_interface"
                 ]
               },
               {
                 "name": "flutter_local_notifications_linux",
                 "version": "4.0.1",
                 "kind": "transitive",
                 "source": "hosted",
                 "dependencies": [
                   "dbus",
                   "ffi",
                   "flutter",
                   "flutter_local_notifications_platform_interface",
                   "path",
                   "xdg_directories"
                 ],
                 "directDependencies": [
                   "dbus",
                   "ffi",
                   "flutter",
                   "flutter_local_notifications_platform_interface",
                   "path",
                   "xdg_directories"
                 ]
               },
               {
                 "name": "dbus",
                 "version": "0.7.11",
                 "kind": "transitive",
                 "source": "hosted",
                 "dependencies": [
                   "args",
                   "ffi",
                   "meta",
                   "xml"
                 ],
                 "directDependencies": [
                   "args",
                   "ffi",
                   "meta",
                   "xml"
                 ]
               },
               {
                 "name": "json_serializable",
                 "version": "6.9.0",
                 "kind": "direct",
                 "source": "hosted",
                 "dependencies": [
                   "analyzer",
                   "async",
                   "build",
                   "build_config",
                   "collection",
                   "json_annotation",
                   "meta",
                   "path",
                   "pub_semver",
                   "pubspec_parse",
                   "source_gen",
                   "source_helper"
                 ],
                 "directDependencies": [
                   "analyzer",
                   "async",
                   "build",
                   "build_config",
                   "collection",
                   "json_annotation",
                   "meta",
                   "path",
                   "pub_semver",
                   "pubspec_parse",
                   "source_gen",
                   "source_helper"
                 ]
               },
               {
                 "name": "permission_handler",
                 "version": "12.0.0+1",
                 "kind": "direct",
                 "source": "hosted",
                 "dependencies": [
                   "flutter",
                   "meta",
                   "permission_handler_android",
                   "permission_handler_apple",
                   "permission_handler_html",
                   "permission_handler_windows",
                   "permission_handler_platform_interface"
                 ],
                 "directDependencies": [
                   "flutter",
                   "meta",
                   "permission_handler_android",
                   "permission_handler_apple",
                   "permission_handler_html",
                   "permission_handler_windows",
                   "permission_handler_platform_interface"
                 ]
               },
               {
                 "name": "permission_handler_platform_interface",
                 "version": "4.3.0",
                 "kind": "transitive",
                 "source": "hosted",
                 "dependencies": [
                   "flutter",
                   "meta",
                   "plugin_platform_interface"
                 ],
                 "directDependencies": [
                   "flutter",
                   "meta",
                   "plugin_platform_interface"
                 ]
               },
               {
                 "name": "permission_handler_windows",
                 "version": "0.2.1",
                 "kind": "transitive",
                 "source": "hosted",
                 "dependencies": [
                   "flutter",
                   "permission_handler_platform_interface"
                 ],
                 "directDependencies": [
                   "flutter",
                   "permission_handler_platform_interface"
                 ]
               },
               {
                 "name": "permission_handler_html",
                 "version": "0.1.3+5",
                 "kind": "transitive",
                 "source": "hosted",
                 "dependencies": [
                   "flutter",
                   "flutter_web_plugins",
                   "permission_handler_platform_interface",
                   "web"
                 ],
                 "directDependencies": [
                   "flutter",
                   "flutter_web_plugins",
                   "permission_handler_platform_interface",
                   "web"
                 ]
               },
               {
                 "name": "permission_handler_apple",
                 "version": "9.4.7",
                 "kind": "transitive",
                 "source": "hosted",
                 "dependencies": [
                   "flutter",
                   "permission_handler_platform_interface"
                 ],
                 "directDependencies": [
                   "flutter",
                   "permission_handler_platform_interface"
                 ]
               },
               {
                 "name": "permission_handler_android",
                 "version": "13.0.1",
                 "kind": "transitive",
                 "source": "hosted",
                 "dependencies": [
                   "flutter",
                   "permission_handler_platform_interface"
                 ],
                 "directDependencies": [
                   "flutter",
                   "permission_handler_platform_interface"
                 ]
               },
               {
                 "name": "connectivity_plus",
                 "version": "6.1.4",
                 "kind": "direct",
                 "source": "hosted",
                 "dependencies": [
                   "flutter",
                   "flutter_web_plugins",
                   "connectivity_plus_platform_interface",
                   "web",
                   "meta",
                   "nm",
                   "collection"
                 ],
                 "directDependencies": [
                   "flutter",
                   "flutter_web_plugins",
                   "connectivity_plus_platform_interface",
                   "web",
                   "meta",
                   "nm",
                   "collection"
                 ]
               },
               {
                 "name": "nm",
                 "version": "0.5.0",
                 "kind": "transitive",
                 "source": "hosted",
                 "dependencies": [
                   "dbus"
                 ],
                 "directDependencies": [
                   "dbus"
                 ]
               },
               {
                 "name": "connectivity_plus_platform_interface",
                 "version": "2.0.1",
                 "kind": "transitive",
                 "source": "hosted",
                 "dependencies": [
                   "flutter",
                   "meta",
                   "plugin_platform_interface"
                 ],
                 "directDependencies": [
                   "flutter",
                   "meta",
                   "plugin_platform_interface"
                 ]
               },
               {
                 "name": "awesome_dio_interceptor",
                 "version": "1.3.0",
                 "kind": "direct",
                 "source": "hosted",
                 "dependencies": [
                   "dio",
                   "colorize"
                 ],
                 "directDependencies": [
                   "dio",
                   "colorize"
                 ]
               },
               {
                 "name": "colorize",
                 "version": "3.0.0",
                 "kind": "transitive",
                 "source": "hosted",
                 "dependencies": [],
                 "directDependencies": []
               },
               {
                 "name": "dio",
                 "version": "5.8.0+1",
                 "kind": "direct",
                 "source": "hosted",
                 "dependencies": [
                   "async",
                   "collection",
                   "http_parser",
                   "meta",
                   "path",
                   "dio_web_adapter"
                 ],
                 "directDependencies": [
                   "async",
                   "collection",
                   "http_parser",
                   "meta",
                   "path",
                   "dio_web_adapter"
                 ]
               },
               {
                 "name": "dio_web_adapter",
                 "version": "2.1.1",
                 "kind": "transitive",
                 "source": "hosted",
                 "dependencies": [
                   "dio",
                   "http_parser",
                   "meta",
                   "web"
                 ],
                 "directDependencies": [
                   "dio",
                   "http_parser",
                   "meta",
                   "web"
                 ]
               },
               {
                 "name": "image_picker",
                 "version": "1.1.2",
                 "kind": "direct",
                 "source": "hosted",
                 "dependencies": [
                   "flutter",
                   "image_picker_android",
                   "image_picker_for_web",
                   "image_picker_ios",
                   "image_picker_linux",
                   "image_picker_macos",
                   "image_picker_platform_interface",
                   "image_picker_windows"
                 ],
                 "directDependencies": [
                   "flutter",
                   "image_picker_android",
                   "image_picker_for_web",
                   "image_picker_ios",
                   "image_picker_linux",
                   "image_picker_macos",
                   "image_picker_platform_interface",
                   "image_picker_windows"
                 ]
               },
               {
                 "name": "image_picker_windows",
                 "version": "0.2.1+1",
                 "kind": "transitive",
                 "source": "hosted",
                 "dependencies": [
                   "file_selector_platform_interface",
                   "file_selector_windows",
                   "flutter",
                   "image_picker_platform_interface"
                 ],
                 "directDependencies": [
                   "file_selector_platform_interface",
                   "file_selector_windows",
                   "flutter",
                   "image_picker_platform_interface"
                 ]
               },
               {
                 "name": "image_picker_platform_interface",
                 "version": "2.10.1",
                 "kind": "transitive",
                 "source": "hosted",
                 "dependencies": [
                   "cross_file",
                   "flutter",
                   "http",
                   "plugin_platform_interface"
                 ],
                 "directDependencies": [
                   "cross_file",
                   "flutter",
                   "http",
                   "plugin_platform_interface"
                 ]
               },
               {
                 "name": "cross_file",
                 "version": "0.3.4+2",
                 "kind": "transitive",
                 "source": "hosted",
                 "dependencies": [
                   "meta",
                   "web"
                 ],
                 "directDependencies": [
                   "meta",
                   "web"
                 ]
               },
               {
                 "name": "file_selector_windows",
                 "version": "0.9.3+4",
                 "kind": "transitive",
                 "source": "hosted",
                 "dependencies": [
                   "cross_file",
                   "file_selector_platform_interface",
                   "flutter"
                 ],
                 "directDependencies": [
                   "cross_file",
                   "file_selector_platform_interface",
                   "flutter"
                 ]
               },
               {
                 "name": "file_selector_platform_interface",
                 "version": "2.6.2",
                 "kind": "transitive",
                 "source": "hosted",
                 "dependencies": [
                   "cross_file",
                   "flutter",
                   "http",
                   "plugin_platform_interface"
                 ],
                 "directDependencies": [
                   "cross_file",
                   "flutter",
                   "http",
                   "plugin_platform_interface"
                 ]
               },
               {
                 "name": "image_picker_macos",
                 "version": "0.2.1+2",
                 "kind": "transitive",
                 "source": "hosted",
                 "dependencies": [
                   "file_selector_macos",
                   "file_selector_platform_interface",
                   "flutter",
                   "image_picker_platform_interface"
                 ],
                 "directDependencies": [
                   "file_selector_macos",
                   "file_selector_platform_interface",
                   "flutter",
                   "image_picker_platform_interface"
                 ]
               },
               {
                 "name": "file_selector_macos",
                 "version": "0.9.4+3",
                 "kind": "transitive",
                 "source": "hosted",
                 "dependencies": [
                   "cross_file",
                   "file_selector_platform_interface",
                   "flutter"
                 ],
                 "directDependencies": [
                   "cross_file",
                   "file_selector_platform_interface",
                   "flutter"
                 ]
               },
               {
                 "name": "image_picker_linux",
                 "version": "0.2.1+2",
                 "kind": "transitive",
                 "source": "hosted",
                 "dependencies": [
                   "file_selector_linux",
                   "file_selector_platform_interface",
                   "flutter",
                   "image_picker_platform_interface"
                 ],
                 "directDependencies": [
                   "file_selector_linux",
                   "file_selector_platform_interface",
                   "flutter",
                   "image_picker_platform_interface"
                 ]
               },
               {
                 "name": "file_selector_linux",
                 "version": "0.9.3+2",
                 "kind": "transitive",
                 "source": "hosted",
                 "dependencies": [
                   "cross_file",
                   "file_selector_platform_interface",
                   "flutter"
                 ],
                 "directDependencies": [
                   "cross_file",
                   "file_selector_platform_interface",
                   "flutter"
                 ]
               },
               {
                 "name": "image_picker_ios",
                 "version": "0.8.12+2",
                 "kind": "transitive",
                 "source": "hosted",
                 "dependencies": [
                   "flutter",
                   "image_picker_platform_interface"
                 ],
                 "directDependencies": [
                   "flutter",
                   "image_picker_platform_interface"
                 ]
               },
               {
                 "name": "image_picker_for_web",
                 "version": "3.0.6",
                 "kind": "transitive",
                 "source": "hosted",
                 "dependencies": [
                   "flutter",
                   "flutter_web_plugins",
                   "image_picker_platform_interface",
                   "mime",
                   "web"
                 ],
                 "directDependencies": [
                   "flutter",
                   "flutter_web_plugins",
                   "image_picker_platform_interface",
                   "mime",
                   "web"
                 ]
               },
               {
                 "name": "image_picker_android",
                 "version": "0.8.12+23",
                 "kind": "transitive",
                 "source": "hosted",
                 "dependencies": [
                   "flutter",
                   "flutter_plugin_android_lifecycle",
                   "image_picker_platform_interface"
                 ],
                 "directDependencies": [
                   "flutter",
                   "flutter_plugin_android_lifecycle",
                   "image_picker_platform_interface"
                 ]
               },
               {
                 "name": "flutter_plugin_android_lifecycle",
                 "version": "2.0.28",
                 "kind": "transitive",
                 "source": "hosted",
                 "dependencies": [
                   "flutter"
                 ],
                 "directDependencies": [
                   "flutter"
                 ]
               },
               {
                 "name": "dartz",
                 "version": "0.10.1",
                 "kind": "direct",
                 "source": "hosted",
                 "dependencies": [],
                 "directDependencies": []
               },
               {
                 "name": "uuid",
                 "version": "4.5.1",
                 "kind": "direct",
                 "source": "hosted",
                 "dependencies": [
                   "crypto",
                   "sprintf",
                   "meta",
                   "fixnum"
                 ],
                 "directDependencies": [
                   "crypto",
                   "sprintf",
                   "meta",
                   "fixnum"
                 ]
               },
               {
                 "name": "sprintf",
                 "version": "7.0.0",
                 "kind": "transitive",
                 "source": "hosted",
                 "dependencies": [],
                 "directDependencies": []
               },
               {
                 "name": "multi_select_flutter",
                 "version": "4.1.3",
                 "kind": "direct",
                 "source": "hosted",
                 "dependencies": [
                   "flutter",
                   "collection"
                 ],
                 "directDependencies": [
                   "flutter",
                   "collection"
                 ]
               },
               {
                 "name": "pretty_dio_logger",
                 "version": "1.4.0",
                 "kind": "direct",
                 "source": "hosted",
                 "dependencies": [
                   "dio"
                 ],
                 "directDependencies": [
                   "dio"
                 ]
               },
               {
                 "name": "hive_flutter",
                 "version": "1.1.0",
                 "kind": "direct",
                 "source": "hosted",
                 "dependencies": [
                   "flutter",
                   "hive",
                   "path_provider",
                   "path"
                 ],
                 "directDependencies": [
                   "flutter",
                   "hive",
                   "path_provider",
                   "path"
                 ]
               },
               {
                 "name": "get_it",
                 "version": "8.0.3",
                 "kind": "direct",
                 "source": "hosted",
                 "dependencies": [
                   "async",
                   "collection",
                   "meta"
                 ],
                 "directDependencies": [
                   "async",
                   "collection",
                   "meta"
                 ]
               },
               {
                 "name": "flutter_bloc",
                 "version": "9.1.1",
                 "kind": "direct",
                 "source": "hosted",
                 "dependencies": [
                   "bloc",
                   "flutter",
                   "provider"
                 ],
                 "directDependencies": [
                   "bloc",
                   "flutter",
                   "provider"
                 ]
               },
               {
                 "name": "provider",
                 "version": "6.1.5",
                 "kind": "transitive",
                 "source": "hosted",
                 "dependencies": [
                   "collection",
                   "flutter",
                   "nested"
                 ],
                 "directDependencies": [
                   "collection",
                   "flutter",
                   "nested"
                 ]
               },
               {
                 "name": "nested",
                 "version": "1.0.0",
                 "kind": "transitive",
                 "source": "hosted",
                 "dependencies": [
                   "flutter"
                 ],
                 "directDependencies": [
                   "flutter"
                 ]
               },
               {
                 "name": "equatable",
                 "version": "2.0.7",
                 "kind": "direct",
                 "source": "hosted",
                 "dependencies": [
                   "collection",
                   "meta"
                 ],
                 "directDependencies": [
                   "collection",
                   "meta"
                 ]
               },
               {
                 "name": "lottie",
                 "version": "3.3.1",
                 "kind": "direct",
                 "source": "hosted",
                 "dependencies": [
                   "archive",
                   "flutter",
                   "http",
                   "path",
                   "vector_math"
                 ],
                 "directDependencies": [
                   "archive",
                   "flutter",
                   "http",
                   "path",
                   "vector_math"
                 ]
               },
               {
                 "name": "shared_preferences",
                 "version": "2.5.3",
                 "kind": "direct",
                 "source": "hosted",
                 "dependencies": [
                   "flutter",
                   "shared_preferences_android",
                   "shared_preferences_foundation",
                   "shared_preferences_linux",
                   "shared_preferences_platform_interface",
                   "shared_preferences_web",
                   "shared_preferences_windows"
                 ],
                 "directDependencies": [
                   "flutter",
                   "shared_preferences_android",
                   "shared_preferences_foundation",
                   "shared_preferences_linux",
                   "shared_preferences_platform_interface",
                   "shared_preferences_web",
                   "shared_preferences_windows"
                 ]
               },
               {
                 "name": "shared_preferences_windows",
                 "version": "2.4.1",
                 "kind": "transitive",
                 "source": "hosted",
                 "dependencies": [
                   "file",
                   "flutter",
                   "path",
                   "path_provider_platform_interface",
                   "path_provider_windows",
                   "shared_preferences_platform_interface"
                 ],
                 "directDependencies": [
                   "file",
                   "flutter",
                   "path",
                   "path_provider_platform_interface",
                   "path_provider_windows",
                   "shared_preferences_platform_interface"
                 ]
               },
               {
                 "name": "shared_preferences_platform_interface",
                 "version": "2.4.1",
                 "kind": "transitive",
                 "source": "hosted",
                 "dependencies": [
                   "flutter",
                   "plugin_platform_interface"
                 ],
                 "directDependencies": [
                   "flutter",
                   "plugin_platform_interface"
                 ]
               },
               {
                 "name": "shared_preferences_web",
                 "version": "2.4.3",
                 "kind": "transitive",
                 "source": "hosted",
                 "dependencies": [
                   "flutter",
                   "flutter_web_plugins",
                   "shared_preferences_platform_interface",
                   "web"
                 ],
                 "directDependencies": [
                   "flutter",
                   "flutter_web_plugins",
                   "shared_preferences_platform_interface",
                   "web"
                 ]
               },
               {
                 "name": "shared_preferences_linux",
                 "version": "2.4.1",
                 "kind": "transitive",
                 "source": "hosted",
                 "dependencies": [
                   "file",
                   "flutter",
                   "path",
                   "path_provider_linux",
                   "path_provider_platform_interface",
                   "shared_preferences_platform_interface"
                 ],
                 "directDependencies": [
                   "file",
                   "flutter",
                   "path",
                   "path_provider_linux",
                   "path_provider_platform_interface",
                   "shared_preferences_platform_interface"
                 ]
               },
               {
                 "name": "shared_preferences_foundation",
                 "version": "2.5.4",
                 "kind": "transitive",
                 "source": "hosted",
                 "dependencies": [
                   "flutter",
                   "shared_preferences_platform_interface"
                 ],
                 "directDependencies": [
                   "flutter",
                   "shared_preferences_platform_interface"
                 ]
               },
               {
                 "name": "shared_preferences_android",
                 "version": "2.4.10",
                 "kind": "transitive",
                 "source": "hosted",
                 "dependencies": [
                   "flutter",
                   "shared_preferences_platform_interface"
                 ],
                 "directDependencies": [
                   "flutter",
                   "shared_preferences_platform_interface"
                 ]
               },
               {
                 "name": "cupertino_icons",
                 "version": "1.0.8",
                 "kind": "direct",
                 "source": "hosted",
                 "dependencies": [],
                 "directDependencies": []
               }
             ],
             "sdks": [
               {
                 "name": "Dart",
                 "version": "3.8.1"
               },
               {
                 "name": "Flutter",
                 "version": "3.32.1"
               }
             ],
             "executables": [
               "build_runner",
               "build_runner:graph_inspector",
               "flutter_launcher_icons",
               "flutter_launcher_icons:generate",
               "flutter_launcher_icons:main"
             ]
           }
[  +97 ms] Found plugin connectivity_plus at C:\Users\ri\AppData\Local\Pub\Cache\hosted\pub.dev\connectivity_plus-6.1.4\
[   +8 ms] Found plugin device_info_plus at C:\Users\ri\AppData\Local\Pub\Cache\hosted\pub.dev\device_info_plus-11.5.0\
[   +5 ms] Found plugin file_selector_linux at C:\Users\ri\AppData\Local\Pub\Cache\hosted\pub.dev\file_selector_linux-0.9.3+2\
[        ] Found plugin file_selector_macos at C:\Users\ri\AppData\Local\Pub\Cache\hosted\pub.dev\file_selector_macos-0.9.4+3\
[   +1 ms] Found plugin file_selector_windows at C:\Users\ri\AppData\Local\Pub\Cache\hosted\pub.dev\file_selector_windows-0.9.3+4\
[   +2 ms] Found plugin flutter_local_notifications at C:\Users\ri\AppData\Local\Pub\Cache\hosted\pub.dev\flutter_local_notifications-17.2.4\
[        ] Found plugin flutter_local_notifications_linux at C:\Users\ri\AppData\Local\Pub\Cache\hosted\pub.dev\flutter_local_notifications_linux-4.0.1\
[   +1 ms] Found plugin flutter_plugin_android_lifecycle at C:\Users\ri\AppData\Local\Pub\Cache\hosted\pub.dev\flutter_plugin_android_lifecycle-2.0.28\
[   +2 ms] Found plugin fluttertoast at C:\Users\ri\AppData\Local\Pub\Cache\hosted\pub.dev\fluttertoast-8.2.12\
[   +9 ms] Found plugin image_picker at C:\Users\ri\AppData\Local\Pub\Cache\hosted\pub.dev\image_picker-1.1.2\
[   +1 ms] Found plugin image_picker_android at C:\Users\ri\AppData\Local\Pub\Cache\hosted\pub.dev\image_picker_android-0.8.12+23\
[   +1 ms] Found plugin image_picker_for_web at C:\Users\ri\AppData\Local\Pub\Cache\hosted\pub.dev\image_picker_for_web-3.0.6\
[        ] Found plugin image_picker_ios at C:\Users\ri\AppData\Local\Pub\Cache\hosted\pub.dev\image_picker_ios-0.8.12+2\
[        ] Found plugin image_picker_linux at C:\Users\ri\AppData\Local\Pub\Cache\hosted\pub.dev\image_picker_linux-0.2.1+2\
[        ] Found plugin image_picker_macos at C:\Users\ri\AppData\Local\Pub\Cache\hosted\pub.dev\image_picker_macos-0.2.1+2\
[   +1 ms] Found plugin image_picker_windows at C:\Users\ri\AppData\Local\Pub\Cache\hosted\pub.dev\image_picker_windows-0.2.1+1\
[  +12 ms] Found plugin path_provider at C:\Users\ri\AppData\Local\Pub\Cache\hosted\pub.dev\path_provider-2.1.5\
[        ] Found plugin path_provider_android at C:\Users\ri\AppData\Local\Pub\Cache\hosted\pub.dev\path_provider_android-2.2.17\
[        ] Found plugin path_provider_foundation at C:\Users\ri\AppData\Local\Pub\Cache\hosted\pub.dev\path_provider_foundation-2.4.1\
[        ] Found plugin path_provider_linux at C:\Users\ri\AppData\Local\Pub\Cache\hosted\pub.dev\path_provider_linux-2.2.1\
[   +1 ms] Found plugin path_provider_windows at C:\Users\ri\AppData\Local\Pub\Cache\hosted\pub.dev\path_provider_windows-2.3.0\
[        ] Found plugin permission_handler at C:\Users\ri\AppData\Local\Pub\Cache\hosted\pub.dev\permission_handler-12.0.0+1\
[        ] Found plugin permission_handler_android at C:\Users\ri\AppData\Local\Pub\Cache\hosted\pub.dev\permission_handler_android-13.0.1\
[        ] Found plugin permission_handler_apple at C:\Users\ri\AppData\Local\Pub\Cache\hosted\pub.dev\permission_handler_apple-9.4.7\
[        ] Found plugin permission_handler_html at C:\Users\ri\AppData\Local\Pub\Cache\hosted\pub.dev\permission_handler_html-0.1.3+5\
[   +1 ms] Found plugin permission_handler_windows at C:\Users\ri\AppData\Local\Pub\Cache\hosted\pub.dev\permission_handler_windows-0.2.1\
[   +4 ms] Found plugin proximity_sensor at C:\Users\ri\AppData\Local\Pub\Cache\hosted\pub.dev\proximity_sensor-1.3.8\
[   +1 ms] Found plugin sensors_plus at C:\Users\ri\AppData\Local\Pub\Cache\hosted\pub.dev\sensors_plus-6.1.1\
[   +2 ms] Found plugin shared_preferences at C:\Users\ri\AppData\Local\Pub\Cache\hosted\pub.dev\shared_preferences-2.5.3\
[        ] Found plugin shared_preferences_android at C:\Users\ri\AppData\Local\Pub\Cache\hosted\pub.dev\shared_preferences_android-2.4.10\
[        ] Found plugin shared_preferences_foundation at C:\Users\ri\AppData\Local\Pub\Cache\hosted\pub.dev\shared_preferences_foundation-2.5.4\
[        ] Found plugin shared_preferences_linux at C:\Users\ri\AppData\Local\Pub\Cache\hosted\pub.dev\shared_preferences_linux-2.4.1\
[   +1 ms] Found plugin shared_preferences_web at C:\Users\ri\AppData\Local\Pub\Cache\hosted\pub.dev\shared_preferences_web-2.4.3\
[        ] Found plugin shared_preferences_windows at C:\Users\ri\AppData\Local\Pub\Cache\hosted\pub.dev\shared_preferences_windows-2.4.1\
[  +39 ms] executing: [C:\Users\ri\skin_muse/] C:\flutter\bin\cache\dart-sdk\bin\dart pub --suppress-analytics deps --json
[ +420 ms] {
             "root": "skin_muse",
             "packages": [
               {
                 "name": "skin_muse",
                 "version": "1.0.0+1",
                 "kind": "root",
                 "source": "root",
                 "dependencies": [
                   "flutter",
                   "cupertino_icons",
                   "shared_preferences",
                   "lottie",
                   "equatable",
                   "flutter_bloc",
                   "get_it",
                   "dio",
                   "hive_flutter",
                   "pretty_dio_logger",
                   "multi_select_flutter",
                   "uuid",
                   "dartz",
                   "path_provider",
                   "image_picker",
                   "awesome_dio_interceptor",
                   "json_annotation",
                   "connectivity_plus",
                   "permission_handler",
                   "json_serializable",
                   "async",
                   "flutter_local_notifications",
                   "flutter_rating_bar",
                   "fluttertoast",
                   "http",
                   "google_fonts",
                   "jwt_decode",
                   "device_info_plus",
                   "shake",
                   "proximity_sensor",
                   "hive_test",
                   "flutter_test",
                   "flutter_lints",
                   "build_runner",
                   "hive_generator",
                   "flutter_launcher_icons",
                   "bloc_test",
                   "mocktail"
                 ],
                 "directDependencies": [
                   "flutter",
                   "cupertino_icons",
                   "shared_preferences",
                   "lottie",
                   "equatable",
                   "flutter_bloc",
                   "get_it",
                   "dio",
                   "hive_flutter",
                   "pretty_dio_logger",
                   "multi_select_flutter",
                   "uuid",
                   "dartz",
                   "path_provider",
                   "image_picker",
                   "awesome_dio_interceptor",
                   "json_annotation",
                   "connectivity_plus",
                   "permission_handler",
                   "json_serializable",
                   "async",
                   "flutter_local_notifications",
                   "flutter_rating_bar",
                   "fluttertoast",
                   "http",
                   "google_fonts",
                   "jwt_decode",
                   "device_info_plus",
                   "shake",
                   "proximity_sensor",
                   "hive_test"
                 ],
                 "devDependencies": [
                   "flutter_test",
                   "flutter_lints",
                   "build_runner",
                   "hive_generator",
                   "flutter_launcher_icons",
                   "bloc_test",
                   "mocktail"
                 ]
               },
               {
                 "name": "mocktail",
                 "version": "1.0.4",
                 "kind": "dev",
                 "source": "hosted",
                 "dependencies": [
                   "collection",
                   "matcher",
                   "test_api"
                 ],
                 "directDependencies": [
                   "collection",
                   "matcher",
                   "test_api"
                 ]
               },
               {
                 "name": "test_api",
                 "version": "0.7.4",
                 "kind": "transitive",
                 "source": "hosted",
                 "dependencies": [
                   "async",
                   "boolean_selector",
                   "collection",
                   "meta",
                   "source_span",
                   "stack_trace",
                   "stream_channel",
                   "string_scanner",
                   "term_glyph"
                 ],
                 "directDependencies": [
                   "async",
                   "boolean_selector",
                   "collection",
                   "meta",
                   "source_span",
                   "stack_trace",
                   "stream_channel",
                   "string_scanner",
                   "term_glyph"
                 ]
               },
               {
                 "name": "term_glyph",
                 "version": "1.2.2",
                 "kind": "transitive",
                 "source": "hosted",
                 "dependencies": [],
                 "directDependencies": []
               },
               {
                 "name": "string_scanner",
                 "version": "1.4.1",
                 "kind": "transitive",
                 "source": "hosted",
                 "dependencies": [
                   "source_span"
                 ],
                 "directDependencies": [
                   "source_span"
                 ]
               },
               {
                 "name": "source_span",
                 "version": "1.10.1",
                 "kind": "transitive",
                 "source": "hosted",
                 "dependencies": [
                   "collection",
                   "path",
                   "term_glyph"
                 ],
                 "directDependencies": [
                   "collection",
                   "path",
                   "term_glyph"
                 ]
               },
               {
                 "name": "path",
                 "version": "1.9.1",
                 "kind": "transitive",
                 "source": "hosted",
                 "dependencies": [],
                 "directDependencies": []
               },
               {
                 "name": "collection",
                 "version": "1.19.1",
                 "kind": "transitive",
                 "source": "hosted",
                 "dependencies": [],
                 "directDependencies": []
               },
               {
                 "name": "stream_channel",
                 "version": "2.1.4",
                 "kind": "transitive",
                 "source": "hosted",
                 "dependencies": [
                   "async"
                 ],
                 "directDependencies": [
                   "async"
                 ]
               },
               {
                 "name": "async",
                 "version": "2.13.0",
                 "kind": "direct",
                 "source": "hosted",
                 "dependencies": [
                   "collection",
                   "meta"
                 ],
                 "directDependencies": [
                   "collection",
                   "meta"
                 ]
               },
               {
                 "name": "meta",
                 "version": "1.16.0",
                 "kind": "transitive",
                 "source": "hosted",
                 "dependencies": [],
                 "directDependencies": []
               },
               {
                 "name": "stack_trace",
                 "version": "1.12.1",
                 "kind": "transitive",
                 "source": "hosted",
                 "dependencies": [
                   "path"
                 ],
                 "directDependencies": [
                   "path"
                 ]
               },
               {
                 "name": "boolean_selector",
                 "version": "2.1.2",
                 "kind": "transitive",
                 "source": "hosted",
                 "dependencies": [
                   "source_span",
                   "string_scanner"
                 ],
                 "directDependencies": [
                   "source_span",
                   "string_scanner"
                 ]
               },
               {
                 "name": "matcher",
                 "version": "0.12.17",
                 "kind": "transitive",
                 "source": "hosted",
                 "dependencies": [
                   "async",
                   "meta",
                   "stack_trace",
                   "term_glyph",
                   "test_api"
                 ],
                 "directDependencies": [
                   "async",
                   "meta",
                   "stack_trace",
                   "term_glyph",
                   "test_api"
                 ]
               },
               {
                 "name": "bloc_test",
                 "version": "10.0.0",
                 "kind": "dev",
                 "source": "hosted",
                 "dependencies": [
                   "bloc",
                   "diff_match_patch",
                   "meta",
                   "mocktail",
                   "test"
                 ],
                 "directDependencies": [
                   "bloc",
                   "diff_match_patch",
                   "meta",
                   "mocktail",
                   "test"
                 ]
               },
               {
                 "name": "test",
                 "version": "1.25.15",
                 "kind": "transitive",
                 "source": "hosted",
                 "dependencies": [
                   "analyzer",
                   "async",
                   "boolean_selector",
                   "collection",
                   "coverage",
                   "http_multi_server",
                   "io",
                   "js",
                   "matcher",
                   "node_preamble",
                   "package_config",
                   "path",
                   "pool",
                   "shelf",
                   "shelf_packages_handler",
                   "shelf_static",
                   "shelf_web_socket",
                   "source_span",
                   "stack_trace",
                   "stream_channel",
                   "test_api",
                   "test_core",
                   "typed_data",
                   "web_socket_channel",
                   "webkit_inspection_protocol",
                   "yaml"
                 ],
                 "directDependencies": [
                   "analyzer",
                   "async",
                   "boolean_selector",
                   "collection",
                   "coverage",
                   "http_multi_server",
                   "io",
                   "js",
                   "matcher",
                   "node_preamble",
                   "package_config",
                   "path",
                   "pool",
                   "shelf",
                   "shelf_packages_handler",
                   "shelf_static",
                   "shelf_web_socket",
                   "source_span",
                   "stack_trace",
                   "stream_channel",
                   "test_api",
                   "test_core",
                   "typed_data",
                   "web_socket_channel",
                   "webkit_inspection_protocol",
                   "yaml"
                 ]
               },
               {
                 "name": "yaml",
                 "version": "3.1.3",
                 "kind": "transitive",
                 "source": "hosted",
                 "dependencies": [
                   "collection",
                   "source_span",
                   "string_scanner"
                 ],
                 "directDependencies": [
                   "collection",
                   "source_span",
                   "string_scanner"
                 ]
               },
               {
                 "name": "webkit_inspection_protocol",
                 "version": "1.2.1",
                 "kind": "transitive",
                 "source": "hosted",
                 "dependencies": [
                   "logging"
                 ],
                 "directDependencies": [
                   "logging"
                 ]
               },
               {
                 "name": "logging",
                 "version": "1.3.0",
                 "kind": "transitive",
                 "source": "hosted",
                 "dependencies": [],
                 "directDependencies": []
               },
               {
                 "name": "web_socket_channel",
                 "version": "3.0.3",
                 "kind": "transitive",
                 "source": "hosted",
                 "dependencies": [
                   "async",
                   "crypto",
                   "stream_channel",
                   "web",
                   "web_socket"
                 ],
                 "directDependencies": [
                   "async",
                   "crypto",
                   "stream_channel",
                   "web",
                   "web_socket"
                 ]
               },
               {
                 "name": "web_socket",
                 "version": "1.0.1",
                 "kind": "transitive",
                 "source": "hosted",
                 "dependencies": [
                   "web"
                 ],
                 "directDependencies": [
                   "web"
                 ]
               },
               {
                 "name": "web",
                 "version": "1.1.1",
                 "kind": "transitive",
                 "source": "hosted",
                 "dependencies": [],
                 "directDependencies": []
               },
               {
                 "name": "crypto",
                 "version": "3.0.6",
                 "kind": "transitive",
                 "source": "hosted",
                 "dependencies": [
                   "typed_data"
                 ],
                 "directDependencies": [
                   "typed_data"
                 ]
               },
               {
                 "name": "typed_data",
                 "version": "1.4.0",
                 "kind": "transitive",
                 "source": "hosted",
                 "dependencies": [
                   "collection"
                 ],
                 "directDependencies": [
                   "collection"
                 ]
               },
               {
                 "name": "test_core",
                 "version": "0.6.8",
                 "kind": "transitive",
                 "source": "hosted",
                 "dependencies": [
                   "analyzer",
                   "args",
                   "async",
                   "boolean_selector",
                   "collection",
                   "coverage",
                   "frontend_server_client",
                   "glob",
                   "io",
                   "meta",
                   "package_config",
                   "path",
                   "pool",
                   "source_map_stack_trace",
                   "source_maps",
                   "source_span",
                   "stack_trace",
                   "stream_channel",
                   "test_api",
                   "vm_service",
                   "yaml"
                 ],
                 "directDependencies": [
                   "analyzer",
                   "args",
                   "async",
                   "boolean_selector",
                   "collection",
                   "coverage",
                   "frontend_server_client",
                   "glob",
                   "io",
                   "meta",
                   "package_config",
                   "path",
                   "pool",
                   "source_map_stack_trace",
                   "source_maps",
                   "source_span",
                   "stack_trace",
                   "stream_channel",
                   "test_api",
                   "vm_service",
                   "yaml"
                 ]
               },
               {
                 "name": "vm_service",
                 "version": "15.0.0",
                 "kind": "transitive",
                 "source": "hosted",
                 "dependencies": [],
                 "directDependencies": []
               },
               {
                 "name": "source_maps",
                 "version": "0.10.13",
                 "kind": "transitive",
                 "source": "hosted",
                 "dependencies": [
                   "source_span"
                 ],
                 "directDependencies": [
                   "source_span"
                 ]
               },
               {
                 "name": "source_map_stack_trace",
                 "version": "2.1.2",
                 "kind": "transitive",
                 "source": "hosted",
                 "dependencies": [
                   "path",
                   "source_maps",
                   "stack_trace"
                 ],
                 "directDependencies": [
                   "path",
                   "source_maps",
                   "stack_trace"
                 ]
               },
               {
                 "name": "pool",
                 "version": "1.5.1",
                 "kind": "transitive",
                 "source": "hosted",
                 "dependencies": [
                   "async",
                   "stack_trace"
                 ],
                 "directDependencies": [
                   "async",
                   "stack_trace"
                 ]
               },
               {
                 "name": "package_config",
                 "version": "2.2.0",
                 "kind": "transitive",
                 "source": "hosted",
                 "dependencies": [
                   "path"
                 ],
                 "directDependencies": [
                   "path"
                 ]
               },
               {
                 "name": "io",
                 "version": "1.0.5",
                 "kind": "transitive",
                 "source": "hosted",
                 "dependencies": [
                   "meta",
                   "path",
                   "string_scanner"
                 ],
                 "directDependencies": [
                   "meta",
                   "path",
                   "string_scanner"
                 ]
               },
               {
                 "name": "glob",
                 "version": "2.1.3",
                 "kind": "transitive",
                 "source": "hosted",
                 "dependencies": [
                   "async",
                   "collection",
                   "file",
                   "path",
                   "string_scanner"
                 ],
                 "directDependencies": [
                   "async",
                   "collection",
                   "file",
                   "path",
                   "string_scanner"
                 ]
               },
               {
                 "name": "file",
                 "version": "7.0.1",
                 "kind": "transitive",
                 "source": "hosted",
                 "dependencies": [
                   "meta",
                   "path"
                 ],
                 "directDependencies": [
                   "meta",
                   "path"
                 ]
               },
               {
                 "name": "frontend_server_client",
                 "version": "4.0.0",
                 "kind": "transitive",
                 "source": "hosted",
                 "dependencies": [
                   "async",
                   "path"
                 ],
                 "directDependencies": [
                   "async",
                   "path"
                 ]
               },
               {
                 "name": "coverage",
                 "version": "1.15.0",
                 "kind": "transitive",
                 "source": "hosted",
                 "dependencies": [
                   "args",
                   "cli_config",
                   "glob",
                   "logging",
                   "meta",
                   "package_config",
                   "path",
                   "source_maps",
                   "stack_trace",
                   "vm_service",
                   "yaml"
                 ],
                 "directDependencies": [
                   "args",
                   "cli_config",
                   "glob",
                   "logging",
                   "meta",
                   "package_config",
                   "path",
                   "source_maps",
                   "stack_trace",
                   "vm_service",
                   "yaml"
                 ]
               },
               {
                 "name": "cli_config",
                 "version": "0.2.0",
                 "kind": "transitive",
                 "source": "hosted",
                 "dependencies": [
                   "args",
                   "yaml"
                 ],
                 "directDependencies": [
                   "args",
                   "yaml"
                 ]
               },
               {
                 "name": "args",
                 "version": "2.7.0",
                 "kind": "transitive",
                 "source": "hosted",
                 "dependencies": [],
                 "directDependencies": []
               },
               {
                 "name": "analyzer",
                 "version": "6.11.0",
                 "kind": "transitive",
                 "source": "hosted",
                 "dependencies": [
                   "_fe_analyzer_shared",
                   "collection",
                   "convert",
                   "crypto",
                   "glob",
                   "macros",
                   "meta",
                   "package_config",
                   "path",
                   "pub_semver",
                   "source_span",
                   "watcher",
                   "yaml"
                 ],
                 "directDependencies": [
                   "_fe_analyzer_shared",
                   "collection",
                   "convert",
                   "crypto",
                   "glob",
                   "macros",
                   "meta",
                   "package_config",
                   "path",
                   "pub_semver",
                   "source_span",
                   "watcher",
                   "yaml"
                 ]
               },
               {
                 "name": "watcher",
                 "version": "1.1.2",
                 "kind": "transitive",
                 "source": "hosted",
                 "dependencies": [
                   "async",
                   "path"
                 ],
                 "directDependencies": [
                   "async",
                   "path"
                 ]
               },
               {
                 "name": "pub_semver",
                 "version": "2.2.0",
                 "kind": "transitive",
                 "source": "hosted",
                 "dependencies": [
                   "collection"
                 ],
                 "directDependencies": [
                   "collection"
                 ]
               },
               {
                 "name": "macros",
                 "version": "0.1.3-main.0",
                 "kind": "transitive",
                 "source": "hosted",
                 "dependencies": [
                   "_macros"
                 ],
                 "directDependencies": [
                   "_macros"
                 ]
               },
               {
                 "name": "_macros",
                 "version": "0.3.3",
                 "kind": "transitive",
                 "source": "sdk",
                 "dependencies": [],
                 "directDependencies": []
               },
               {
                 "name": "convert",
                 "version": "3.1.2",
                 "kind": "transitive",
                 "source": "hosted",
                 "dependencies": [
                   "typed_data"
                 ],
                 "directDependencies": [
                   "typed_data"
                 ]
               },
               {
                 "name": "_fe_analyzer_shared",
                 "version": "76.0.0",
                 "kind": "transitive",
                 "source": "hosted",
                 "dependencies": [
                   "meta"
                 ],
                 "directDependencies": [
                   "meta"
                 ]
               },
               {
                 "name": "shelf_web_socket",
                 "version": "3.0.0",
                 "kind": "transitive",
                 "source": "hosted",
                 "dependencies": [
                   "shelf",
                   "stream_channel",
                   "web_socket_channel"
                 ],
                 "directDependencies": [
                   "shelf",
                   "stream_channel",
                   "web_socket_channel"
                 ]
               },
               {
                 "name": "shelf",
                 "version": "1.4.2",
                 "kind": "transitive",
                 "source": "hosted",
                 "dependencies": [
                   "async",
                   "collection",
                   "http_parser",
                   "path",
                   "stack_trace",
                   "stream_channel"
                 ],
                 "directDependencies": [
                   "async",
                   "collection",
                   "http_parser",
                   "path",
                   "stack_trace",
                   "stream_channel"
                 ]
               },
               {
                 "name": "http_parser",
                 "version": "4.1.2",
                 "kind": "transitive",
                 "source": "hosted",
                 "dependencies": [
                   "collection",
                   "source_span",
                   "string_scanner",
                   "typed_data"
                 ],
                 "directDependencies": [
                   "collection",
                   "source_span",
                   "string_scanner",
                   "typed_data"
                 ]
               },
               {
                 "name": "shelf_static",
                 "version": "1.1.3",
                 "kind": "transitive",
                 "source": "hosted",
                 "dependencies": [
                   "convert",
                   "http_parser",
                   "mime",
                   "path",
                   "shelf"
                 ],
                 "directDependencies": [
                   "convert",
                   "http_parser",
                   "mime",
                   "path",
                   "shelf"
                 ]
               },
               {
                 "name": "mime",
                 "version": "2.0.0",
                 "kind": "transitive",
                 "source": "hosted",
                 "dependencies": [],
                 "directDependencies": []
               },
               {
                 "name": "shelf_packages_handler",
                 "version": "3.0.2",
                 "kind": "transitive",
                 "source": "hosted",
                 "dependencies": [
                   "path",
                   "shelf",
                   "shelf_static"
                 ],
                 "directDependencies": [
                   "path",
                   "shelf",
                   "shelf_static"
                 ]
               },
               {
                 "name": "node_preamble",
                 "version": "2.0.2",
                 "kind": "transitive",
                 "source": "hosted",
                 "dependencies": [],
                 "directDependencies": []
               },
               {
                 "name": "js",
                 "version": "0.7.2",
                 "kind": "transitive",
                 "source": "hosted",
                 "dependencies": [],
                 "directDependencies": []
               },
               {
                 "name": "http_multi_server",
                 "version": "3.2.2",
                 "kind": "transitive",
                 "source": "hosted",
                 "dependencies": [
                   "async"
                 ],
                 "directDependencies": [
                   "async"
                 ]
               },
               {
                 "name": "diff_match_patch",
                 "version": "0.4.1",
                 "kind": "transitive",
                 "source": "hosted",
                 "dependencies": [],
                 "directDependencies": []
               },
               {
                 "name": "bloc",
                 "version": "9.0.0",
                 "kind": "transitive",
                 "source": "hosted",
                 "dependencies": [
                   "meta"
                 ],
                 "directDependencies": [
                   "meta"
                 ]
               },
               {
                 "name": "flutter_launcher_icons",
                 "version": "0.13.1",
                 "kind": "dev",
                 "source": "hosted",
                 "dependencies": [
                   "args",
                   "checked_yaml",
                   "cli_util",
                   "image",
                   "json_annotation",
                   "path",
                   "yaml"
                 ],
                 "directDependencies": [
                   "args",
                   "checked_yaml",
                   "cli_util",
                   "image",
                   "json_annotation",
                   "path",
                   "yaml"
                 ]
               },
               {
                 "name": "json_annotation",
                 "version": "4.9.0",
                 "kind": "direct",
                 "source": "hosted",
                 "dependencies": [
                   "meta"
                 ],
                 "directDependencies": [
                   "meta"
                 ]
               },
               {
                 "name": "image",
                 "version": "4.5.4",
                 "kind": "transitive",
                 "source": "hosted",
                 "dependencies": [
                   "archive",
                   "meta",
                   "xml"
                 ],
                 "directDependencies": [
                   "archive",
                   "meta",
                   "xml"
                 ]
               },
               {
                 "name": "xml",
                 "version": "6.5.0",
                 "kind": "transitive",
                 "source": "hosted",
                 "dependencies": [
                   "collection",
                   "meta",
                   "petitparser"
                 ],
                 "directDependencies": [
                   "collection",
                   "meta",
                   "petitparser"
                 ]
               },
               {
                 "name": "petitparser",
                 "version": "6.1.0",
                 "kind": "transitive",
                 "source": "hosted",
                 "dependencies": [
                   "meta",
                   "collection"
                 ],
                 "directDependencies": [
                   "meta",
                   "collection"
                 ]
               },
               {
                 "name": "archive",
                 "version": "4.0.7",
                 "kind": "transitive",
                 "source": "hosted",
                 "dependencies": [
                   "crypto",
                   "path",
                   "posix"
                 ],
                 "directDependencies": [
                   "crypto",
                   "path",
                   "posix"
                 ]
               },
               {
                 "name": "posix",
                 "version": "6.0.2",
                 "kind": "transitive",
                 "source": "hosted",
                 "dependencies": [
                   "ffi",
                   "meta",
                   "path"
                 ],
                 "directDependencies": [
                   "ffi",
                   "meta",
                   "path"
                 ]
               },
               {
                 "name": "ffi",
                 "version": "2.1.4",
                 "kind": "transitive",
                 "source": "hosted",
                 "dependencies": [],
                 "directDependencies": []
               },
               {
                 "name": "cli_util",
                 "version": "0.4.2",
                 "kind": "transitive",
                 "source": "hosted",
                 "dependencies": [
                   "meta",
                   "path"
                 ],
                 "directDependencies": [
                   "meta",
                   "path"
                 ]
               },
               {
                 "name": "checked_yaml",
                 "version": "2.0.4",
                 "kind": "transitive",
                 "source": "hosted",
                 "dependencies": [
                   "json_annotation",
                   "source_span",
                   "yaml"
                 ],
                 "directDependencies": [
                   "json_annotation",
                   "source_span",
                   "yaml"
                 ]
               },
               {
                 "name": "hive_generator",
                 "version": "2.0.1",
                 "kind": "dev",
                 "source": "hosted",
                 "dependencies": [
                   "build",
                   "source_gen",
                   "hive",
                   "analyzer",
                   "source_helper"
                 ],
                 "directDependencies": [
                   "build",
                   "source_gen",
                   "hive",
                   "analyzer",
                   "source_helper"
                 ]
               },
               {
                 "name": "source_helper",
                 "version": "1.3.5",
                 "kind": "transitive",
                 "source": "hosted",
                 "dependencies": [
                   "analyzer",
                   "collection",
                   "source_gen"
                 ],
                 "directDependencies": [
                   "analyzer",
                   "collection",
                   "source_gen"
                 ]
               },
               {
                 "name": "source_gen",
                 "version": "1.5.0",
                 "kind": "transitive",
                 "source": "hosted",
                 "dependencies": [
                   "analyzer",
                   "async",
                   "build",
                   "dart_style",
                   "glob",
                   "path",
                   "source_span",
                   "yaml"
                 ],
                 "directDependencies": [
                   "analyzer",
                   "async",
                   "build",
                   "dart_style",
                   "glob",
                   "path",
                   "source_span",
                   "yaml"
                 ]
               },
               {
                 "name": "dart_style",
                 "version": "2.3.8",
                 "kind": "transitive",
                 "source": "hosted",
                 "dependencies": [
                   "analyzer",
                   "args",
                   "collection",
                   "package_config",
                   "path",
                   "pub_semver",
                   "source_span"
                 ],
                 "directDependencies": [
                   "analyzer",
                   "args",
                   "collection",
                   "package_config",
                   "path",
                   "pub_semver",
                   "source_span"
                 ]
               },
               {
                 "name": "build",
                 "version": "2.5.0",
                 "kind": "transitive",
                 "source": "hosted",
                 "dependencies": [
                   "analyzer",
                   "async",
                   "build_runner_core",
                   "built_collection",
                   "built_value",
                   "convert",
                   "crypto",
                   "glob",
                   "graphs",
                   "logging",
                   "meta",
                   "package_config",
                   "path",
                   "pool"
                 ],
                 "directDependencies": [
                   "analyzer",
                   "async",
                   "build_runner_core",
                   "built_collection",
                   "built_value",
                   "convert",
                   "crypto",
                   "glob",
                   "graphs",
                   "logging",
                   "meta",
                   "package_config",
                   "path",
                   "pool"
                 ]
               },
               {
                 "name": "graphs",
                 "version": "2.3.2",
                 "kind": "transitive",
                 "source": "hosted",
                 "dependencies": [
                   "collection"
                 ],
                 "directDependencies": [
                   "collection"
                 ]
               },
               {
                 "name": "built_value",
                 "version": "8.10.1",
                 "kind": "transitive",
                 "source": "hosted",
                 "dependencies": [
                   "built_collection",
                   "collection",
                   "fixnum",
                   "meta"
                 ],
                 "directDependencies": [
                   "built_collection",
                   "collection",
                   "fixnum",
                   "meta"
                 ]
               },
               {
                 "name": "fixnum",
                 "version": "1.1.1",
                 "kind": "transitive",
                 "source": "hosted",
                 "dependencies": [],
                 "directDependencies": []
               },
               {
                 "name": "built_collection",
                 "version": "5.1.1",
                 "kind": "transitive",
                 "source": "hosted",
                 "dependencies": [],
                 "directDependencies": []
               },
               {
                 "name": "build_runner_core",
                 "version": "9.0.0",
                 "kind": "transitive",
                 "source": "hosted",
                 "dependencies": [
                   "analyzer",
                   "async",
                   "build",
                   "build_config",
                   "build_resolvers",
                   "build_runner",
                   "built_collection",
                   "built_value",
                   "collection",
                   "convert",
                   "crypto",
                   "glob",
                   "graphs",
                   "json_annotation",
                   "logging",
                   "meta",
                   "package_config",
                   "path",
                   "pool",
                   "timing",
                   "watcher",
                   "yaml"
                 ],
                 "directDependencies": [
                   "analyzer",
                   "async",
                   "build",
                   "build_config",
                   "build_resolvers",
                   "build_runner",
                   "built_collection",
                   "built_value",
                   "collection",
                   "convert",
                   "crypto",
                   "glob",
                   "graphs",
                   "json_annotation",
                   "logging",
                   "meta",
                   "package_config",
                   "path",
                   "pool",
                   "timing",
                   "watcher",
                   "yaml"
                 ]
               },
               {
                 "name": "timing",
                 "version": "1.0.2",
                 "kind": "transitive",
                 "source": "hosted",
                 "dependencies": [
                   "json_annotation"
                 ],
                 "directDependencies": [
                   "json_annotation"
                 ]
               },
               {
                 "name": "build_runner",
                 "version": "2.5.0",
                 "kind": "dev",
                 "source": "hosted",
                 "dependencies": [
                   "analyzer",
                   "args",
                   "async",
                   "build",
                   "build_config",
                   "build_daemon",
                   "build_resolvers",
                   "build_runner_core",
                   "code_builder",
                   "collection",
                   "crypto",
                   "dart_style",
                   "frontend_server_client",
                   "glob",
                   "graphs",
                   "http",
                   "http_multi_server",
                   "io",
                   "js",
                   "logging",
                   "meta",
                   "mime",
                   "package_config",
                   "path",
                   "pool",
                   "pub_semver",
                   "pubspec_parse",
                   "shelf",
                   "shelf_web_socket",
                   "stack_trace",
                   "stream_transform",
                   "timing",
                   "watcher",
                   "web",
                   "web_socket_channel",
                   "yaml"
                 ],
                 "directDependencies": [
                   "analyzer",
                   "args",
                   "async",
                   "build",
                   "build_config",
                   "build_daemon",
                   "build_resolvers",
                   "build_runner_core",
                   "code_builder",
                   "collection",
                   "crypto",
                   "dart_style",
                   "frontend_server_client",
                   "glob",
                   "graphs",
                   "http",
                   "http_multi_server",
                   "io",
                   "js",
                   "logging",
                   "meta",
                   "mime",
                   "package_config",
                   "path",
                   "pool",
                   "pub_semver",
                   "pubspec_parse",
                   "shelf",
                   "shelf_web_socket",
                   "stack_trace",
                   "stream_transform",
                   "timing",
                   "watcher",
                   "web",
                   "web_socket_channel",
                   "yaml"
                 ]
               },
               {
                 "name": "stream_transform",
                 "version": "2.1.1",
                 "kind": "transitive",
                 "source": "hosted",
                 "dependencies": [],
                 "directDependencies": []
               },
               {
                 "name": "pubspec_parse",
                 "version": "1.5.0",
                 "kind": "transitive",
                 "source": "hosted",
                 "dependencies": [
                   "checked_yaml",
                   "collection",
                   "json_annotation",
                   "pub_semver",
                   "yaml"
                 ],
                 "directDependencies": [
                   "checked_yaml",
                   "collection",
                   "json_annotation",
                   "pub_semver",
                   "yaml"
                 ]
               },
               {
                 "name": "http",
                 "version": "1.4.0",
                 "kind": "direct",
                 "source": "hosted",
                 "dependencies": [
                   "async",
                   "http_parser",
                   "meta",
                   "web"
                 ],
                 "directDependencies": [
                   "async",
                   "http_parser",
                   "meta",
                   "web"
                 ]
               },
               {
                 "name": "code_builder",
                 "version": "4.10.1",
                 "kind": "transitive",
                 "source": "hosted",
                 "dependencies": [
                   "built_collection",
                   "built_value",
                   "collection",
                   "matcher",
                   "meta"
                 ],
                 "directDependencies": [
                   "built_collection",
                   "built_value",
                   "collection",
                   "matcher",
                   "meta"
                 ]
               },
               {
                 "name": "build_resolvers",
                 "version": "2.5.0",
                 "kind": "transitive",
                 "source": "hosted",
                 "dependencies": [
                   "analyzer",
                   "async",
                   "build",
                   "build_runner_core",
                   "collection",
                   "convert",
                   "crypto",
                   "graphs",
                   "logging",
                   "package_config",
                   "path",
                   "pool",
                   "pub_semver",
                   "stream_transform",
                   "yaml"
                 ],
                 "directDependencies": [
                   "analyzer",
                   "async",
                   "build",
                   "build_runner_core",
                   "collection",
                   "convert",
                   "crypto",
                   "graphs",
                   "logging",
                   "package_config",
                   "path",
                   "pool",
                   "pub_semver",
                   "stream_transform",
                   "yaml"
                 ]
               },
               {
                 "name": "build_daemon",
                 "version": "4.0.4",
                 "kind": "transitive",
                 "source": "hosted",
                 "dependencies": [
                   "built_collection",
                   "built_value",
                   "crypto",
                   "http_multi_server",
                   "logging",
                   "path",
                   "pool",
                   "shelf",
                   "shelf_web_socket",
                   "stream_transform",
                   "watcher",
                   "web_socket_channel"
                 ],
                 "directDependencies": [
                   "built_collection",
                   "built_value",
                   "crypto",
                   "http_multi_server",
                   "logging",
                   "path",
                   "pool",
                   "shelf",
                   "shelf_web_socket",
                   "stream_transform",
                   "watcher",
                   "web_socket_channel"
                 ]
               },
               {
                 "name": "build_config",
                 "version": "1.1.2",
                 "kind": "transitive",
                 "source": "hosted",
                 "dependencies": [
                   "checked_yaml",
                   "json_annotation",
                   "path",
                   "pubspec_parse",
                   "yaml"
                 ],
                 "directDependencies": [
                   "checked_yaml",
                   "json_annotation",
                   "path",
                   "pubspec_parse",
                   "yaml"
                 ]
               },
               {
                 "name": "hive",
                 "version": "2.2.3",
                 "kind": "transitive",
                 "source": "hosted",
                 "dependencies": [
                   "meta",
                   "crypto"
                 ],
                 "directDependencies": [
                   "meta",
                   "crypto"
                 ]
               },
               {
                 "name": "flutter_lints",
                 "version": "5.0.0",
                 "kind": "dev",
                 "source": "hosted",
                 "dependencies": [
                   "lints"
                 ],
                 "directDependencies": [
                   "lints"
                 ]
               },
               {
                 "name": "lints",
                 "version": "5.1.1",
                 "kind": "transitive",
                 "source": "hosted",
                 "dependencies": [],
                 "directDependencies": []
               },
               {
                 "name": "flutter_test",
                 "version": "0.0.0",
                 "kind": "dev",
                 "source": "sdk",
                 "dependencies": [
                   "flutter",
                   "test_api",
                   "matcher",
                   "path",
                   "fake_async",
                   "clock",
                   "stack_trace",
                   "vector_math",
                   "leak_tracker_flutter_testing",
                   "async",
                   "boolean_selector",
                   "characters",
                   "collection",
                   "leak_tracker",
                   "leak_tracker_testing",
                   "material_color_utilities",
                   "meta",
                   "source_span",
                   "stream_channel",
                   "string_scanner",
                   "term_glyph",
                   "vm_service"
                 ],
                 "directDependencies": [
                   "flutter",
                   "test_api",
                   "matcher",
                   "path",
                   "fake_async",
                   "clock",
                   "stack_trace",
                   "vector_math",
                   "leak_tracker_flutter_testing",
                   "async",
                   "boolean_selector",
                   "characters",
                   "collection",
                   "leak_tracker",
                   "leak_tracker_testing",
                   "material_color_utilities",
                   "meta",
                   "source_span",
                   "stream_channel",
                   "string_scanner",
                   "term_glyph",
                   "vm_service"
                 ]
               },
               {
                 "name": "material_color_utilities",
                 "version": "0.11.1",
                 "kind": "transitive",
                 "source": "hosted",
                 "dependencies": [
                   "collection"
                 ],
                 "directDependencies": [
                   "collection"
                 ]
               },
               {
                 "name": "leak_tracker_testing",
                 "version": "3.0.1",
                 "kind": "transitive",
                 "source": "hosted",
                 "dependencies": [
                   "leak_tracker",
                   "matcher",
                   "meta"
                 ],
                 "directDependencies": [
                   "leak_tracker",
                   "matcher",
                   "meta"
                 ]
               },
               {
                 "name": "leak_tracker",
                 "version": "10.0.9",
                 "kind": "transitive",
                 "source": "hosted",
                 "dependencies": [
                   "clock",
                   "collection",
                   "meta",
                   "path",
                   "vm_service"
                 ],
                 "directDependencies": [
                   "clock",
                   "collection",
                   "meta",
                   "path",
                   "vm_service"
                 ]
               },
               {
                 "name": "clock",
                 "version": "1.1.2",
                 "kind": "transitive",
                 "source": "hosted",
                 "dependencies": [],
                 "directDependencies": []
               },
               {
                 "name": "characters",
                 "version": "1.4.0",
                 "kind": "transitive",
                 "source": "hosted",
                 "dependencies": [],
                 "directDependencies": []
               },
               {
                 "name": "leak_tracker_flutter_testing",
                 "version": "3.0.9",
                 "kind": "transitive",
                 "source": "hosted",
                 "dependencies": [
                   "flutter",
                   "leak_tracker",
                   "leak_tracker_testing",
                   "matcher",
                   "meta"
                 ],
                 "directDependencies": [
                   "flutter",
                   "leak_tracker",
                   "leak_tracker_testing",
                   "matcher",
                   "meta"
                 ]
               },
               {
                 "name": "flutter",
                 "version": "0.0.0",
                 "kind": "direct",
                 "source": "sdk",
                 "dependencies": [
                   "characters",
                   "collection",
                   "material_color_utilities",
                   "meta",
                   "vector_math",
                   "sky_engine"
                 ],
                 "directDependencies": [
                   "characters",
                   "collection",
                   "material_color_utilities",
                   "meta",
                   "vector_math",
                   "sky_engine"
                 ]
               },
               {
                 "name": "sky_engine",
                 "version": "0.0.0",
                 "kind": "transitive",
                 "source": "sdk",
                 "dependencies": [],
                 "directDependencies": []
               },
               {
                 "name": "vector_math",
                 "version": "2.1.4",
                 "kind": "transitive",
                 "source": "hosted",
                 "dependencies": [],
                 "directDependencies": []
               },
               {
                 "name": "fake_async",
                 "version": "1.3.3",
                 "kind": "transitive",
                 "source": "hosted",
                 "dependencies": [
                   "clock",
                   "collection"
                 ],
                 "directDependencies": [
                   "clock",
                   "collection"
                 ]
               },
               {
                 "name": "hive_test",
                 "version": "1.0.1",
                 "kind": "direct",
                 "source": "hosted",
                 "dependencies": [
                   "flutter",
                   "hive",
                   "path"
                 ],
                 "directDependencies": [
                   "flutter",
                   "hive",
                   "path"
                 ]
               },
               {
                 "name": "proximity_sensor",
                 "version": "1.3.8",
                 "kind": "direct",
                 "source": "hosted",
                 "dependencies": [
                   "flutter"
                 ],
                 "directDependencies": [
                   "flutter"
                 ]
               },
               {
                 "name": "shake",
                 "version": "3.0.0",
                 "kind": "direct",
                 "source": "hosted",
                 "dependencies": [
                   "sensors_plus",
                   "flutter"
                 ],
                 "directDependencies": [
                   "sensors_plus",
                   "flutter"
                 ]
               },
               {
                 "name": "sensors_plus",
                 "version": "6.1.1",
                 "kind": "transitive",
                 "source": "hosted",
                 "dependencies": [
                   "flutter",
                   "flutter_web_plugins",
                   "sensors_plus_platform_interface"
                 ],
                 "directDependencies": [
                   "flutter",
                   "flutter_web_plugins",
                   "sensors_plus_platform_interface"
                 ]
               },
               {
                 "name": "sensors_plus_platform_interface",
                 "version": "2.0.1",
                 "kind": "transitive",
                 "source": "hosted",
                 "dependencies": [
                   "flutter",
                   "logging",
                   "meta",
                   "plugin_platform_interface"
                 ],
                 "directDependencies": [
                   "flutter",
                   "logging",
                   "meta",
                   "plugin_platform_interface"
                 ]
               },
               {
                 "name": "plugin_platform_interface",
                 "version": "2.1.8",
                 "kind": "transitive",
                 "source": "hosted",
                 "dependencies": [
                   "meta"
                 ],
                 "directDependencies": [
                   "meta"
                 ]
               },
               {
                 "name": "flutter_web_plugins",
                 "version": "0.0.0",
                 "kind": "transitive",
                 "source": "sdk",
                 "dependencies": [
                   "flutter",
                   "characters",
                   "collection",
                   "material_color_utilities",
                   "meta",
                   "vector_math"
                 ],
                 "directDependencies": [
                   "flutter",
                   "characters",
                   "collection",
                   "material_color_utilities",
                   "meta",
                   "vector_math"
                 ]
               },
               {
                 "name": "device_info_plus",
                 "version": "11.5.0",
                 "kind": "direct",
                 "source": "hosted",
                 "dependencies": [
                   "device_info_plus_platform_interface",
                   "ffi",
                   "file",
                   "flutter",
                   "flutter_web_plugins",
                   "meta",
                   "web",
                   "win32",
                   "win32_registry"
                 ],
                 "directDependencies": [
                   "device_info_plus_platform_interface",
                   "ffi",
                   "file",
                   "flutter",
                   "flutter_web_plugins",
                   "meta",
                   "web",
                   "win32",
                   "win32_registry"
                 ]
               },
               {
                 "name": "win32_registry",
                 "version": "2.1.0",
                 "kind": "transitive",
                 "source": "hosted",
                 "dependencies": [
                   "ffi",
                   "meta",
                   "win32"
                 ],
                 "directDependencies": [
                   "ffi",
                   "meta",
                   "win32"
                 ]
               },
               {
                 "name": "win32",
                 "version": "5.14.0",
                 "kind": "transitive",
                 "source": "hosted",
                 "dependencies": [
                   "ffi"
                 ],
                 "directDependencies": [
                   "ffi"
                 ]
               },
               {
                 "name": "device_info_plus_platform_interface",
                 "version": "7.0.3",
                 "kind": "transitive",
                 "source": "hosted",
                 "dependencies": [
                   "flutter",
                   "meta",
                   "plugin_platform_interface"
                 ],
                 "directDependencies": [
                   "flutter",
                   "meta",
                   "plugin_platform_interface"
                 ]
               },
               {
                 "name": "jwt_decode",
                 "version": "0.3.1",
                 "kind": "direct",
                 "source": "hosted",
                 "dependencies": [],
                 "directDependencies": []
               },
               {
                 "name": "google_fonts",
                 "version": "6.2.1",
                 "kind": "direct",
                 "source": "hosted",
                 "dependencies": [
                   "flutter",
                   "http",
                   "path_provider",
                   "crypto"
                 ],
                 "directDependencies": [
                   "flutter",
                   "http",
                   "path_provider",
                   "crypto"
                 ]
               },
               {
                 "name": "path_provider",
                 "version": "2.1.5",
                 "kind": "direct",
                 "source": "hosted",
                 "dependencies": [
                   "flutter",
                   "path_provider_android",
                   "path_provider_foundation",
                   "path_provider_linux",
                   "path_provider_platform_interface",
                   "path_provider_windows"
                 ],
                 "directDependencies": [
                   "flutter",
                   "path_provider_android",
                   "path_provider_foundation",
                   "path_provider_linux",
                   "path_provider_platform_interface",
                   "path_provider_windows"
                 ]
               },
               {
                 "name": "path_provider_windows",
                 "version": "2.3.0",
                 "kind": "transitive",
                 "source": "hosted",
                 "dependencies": [
                   "ffi",
                   "flutter",
                   "path",
                   "path_provider_platform_interface"
                 ],
                 "directDependencies": [
                   "ffi",
                   "flutter",
                   "path",
                   "path_provider_platform_interface"
                 ]
               },
               {
                 "name": "path_provider_platform_interface",
                 "version": "2.1.2",
                 "kind": "transitive",
                 "source": "hosted",
                 "dependencies": [
                   "flutter",
                   "platform",
                   "plugin_platform_interface"
                 ],
                 "directDependencies": [
                   "flutter",
                   "platform",
                   "plugin_platform_interface"
                 ]
               },
               {
                 "name": "platform",
                 "version": "3.1.6",
                 "kind": "transitive",
                 "source": "hosted",
                 "dependencies": [],
                 "directDependencies": []
               },
               {
                 "name": "path_provider_linux",
                 "version": "2.2.1",
                 "kind": "transitive",
                 "source": "hosted",
                 "dependencies": [
                   "ffi",
                   "flutter",
                   "path",
                   "path_provider_platform_interface",
                   "xdg_directories"
                 ],
                 "directDependencies": [
                   "ffi",
                   "flutter",
                   "path",
                   "path_provider_platform_interface",
                   "xdg_directories"
                 ]
               },
               {
                 "name": "xdg_directories",
                 "version": "1.1.0",
                 "kind": "transitive",
                 "source": "hosted",
                 "dependencies": [
                   "meta",
                   "path"
                 ],
                 "directDependencies": [
                   "meta",
                   "path"
                 ]
               },
               {
                 "name": "path_provider_foundation",
                 "version": "2.4.1",
                 "kind": "transitive",
                 "source": "hosted",
                 "dependencies": [
                   "flutter",
                   "path_provider_platform_interface"
                 ],
                 "directDependencies": [
                   "flutter",
                   "path_provider_platform_interface"
                 ]
               },
               {
                 "name": "path_provider_android",
                 "version": "2.2.17",
                 "kind": "transitive",
                 "source": "hosted",
                 "dependencies": [
                   "flutter",
                   "path_provider_platform_interface"
                 ],
                 "directDependencies": [
                   "flutter",
                   "path_provider_platform_interface"
                 ]
               },
               {
                 "name": "fluttertoast",
                 "version": "8.2.12",
                 "kind": "direct",
                 "source": "hosted",
                 "dependencies": [
                   "flutter",
                   "flutter_web_plugins",
                   "web"
                 ],
                 "directDependencies": [
                   "flutter",
                   "flutter_web_plugins",
                   "web"
                 ]
               },
               {
                 "name": "flutter_rating_bar",
                 "version": "4.0.1",
                 "kind": "direct",
                 "source": "hosted",
                 "dependencies": [
                   "flutter"
                 ],
                 "directDependencies": [
                   "flutter"
                 ]
               },
               {
                 "name": "flutter_local_notifications",
                 "version": "17.2.4",
                 "kind": "direct",
                 "source": "hosted",
                 "dependencies": [
                   "clock",
                   "flutter",
                   "flutter_local_notifications_linux",
                   "flutter_local_notifications_platform_interface",
                   "timezone"
                 ],
                 "directDependencies": [
                   "clock",
                   "flutter",
                   "flutter_local_notifications_linux",
                   "flutter_local_notifications_platform_interface",
                   "timezone"
                 ]
               },
               {
                 "name": "timezone",
                 "version": "0.9.4",
                 "kind": "transitive",
                 "source": "hosted",
                 "dependencies": [
                   "path"
                 ],
                 "directDependencies": [
                   "path"
                 ]
               },
               {
                 "name": "flutter_local_notifications_platform_interface",
                 "version": "7.2.0",
                 "kind": "transitive",
                 "source": "hosted",
                 "dependencies": [
                   "flutter",
                   "plugin_platform_interface"
                 ],
                 "directDependencies": [
                   "flutter",
                   "plugin_platform_interface"
                 ]
               },
               {
                 "name": "flutter_local_notifications_linux",
                 "version": "4.0.1",
                 "kind": "transitive",
                 "source": "hosted",
                 "dependencies": [
                   "dbus",
                   "ffi",
                   "flutter",
                   "flutter_local_notifications_platform_interface",
                   "path",
                   "xdg_directories"
                 ],
                 "directDependencies": [
                   "dbus",
                   "ffi",
                   "flutter",
                   "flutter_local_notifications_platform_interface",
                   "path",
                   "xdg_directories"
                 ]
               },
               {
                 "name": "dbus",
                 "version": "0.7.11",
                 "kind": "transitive",
                 "source": "hosted",
                 "dependencies": [
                   "args",
                   "ffi",
                   "meta",
                   "xml"
                 ],
                 "directDependencies": [
                   "args",
                   "ffi",
                   "meta",
                   "xml"
                 ]
               },
               {
                 "name": "json_serializable",
                 "version": "6.9.0",
                 "kind": "direct",
                 "source": "hosted",
                 "dependencies": [
                   "analyzer",
                   "async",
                   "build",
                   "build_config",
                   "collection",
                   "json_annotation",
                   "meta",
                   "path",
                   "pub_semver",
                   "pubspec_parse",
                   "source_gen",
                   "source_helper"
                 ],
                 "directDependencies": [
                   "analyzer",
                   "async",
                   "build",
                   "build_config",
                   "collection",
                   "json_annotation",
                   "meta",
                   "path",
                   "pub_semver",
                   "pubspec_parse",
                   "source_gen",
                   "source_helper"
                 ]
               },
               {
                 "name": "permission_handler",
                 "version": "12.0.0+1",
                 "kind": "direct",
                 "source": "hosted",
                 "dependencies": [
                   "flutter",
                   "meta",
                   "permission_handler_android",
                   "permission_handler_apple",
                   "permission_handler_html",
                   "permission_handler_windows",
                   "permission_handler_platform_interface"
                 ],
                 "directDependencies": [
                   "flutter",
                   "meta",
                   "permission_handler_android",
                   "permission_handler_apple",
                   "permission_handler_html",
                   "permission_handler_windows",
                   "permission_handler_platform_interface"
                 ]
               },
               {
                 "name": "permission_handler_platform_interface",
                 "version": "4.3.0",
                 "kind": "transitive",
                 "source": "hosted",
                 "dependencies": [
                   "flutter",
                   "meta",
                   "plugin_platform_interface"
                 ],
                 "directDependencies": [
                   "flutter",
                   "meta",
                   "plugin_platform_interface"
                 ]
               },
               {
                 "name": "permission_handler_windows",
                 "version": "0.2.1",
                 "kind": "transitive",
                 "source": "hosted",
                 "dependencies": [
                   "flutter",
                   "permission_handler_platform_interface"
                 ],
                 "directDependencies": [
                   "flutter",
                   "permission_handler_platform_interface"
                 ]
               },
               {
                 "name": "permission_handler_html",
                 "version": "0.1.3+5",
                 "kind": "transitive",
                 "source": "hosted",
                 "dependencies": [
                   "flutter",
                   "flutter_web_plugins",
                   "permission_handler_platform_interface",
                   "web"
                 ],
                 "directDependencies": [
                   "flutter",
                   "flutter_web_plugins",
                   "permission_handler_platform_interface",
                   "web"
                 ]
               },
               {
                 "name": "permission_handler_apple",
                 "version": "9.4.7",
                 "kind": "transitive",
                 "source": "hosted",
                 "dependencies": [
                   "flutter",
                   "permission_handler_platform_interface"
                 ],
                 "directDependencies": [
                   "flutter",
                   "permission_handler_platform_interface"
                 ]
               },
               {
                 "name": "permission_handler_android",
                 "version": "13.0.1",
                 "kind": "transitive",
                 "source": "hosted",
                 "dependencies": [
                   "flutter",
                   "permission_handler_platform_interface"
                 ],
                 "directDependencies": [
                   "flutter",
                   "permission_handler_platform_interface"
                 ]
               },
               {
                 "name": "connectivity_plus",
                 "version": "6.1.4",
                 "kind": "direct",
                 "source": "hosted",
                 "dependencies": [
                   "flutter",
                   "flutter_web_plugins",
                   "connectivity_plus_platform_interface",
                   "web",
                   "meta",
                   "nm",
                   "collection"
                 ],
                 "directDependencies": [
                   "flutter",
                   "flutter_web_plugins",
                   "connectivity_plus_platform_interface",
                   "web",
                   "meta",
                   "nm",
                   "collection"
                 ]
               },
               {
                 "name": "nm",
                 "version": "0.5.0",
                 "kind": "transitive",
                 "source": "hosted",
                 "dependencies": [
                   "dbus"
                 ],
                 "directDependencies": [
                   "dbus"
                 ]
               },
               {
                 "name": "connectivity_plus_platform_interface",
                 "version": "2.0.1",
                 "kind": "transitive",
                 "source": "hosted",
                 "dependencies": [
                   "flutter",
                   "meta",
                   "plugin_platform_interface"
                 ],
                 "directDependencies": [
                   "flutter",
                   "meta",
                   "plugin_platform_interface"
                 ]
               },
               {
                 "name": "awesome_dio_interceptor",
                 "version": "1.3.0",
                 "kind": "direct",
                 "source": "hosted",
                 "dependencies": [
                   "dio",
                   "colorize"
                 ],
                 "directDependencies": [
                   "dio",
                   "colorize"
                 ]
               },
               {
                 "name": "colorize",
                 "version": "3.0.0",
                 "kind": "transitive",
                 "source": "hosted",
                 "dependencies": [],
                 "directDependencies": []
               },
               {
                 "name": "dio",
                 "version": "5.8.0+1",
                 "kind": "direct",
                 "source": "hosted",
                 "dependencies": [
                   "async",
                   "collection",
                   "http_parser",
                   "meta",
                   "path",
                   "dio_web_adapter"
                 ],
                 "directDependencies": [
                   "async",
                   "collection",
                   "http_parser",
                   "meta",
                   "path",
                   "dio_web_adapter"
                 ]
               },
               {
                 "name": "dio_web_adapter",
                 "version": "2.1.1",
                 "kind": "transitive",
                 "source": "hosted",
                 "dependencies": [
                   "dio",
                   "http_parser",
                   "meta",
                   "web"
                 ],
                 "directDependencies": [
                   "dio",
                   "http_parser",
                   "meta",
                   "web"
                 ]
               },
               {
                 "name": "image_picker",
                 "version": "1.1.2",
                 "kind": "direct",
                 "source": "hosted",
                 "dependencies": [
                   "flutter",
                   "image_picker_android",
                   "image_picker_for_web",
                   "image_picker_ios",
                   "image_picker_linux",
                   "image_picker_macos",
                   "image_picker_platform_interface",
                   "image_picker_windows"
                 ],
                 "directDependencies": [
                   "flutter",
                   "image_picker_android",
                   "image_picker_for_web",
                   "image_picker_ios",
                   "image_picker_linux",
                   "image_picker_macos",
                   "image_picker_platform_interface",
                   "image_picker_windows"
                 ]
               },
               {
                 "name": "image_picker_windows",
                 "version": "0.2.1+1",
                 "kind": "transitive",
                 "source": "hosted",
                 "dependencies": [
                   "file_selector_platform_interface",
                   "file_selector_windows",
                   "flutter",
                   "image_picker_platform_interface"
                 ],
                 "directDependencies": [
                   "file_selector_platform_interface",
                   "file_selector_windows",
                   "flutter",
                   "image_picker_platform_interface"
                 ]
               },
               {
                 "name": "image_picker_platform_interface",
                 "version": "2.10.1",
                 "kind": "transitive",
                 "source": "hosted",
                 "dependencies": [
                   "cross_file",
                   "flutter",
                   "http",
                   "plugin_platform_interface"
                 ],
                 "directDependencies": [
                   "cross_file",
                   "flutter",
                   "http",
                   "plugin_platform_interface"
                 ]
               },
               {
                 "name": "cross_file",
                 "version": "0.3.4+2",
                 "kind": "transitive",
                 "source": "hosted",
                 "dependencies": [
                   "meta",
                   "web"
                 ],
                 "directDependencies": [
                   "meta",
                   "web"
                 ]
               },
               {
                 "name": "file_selector_windows",
                 "version": "0.9.3+4",
                 "kind": "transitive",
                 "source": "hosted",
                 "dependencies": [
                   "cross_file",
                   "file_selector_platform_interface",
                   "flutter"
                 ],
                 "directDependencies": [
                   "cross_file",
                   "file_selector_platform_interface",
                   "flutter"
                 ]
               },
               {
                 "name": "file_selector_platform_interface",
                 "version": "2.6.2",
                 "kind": "transitive",
                 "source": "hosted",
                 "dependencies": [
                   "cross_file",
                   "flutter",
                   "http",
                   "plugin_platform_interface"
                 ],
                 "directDependencies": [
                   "cross_file",
                   "flutter",
                   "http",
                   "plugin_platform_interface"
                 ]
               },
               {
                 "name": "image_picker_macos",
                 "version": "0.2.1+2",
                 "kind": "transitive",
                 "source": "hosted",
                 "dependencies": [
                   "file_selector_macos",
                   "file_selector_platform_interface",
                   "flutter",
                   "image_picker_platform_interface"
                 ],
                 "directDependencies": [
                   "file_selector_macos",
                   "file_selector_platform_interface",
                   "flutter",
                   "image_picker_platform_interface"
                 ]
               },
               {
                 "name": "file_selector_macos",
                 "version": "0.9.4+3",
                 "kind": "transitive",
                 "source": "hosted",
                 "dependencies": [
                   "cross_file",
                   "file_selector_platform_interface",
                   "flutter"
                 ],
                 "directDependencies": [
                   "cross_file",
                   "file_selector_platform_interface",
                   "flutter"
                 ]
               },
               {
                 "name": "image_picker_linux",
                 "version": "0.2.1+2",
                 "kind": "transitive",
                 "source": "hosted",
                 "dependencies": [
                   "file_selector_linux",
                   "file_selector_platform_interface",
                   "flutter",
                   "image_picker_platform_interface"
                 ],
                 "directDependencies": [
                   "file_selector_linux",
                   "file_selector_platform_interface",
                   "flutter",
                   "image_picker_platform_interface"
                 ]
               },
               {
                 "name": "file_selector_linux",
                 "version": "0.9.3+2",
                 "kind": "transitive",
                 "source": "hosted",
                 "dependencies": [
                   "cross_file",
                   "file_selector_platform_interface",
                   "flutter"
                 ],
                 "directDependencies": [
                   "cross_file",
                   "file_selector_platform_interface",
                   "flutter"
                 ]
               },
               {
                 "name": "image_picker_ios",
                 "version": "0.8.12+2",
                 "kind": "transitive",
                 "source": "hosted",
                 "dependencies": [
                   "flutter",
                   "image_picker_platform_interface"
                 ],
                 "directDependencies": [
                   "flutter",
                   "image_picker_platform_interface"
                 ]
               },
               {
                 "name": "image_picker_for_web",
                 "version": "3.0.6",
                 "kind": "transitive",
                 "source": "hosted",
                 "dependencies": [
                   "flutter",
                   "flutter_web_plugins",
                   "image_picker_platform_interface",
                   "mime",
                   "web"
                 ],
                 "directDependencies": [
                   "flutter",
                   "flutter_web_plugins",
                   "image_picker_platform_interface",
                   "mime",
                   "web"
                 ]
               },
               {
                 "name": "image_picker_android",
                 "version": "0.8.12+23",
                 "kind": "transitive",
                 "source": "hosted",
                 "dependencies": [
                   "flutter",
                   "flutter_plugin_android_lifecycle",
                   "image_picker_platform_interface"
                 ],
                 "directDependencies": [
                   "flutter",
                   "flutter_plugin_android_lifecycle",
                   "image_picker_platform_interface"
                 ]
               },
               {
                 "name": "flutter_plugin_android_lifecycle",
                 "version": "2.0.28",
                 "kind": "transitive",
                 "source": "hosted",
                 "dependencies": [
                   "flutter"
                 ],
                 "directDependencies": [
                   "flutter"
                 ]
               },
               {
                 "name": "dartz",
                 "version": "0.10.1",
                 "kind": "direct",
                 "source": "hosted",
                 "dependencies": [],
                 "directDependencies": []
               },
               {
                 "name": "uuid",
                 "version": "4.5.1",
                 "kind": "direct",
                 "source": "hosted",
                 "dependencies": [
                   "crypto",
                   "sprintf",
                   "meta",
                   "fixnum"
                 ],
                 "directDependencies": [
                   "crypto",
                   "sprintf",
                   "meta",
                   "fixnum"
                 ]
               },
               {
                 "name": "sprintf",
                 "version": "7.0.0",
                 "kind": "transitive",
                 "source": "hosted",
                 "dependencies": [],
                 "directDependencies": []
               },
               {
                 "name": "multi_select_flutter",
                 "version": "4.1.3",
                 "kind": "direct",
                 "source": "hosted",
                 "dependencies": [
                   "flutter",
                   "collection"
                 ],
                 "directDependencies": [
                   "flutter",
                   "collection"
                 ]
               },
               {
                 "name": "pretty_dio_logger",
                 "version": "1.4.0",
                 "kind": "direct",
                 "source": "hosted",
                 "dependencies": [
                   "dio"
                 ],
                 "directDependencies": [
                   "dio"
                 ]
               },
               {
                 "name": "hive_flutter",
                 "version": "1.1.0",
                 "kind": "direct",
                 "source": "hosted",
                 "dependencies": [
                   "flutter",
                   "hive",
                   "path_provider",
                   "path"
                 ],
                 "directDependencies": [
                   "flutter",
                   "hive",
                   "path_provider",
                   "path"
                 ]
               },
               {
                 "name": "get_it",
                 "version": "8.0.3",
                 "kind": "direct",
                 "source": "hosted",
                 "dependencies": [
                   "async",
                   "collection",
                   "meta"
                 ],
                 "directDependencies": [
                   "async",
                   "collection",
                   "meta"
                 ]
               },
               {
                 "name": "flutter_bloc",
                 "version": "9.1.1",
                 "kind": "direct",
                 "source": "hosted",
                 "dependencies": [
                   "bloc",
                   "flutter",
                   "provider"
                 ],
                 "directDependencies": [
                   "bloc",
                   "flutter",
                   "provider"
                 ]
               },
               {
                 "name": "provider",
                 "version": "6.1.5",
                 "kind": "transitive",
                 "source": "hosted",
                 "dependencies": [
                   "collection",
                   "flutter",
                   "nested"
                 ],
                 "directDependencies": [
                   "collection",
                   "flutter",
                   "nested"
                 ]
               },
               {
                 "name": "nested",
                 "version": "1.0.0",
                 "kind": "transitive",
                 "source": "hosted",
                 "dependencies": [
                   "flutter"
                 ],
                 "directDependencies": [
                   "flutter"
                 ]
               },
               {
                 "name": "equatable",
                 "version": "2.0.7",
                 "kind": "direct",
                 "source": "hosted",
                 "dependencies": [
                   "collection",
                   "meta"
                 ],
                 "directDependencies": [
                   "collection",
                   "meta"
                 ]
               },
               {
                 "name": "lottie",
                 "version": "3.3.1",
                 "kind": "direct",
                 "source": "hosted",
                 "dependencies": [
                   "archive",
                   "flutter",
                   "http",
                   "path",
                   "vector_math"
                 ],
                 "directDependencies": [
                   "archive",
                   "flutter",
                   "http",
                   "path",
                   "vector_math"
                 ]
               },
               {
                 "name": "shared_preferences",
                 "version": "2.5.3",
                 "kind": "direct",
                 "source": "hosted",
                 "dependencies": [
                   "flutter",
                   "shared_preferences_android",
                   "shared_preferences_foundation",
                   "shared_preferences_linux",
                   "shared_preferences_platform_interface",
                   "shared_preferences_web",
                   "shared_preferences_windows"
                 ],
                 "directDependencies": [
                   "flutter",
                   "shared_preferences_android",
                   "shared_preferences_foundation",
                   "shared_preferences_linux",
                   "shared_preferences_platform_interface",
                   "shared_preferences_web",
                   "shared_preferences_windows"
                 ]
               },
               {
                 "name": "shared_preferences_windows",
                 "version": "2.4.1",
                 "kind": "transitive",
                 "source": "hosted",
                 "dependencies": [
                   "file",
                   "flutter",
                   "path",
                   "path_provider_platform_interface",
                   "path_provider_windows",
                   "shared_preferences_platform_interface"
                 ],
                 "directDependencies": [
                   "file",
                   "flutter",
                   "path",
                   "path_provider_platform_interface",
                   "path_provider_windows",
                   "shared_preferences_platform_interface"
                 ]
               },
               {
                 "name": "shared_preferences_platform_interface",
                 "version": "2.4.1",
                 "kind": "transitive",
                 "source": "hosted",
                 "dependencies": [
                   "flutter",
                   "plugin_platform_interface"
                 ],
                 "directDependencies": [
                   "flutter",
                   "plugin_platform_interface"
                 ]
               },
               {
                 "name": "shared_preferences_web",
                 "version": "2.4.3",
                 "kind": "transitive",
                 "source": "hosted",
                 "dependencies": [
                   "flutter",
                   "flutter_web_plugins",
                   "shared_preferences_platform_interface",
                   "web"
                 ],
                 "directDependencies": [
                   "flutter",
                   "flutter_web_plugins",
                   "shared_preferences_platform_interface",
                   "web"
                 ]
               },
               {
                 "name": "shared_preferences_linux",
                 "version": "2.4.1",
                 "kind": "transitive",
                 "source": "hosted",
                 "dependencies": [
                   "file",
                   "flutter",
                   "path",
                   "path_provider_linux",
                   "path_provider_platform_interface",
                   "shared_preferences_platform_interface"
                 ],
                 "directDependencies": [
                   "file",
                   "flutter",
                   "path",
                   "path_provider_linux",
                   "path_provider_platform_interface",
                   "shared_preferences_platform_interface"
                 ]
               },
               {
                 "name": "shared_preferences_foundation",
                 "version": "2.5.4",
                 "kind": "transitive",
                 "source": "hosted",
                 "dependencies": [
                   "flutter",
                   "shared_preferences_platform_interface"
                 ],
                 "directDependencies": [
                   "flutter",
                   "shared_preferences_platform_interface"
                 ]
               },
               {
                 "name": "shared_preferences_android",
                 "version": "2.4.10",
                 "kind": "transitive",
                 "source": "hosted",
                 "dependencies": [
                   "flutter",
                   "shared_preferences_platform_interface"
                 ],
                 "directDependencies": [
                   "flutter",
                   "shared_preferences_platform_interface"
                 ]
               },
               {
                 "name": "cupertino_icons",
                 "version": "1.0.8",
                 "kind": "direct",
                 "source": "hosted",
                 "dependencies": [],
                 "directDependencies": []
               }
             ],
             "sdks": [
               {
                 "name": "Dart",
                 "version": "3.8.1"
               },
               {
                 "name": "Flutter",
                 "version": "3.32.1"
               }
             ],
             "executables": [
               "build_runner",
               "build_runner:graph_inspector",
               "flutter_launcher_icons",
               "flutter_launcher_icons:generate",
               "flutter_launcher_icons:main"
             ]
           }
[  +90 ms] Found plugin connectivity_plus at C:\Users\ri\AppData\Local\Pub\Cache\hosted\pub.dev\connectivity_plus-6.1.4\
[   +5 ms] Found plugin device_info_plus at C:\Users\ri\AppData\Local\Pub\Cache\hosted\pub.dev\device_info_plus-11.5.0\
[   +6 ms] Found plugin file_selector_linux at C:\Users\ri\AppData\Local\Pub\Cache\hosted\pub.dev\file_selector_linux-0.9.3+2\
[        ] Found plugin file_selector_macos at C:\Users\ri\AppData\Local\Pub\Cache\hosted\pub.dev\file_selector_macos-0.9.4+3\
[   +1 ms] Found plugin file_selector_windows at C:\Users\ri\AppData\Local\Pub\Cache\hosted\pub.dev\file_selector_windows-0.9.3+4\
[   +2 ms] Found plugin flutter_local_notifications at C:\Users\ri\AppData\Local\Pub\Cache\hosted\pub.dev\flutter_local_notifications-17.2.4\
[        ] Found plugin flutter_local_notifications_linux at C:\Users\ri\AppData\Local\Pub\Cache\hosted\pub.dev\flutter_local_notifications_linux-4.0.1\
[   +1 ms] Found plugin flutter_plugin_android_lifecycle at C:\Users\ri\AppData\Local\Pub\Cache\hosted\pub.dev\flutter_plugin_android_lifecycle-2.0.28\
[   +1 ms] Found plugin fluttertoast at C:\Users\ri\AppData\Local\Pub\Cache\hosted\pub.dev\fluttertoast-8.2.12\
[   +7 ms] Found plugin image_picker at C:\Users\ri\AppData\Local\Pub\Cache\hosted\pub.dev\image_picker-1.1.2\
[        ] Found plugin image_picker_android at C:\Users\ri\AppData\Local\Pub\Cache\hosted\pub.dev\image_picker_android-0.8.12+23\
[        ] Found plugin image_picker_for_web at C:\Users\ri\AppData\Local\Pub\Cache\hosted\pub.dev\image_picker_for_web-3.0.6\
[        ] Found plugin image_picker_ios at C:\Users\ri\AppData\Local\Pub\Cache\hosted\pub.dev\image_picker_ios-0.8.12+2\
[        ] Found plugin image_picker_linux at C:\Users\ri\AppData\Local\Pub\Cache\hosted\pub.dev\image_picker_linux-0.2.1+2\
[        ] Found plugin image_picker_macos at C:\Users\ri\AppData\Local\Pub\Cache\hosted\pub.dev\image_picker_macos-0.2.1+2\
[   +1 ms] Found plugin image_picker_windows at C:\Users\ri\AppData\Local\Pub\Cache\hosted\pub.dev\image_picker_windows-0.2.1+1\
[  +12 ms] Found plugin path_provider at C:\Users\ri\AppData\Local\Pub\Cache\hosted\pub.dev\path_provider-2.1.5\
[        ] Found plugin path_provider_android at C:\Users\ri\AppData\Local\Pub\Cache\hosted\pub.dev\path_provider_android-2.2.17\
[        ] Found plugin path_provider_foundation at C:\Users\ri\AppData\Local\Pub\Cache\hosted\pub.dev\path_provider_foundation-2.4.1\
[        ] Found plugin path_provider_linux at C:\Users\ri\AppData\Local\Pub\Cache\hosted\pub.dev\path_provider_linux-2.2.1\
[   +2 ms] Found plugin path_provider_windows at C:\Users\ri\AppData\Local\Pub\Cache\hosted\pub.dev\path_provider_windows-2.3.0\
[        ] Found plugin permission_handler at C:\Users\ri\AppData\Local\Pub\Cache\hosted\pub.dev\permission_handler-12.0.0+1\
[        ] Found plugin permission_handler_android at C:\Users\ri\AppData\Local\Pub\Cache\hosted\pub.dev\permission_handler_android-13.0.1\
[        ] Found plugin permission_handler_apple at C:\Users\ri\AppData\Local\Pub\Cache\hosted\pub.dev\permission_handler_apple-9.4.7\
[        ] Found plugin permission_handler_html at C:\Users\ri\AppData\Local\Pub\Cache\hosted\pub.dev\permission_handler_html-0.1.3+5\
[   +1 ms] Found plugin permission_handler_windows at C:\Users\ri\AppData\Local\Pub\Cache\hosted\pub.dev\permission_handler_windows-0.2.1\
[   +3 ms] Found plugin proximity_sensor at C:\Users\ri\AppData\Local\Pub\Cache\hosted\pub.dev\proximity_sensor-1.3.8\
[   +1 ms] Found plugin sensors_plus at C:\Users\ri\AppData\Local\Pub\Cache\hosted\pub.dev\sensors_plus-6.1.1\
[   +1 ms] Found plugin shared_preferences at C:\Users\ri\AppData\Local\Pub\Cache\hosted\pub.dev\shared_preferences-2.5.3\
[        ] Found plugin shared_preferences_android at C:\Users\ri\AppData\Local\Pub\Cache\hosted\pub.dev\shared_preferences_android-2.4.10\
[        ] Found plugin shared_preferences_foundation at C:\Users\ri\AppData\Local\Pub\Cache\hosted\pub.dev\shared_preferences_foundation-2.5.4\
[        ] Found plugin shared_preferences_linux at C:\Users\ri\AppData\Local\Pub\Cache\hosted\pub.dev\shared_preferences_linux-2.4.1\
[   +1 ms] Found plugin shared_preferences_web at C:\Users\ri\AppData\Local\Pub\Cache\hosted\pub.dev\shared_preferences_web-2.4.3\
[        ] Found plugin shared_preferences_windows at C:\Users\ri\AppData\Local\Pub\Cache\hosted\pub.dev\shared_preferences_windows-2.4.1\
[  +24 ms] Generating C:\Users\ri\skin_muse\android\app\src\main\java\io\flutter\plugins\GeneratedPluginRegistrant.java
[ +135 ms] No packages with native assets. Skipping native assets compilation.
[   +1 ms] Writing native assets json to file:///C:/Users/ri/skin_muse/build/native_assets/windows/native_assets.json.
[   +1 ms] Writing C:\Users\ri\skin_muse\build\native_assets\windows\native_assets.json done.
[ +195 ms] running test package with arguments: [--no-color, --chain-stack-traces, --, file:///C:/Users/ri/skin_muse/test/unit/validators_test.dart?]
00:00 +0: loading C:/Users/ri/skin_muse/test/unit/validators_test.dart
[ +152 ms] test 0: starting test C:/Users/ri/skin_muse/test/unit/validators_test.dart
[   +4 ms] Stopping scan for flutter_test_config.dart; found project root at C:\Users\ri\skin_muse
[   +3 ms] Compiler will use the following file as its incremental dill file: C:\Users\ri\AppData\Local\Temp\flutter_tools.9ab120c6\flutter_test_compiler.f5d1b364\output.dill
[        ] Listening to compiler controller...
[   +7 ms] Compiling file:///C:/Users/ri/AppData/Local/Temp/flutter_tools.9ab120c6/flutter_test_listener.5eda0ed9/listener.dart
[   +5 ms] executing: [C:\Users\ri\skin_muse/] C:\flutter\bin\cache\dart-sdk\bin\dart pub --suppress-analytics deps --json
[ +418 ms] {
             "root": "skin_muse",
             "packages": [
               {
                 "name": "skin_muse",
                 "version": "1.0.0+1",
                 "kind": "root",
                 "source": "root",
                 "dependencies": [
                   "flutter",
                   "cupertino_icons",
                   "shared_preferences",
                   "lottie",
                   "equatable",
                   "flutter_bloc",
                   "get_it",
                   "dio",
                   "hive_flutter",
                   "pretty_dio_logger",
                   "multi_select_flutter",
                   "uuid",
                   "dartz",
                   "path_provider",
                   "image_picker",
                   "awesome_dio_interceptor",
                   "json_annotation",
                   "connectivity_plus",
                   "permission_handler",
                   "json_serializable",
                   "async",
                   "flutter_local_notifications",
                   "flutter_rating_bar",
                   "fluttertoast",
                   "http",
                   "google_fonts",
                   "jwt_decode",
                   "device_info_plus",
                   "shake",
                   "proximity_sensor",
                   "hive_test",
                   "flutter_test",
                   "flutter_lints",
                   "build_runner",
                   "hive_generator",
                   "flutter_launcher_icons",
                   "bloc_test",
                   "mocktail"
                 ],
                 "directDependencies": [
                   "flutter",
                   "cupertino_icons",
                   "shared_preferences",
                   "lottie",
                   "equatable",
                   "flutter_bloc",
                   "get_it",
                   "dio",
                   "hive_flutter",
                   "pretty_dio_logger",
                   "multi_select_flutter",
                   "uuid",
                   "dartz",
                   "path_provider",
                   "image_picker",
                   "awesome_dio_interceptor",
                   "json_annotation",
                   "connectivity_plus",
                   "permission_handler",
                   "json_serializable",
                   "async",
                   "flutter_local_notifications",
                   "flutter_rating_bar",
                   "fluttertoast",
                   "http",
                   "google_fonts",
                   "jwt_decode",
                   "device_info_plus",
                   "shake",
                   "proximity_sensor",
                   "hive_test"
                 ],
                 "devDependencies": [
                   "flutter_test",
                   "flutter_lints",
                   "build_runner",
                   "hive_generator",
                   "flutter_launcher_icons",
                   "bloc_test",
                   "mocktail"
                 ]
               },
               {
                 "name": "mocktail",
                 "version": "1.0.4",
                 "kind": "dev",
                 "source": "hosted",
                 "dependencies": [
                   "collection",
                   "matcher",
                   "test_api"
                 ],
                 "directDependencies": [
                   "collection",
                   "matcher",
                   "test_api"
                 ]
               },
               {
                 "name": "test_api",
                 "version": "0.7.4",
                 "kind": "transitive",
                 "source": "hosted",
                 "dependencies": [
                   "async",
                   "boolean_selector",
                   "collection",
                   "meta",
                   "source_span",
                   "stack_trace",
                   "stream_channel",
                   "string_scanner",
                   "term_glyph"
                 ],
                 "directDependencies": [
                   "async",
                   "boolean_selector",
                   "collection",
                   "meta",
                   "source_span",
                   "stack_trace",
                   "stream_channel",
                   "string_scanner",
                   "term_glyph"
                 ]
               },
               {
                 "name": "term_glyph",
                 "version": "1.2.2",
                 "kind": "transitive",
                 "source": "hosted",
                 "dependencies": [],
                 "directDependencies": []
               },
               {
                 "name": "string_scanner",
                 "version": "1.4.1",
                 "kind": "transitive",
                 "source": "hosted",
                 "dependencies": [
                   "source_span"
                 ],
                 "directDependencies": [
                   "source_span"
                 ]
               },
               {
                 "name": "source_span",
                 "version": "1.10.1",
                 "kind": "transitive",
                 "source": "hosted",
                 "dependencies": [
                   "collection",
                   "path",
                   "term_glyph"
                 ],
                 "directDependencies": [
                   "collection",
                   "path",
                   "term_glyph"
                 ]
               },
               {
                 "name": "path",
                 "version": "1.9.1",
                 "kind": "transitive",
                 "source": "hosted",
                 "dependencies": [],
                 "directDependencies": []
               },
               {
                 "name": "collection",
                 "version": "1.19.1",
                 "kind": "transitive",
                 "source": "hosted",
                 "dependencies": [],
                 "directDependencies": []
               },
               {
                 "name": "stream_channel",
                 "version": "2.1.4",
                 "kind": "transitive",
                 "source": "hosted",
                 "dependencies": [
                   "async"
                 ],
                 "directDependencies": [
                   "async"
                 ]
               },
               {
                 "name": "async",
                 "version": "2.13.0",
                 "kind": "direct",
                 "source": "hosted",
                 "dependencies": [
                   "collection",
                   "meta"
                 ],
                 "directDependencies": [
                   "collection",
                   "meta"
                 ]
               },
               {
                 "name": "meta",
                 "version": "1.16.0",
                 "kind": "transitive",
                 "source": "hosted",
                 "dependencies": [],
                 "directDependencies": []
               },
               {
                 "name": "stack_trace",
                 "version": "1.12.1",
                 "kind": "transitive",
                 "source": "hosted",
                 "dependencies": [
                   "path"
                 ],
                 "directDependencies": [
                   "path"
                 ]
               },
               {
                 "name": "boolean_selector",
                 "version": "2.1.2",
                 "kind": "transitive",
                 "source": "hosted",
                 "dependencies": [
                   "source_span",
                   "string_scanner"
                 ],
                 "directDependencies": [
                   "source_span",
                   "string_scanner"
                 ]
               },
               {
                 "name": "matcher",
                 "version": "0.12.17",
                 "kind": "transitive",
                 "source": "hosted",
                 "dependencies": [
                   "async",
                   "meta",
                   "stack_trace",
                   "term_glyph",
                   "test_api"
                 ],
                 "directDependencies": [
                   "async",
                   "meta",
                   "stack_trace",
                   "term_glyph",
                   "test_api"
                 ]
               },
               {
                 "name": "bloc_test",
                 "version": "10.0.0",
                 "kind": "dev",
                 "source": "hosted",
                 "dependencies": [
                   "bloc",
                   "diff_match_patch",
                   "meta",
                   "mocktail",
                   "test"
                 ],
                 "directDependencies": [
                   "bloc",
                   "diff_match_patch",
                   "meta",
                   "mocktail",
                   "test"
                 ]
               },
               {
                 "name": "test",
                 "version": "1.25.15",
                 "kind": "transitive",
                 "source": "hosted",
                 "dependencies": [
                   "analyzer",
                   "async",
                   "boolean_selector",
                   "collection",
                   "coverage",
                   "http_multi_server",
                   "io",
                   "js",
                   "matcher",
                   "node_preamble",
                   "package_config",
                   "path",
                   "pool",
                   "shelf",
                   "shelf_packages_handler",
                   "shelf_static",
                   "shelf_web_socket",
                   "source_span",
                   "stack_trace",
                   "stream_channel",
                   "test_api",
                   "test_core",
                   "typed_data",
                   "web_socket_channel",
                   "webkit_inspection_protocol",
                   "yaml"
                 ],
                 "directDependencies": [
                   "analyzer",
                   "async",
                   "boolean_selector",
                   "collection",
                   "coverage",
                   "http_multi_server",
                   "io",
                   "js",
                   "matcher",
                   "node_preamble",
                   "package_config",
                   "path",
                   "pool",
                   "shelf",
                   "shelf_packages_handler",
                   "shelf_static",
                   "shelf_web_socket",
                   "source_span",
                   "stack_trace",
                   "stream_channel",
                   "test_api",
                   "test_core",
                   "typed_data",
                   "web_socket_channel",
                   "webkit_inspection_protocol",
                   "yaml"
                 ]
               },
               {
                 "name": "yaml",
                 "version": "3.1.3",
                 "kind": "transitive",
                 "source": "hosted",
                 "dependencies": [
                   "collection",
                   "source_span",
                   "string_scanner"
                 ],
                 "directDependencies": [
                   "collection",
                   "source_span",
                   "string_scanner"
                 ]
               },
               {
                 "name": "webkit_inspection_protocol",
                 "version": "1.2.1",
                 "kind": "transitive",
                 "source": "hosted",
                 "dependencies": [
                   "logging"
                 ],
                 "directDependencies": [
                   "logging"
                 ]
               },
               {
                 "name": "logging",
                 "version": "1.3.0",
                 "kind": "transitive",
                 "source": "hosted",
                 "dependencies": [],
                 "directDependencies": []
               },
               {
                 "name": "web_socket_channel",
                 "version": "3.0.3",
                 "kind": "transitive",
                 "source": "hosted",
                 "dependencies": [
                   "async",
                   "crypto",
                   "stream_channel",
                   "web",
                   "web_socket"
                 ],
                 "directDependencies": [
                   "async",
                   "crypto",
                   "stream_channel",
                   "web",
                   "web_socket"
                 ]
               },
               {
                 "name": "web_socket",
                 "version": "1.0.1",
                 "kind": "transitive",
                 "source": "hosted",
                 "dependencies": [
                   "web"
                 ],
                 "directDependencies": [
                   "web"
                 ]
               },
               {
                 "name": "web",
                 "version": "1.1.1",
                 "kind": "transitive",
                 "source": "hosted",
                 "dependencies": [],
                 "directDependencies": []
               },
               {
                 "name": "crypto",
                 "version": "3.0.6",
                 "kind": "transitive",
                 "source": "hosted",
                 "dependencies": [
                   "typed_data"
                 ],
                 "directDependencies": [
                   "typed_data"
                 ]
               },
               {
                 "name": "typed_data",
                 "version": "1.4.0",
                 "kind": "transitive",
                 "source": "hosted",
                 "dependencies": [
                   "collection"
                 ],
                 "directDependencies": [
                   "collection"
                 ]
               },
               {
                 "name": "test_core",
                 "version": "0.6.8",
                 "kind": "transitive",
                 "source": "hosted",
                 "dependencies": [
                   "analyzer",
                   "args",
                   "async",
                   "boolean_selector",
                   "collection",
                   "coverage",
                   "frontend_server_client",
                   "glob",
                   "io",
                   "meta",
                   "package_config",
                   "path",
                   "pool",
                   "source_map_stack_trace",
                   "source_maps",
                   "source_span",
                   "stack_trace",
                   "stream_channel",
                   "test_api",
                   "vm_service",
                   "yaml"
                 ],
                 "directDependencies": [
                   "analyzer",
                   "args",
                   "async",
                   "boolean_selector",
                   "collection",
                   "coverage",
                   "frontend_server_client",
                   "glob",
                   "io",
                   "meta",
                   "package_config",
                   "path",
                   "pool",
                   "source_map_stack_trace",
                   "source_maps",
                   "source_span",
                   "stack_trace",
                   "stream_channel",
                   "test_api",
                   "vm_service",
                   "yaml"
                 ]
               },
               {
                 "name": "vm_service",
                 "version": "15.0.0",
                 "kind": "transitive",
                 "source": "hosted",
                 "dependencies": [],
                 "directDependencies": []
               },
               {
                 "name": "source_maps",
                 "version": "0.10.13",
                 "kind": "transitive",
                 "source": "hosted",
                 "dependencies": [
                   "source_span"
                 ],
                 "directDependencies": [
                   "source_span"
                 ]
               },
               {
                 "name": "source_map_stack_trace",
                 "version": "2.1.2",
                 "kind": "transitive",
                 "source": "hosted",
                 "dependencies": [
                   "path",
                   "source_maps",
                   "stack_trace"
                 ],
                 "directDependencies": [
                   "path",
                   "source_maps",
                   "stack_trace"
                 ]
               },
               {
                 "name": "pool",
                 "version": "1.5.1",
                 "kind": "transitive",
                 "source": "hosted",
                 "dependencies": [
                   "async",
                   "stack_trace"
                 ],
                 "directDependencies": [
                   "async",
                   "stack_trace"
                 ]
               },
               {
                 "name": "package_config",
                 "version": "2.2.0",
                 "kind": "transitive",
                 "source": "hosted",
                 "dependencies": [
                   "path"
                 ],
                 "directDependencies": [
                   "path"
                 ]
               },
               {
                 "name": "io",
                 "version": "1.0.5",
                 "kind": "transitive",
                 "source": "hosted",
                 "dependencies": [
                   "meta",
                   "path",
                   "string_scanner"
                 ],
                 "directDependencies": [
                   "meta",
                   "path",
                   "string_scanner"
                 ]
               },
               {
                 "name": "glob",
                 "version": "2.1.3",
                 "kind": "transitive",
                 "source": "hosted",
                 "dependencies": [
                   "async",
                   "collection",
                   "file",
                   "path",
                   "string_scanner"
                 ],
                 "directDependencies": [
                   "async",
                   "collection",
                   "file",
                   "path",
                   "string_scanner"
                 ]
               },
               {
                 "name": "file",
                 "version": "7.0.1",
                 "kind": "transitive",
                 "source": "hosted",
                 "dependencies": [
                   "meta",
                   "path"
                 ],
                 "directDependencies": [
                   "meta",
                   "path"
                 ]
               },
               {
                 "name": "frontend_server_client",
                 "version": "4.0.0",
                 "kind": "transitive",
                 "source": "hosted",
                 "dependencies": [
                   "async",
                   "path"
                 ],
                 "directDependencies": [
                   "async",
                   "path"
                 ]
               },
               {
                 "name": "coverage",
                 "version": "1.15.0",
                 "kind": "transitive",
                 "source": "hosted",
                 "dependencies": [
                   "args",
                   "cli_config",
                   "glob",
                   "logging",
                   "meta",
                   "package_config",
                   "path",
                   "source_maps",
                   "stack_trace",
                   "vm_service",
                   "yaml"
                 ],
                 "directDependencies": [
                   "args",
                   "cli_config",
                   "glob",
                   "logging",
                   "meta",
                   "package_config",
                   "path",
                   "source_maps",
                   "stack_trace",
                   "vm_service",
                   "yaml"
                 ]
               },
               {
                 "name": "cli_config",
                 "version": "0.2.0",
                 "kind": "transitive",
                 "source": "hosted",
                 "dependencies": [
                   "args",
                   "yaml"
                 ],
                 "directDependencies": [
                   "args",
                   "yaml"
                 ]
               },
               {
                 "name": "args",
                 "version": "2.7.0",
                 "kind": "transitive",
                 "source": "hosted",
                 "dependencies": [],
                 "directDependencies": []
               },
               {
                 "name": "analyzer",
                 "version": "6.11.0",
                 "kind": "transitive",
                 "source": "hosted",
                 "dependencies": [
                   "_fe_analyzer_shared",
                   "collection",
                   "convert",
                   "crypto",
                   "glob",
                   "macros",
                   "meta",
                   "package_config",
                   "path",
                   "pub_semver",
                   "source_span",
                   "watcher",
                   "yaml"
                 ],
                 "directDependencies": [
                   "_fe_analyzer_shared",
                   "collection",
                   "convert",
                   "crypto",
                   "glob",
                   "macros",
                   "meta",
                   "package_config",
                   "path",
                   "pub_semver",
                   "source_span",
                   "watcher",
                   "yaml"
                 ]
               },
               {
                 "name": "watcher",
                 "version": "1.1.2",
                 "kind": "transitive",
                 "source": "hosted",
                 "dependencies": [
                   "async",
                   "path"
                 ],
                 "directDependencies": [
                   "async",
                   "path"
                 ]
               },
               {
                 "name": "pub_semver",
                 "version": "2.2.0",
                 "kind": "transitive",
                 "source": "hosted",
                 "dependencies": [
                   "collection"
                 ],
                 "directDependencies": [
                   "collection"
                 ]
               },
               {
                 "name": "macros",
                 "version": "0.1.3-main.0",
                 "kind": "transitive",
                 "source": "hosted",
                 "dependencies": [
                   "_macros"
                 ],
                 "directDependencies": [
                   "_macros"
                 ]
               },
               {
                 "name": "_macros",
                 "version": "0.3.3",
                 "kind": "transitive",
                 "source": "sdk",
                 "dependencies": [],
                 "directDependencies": []
               },
               {
                 "name": "convert",
                 "version": "3.1.2",
                 "kind": "transitive",
                 "source": "hosted",
                 "dependencies": [
                   "typed_data"
                 ],
                 "directDependencies": [
                   "typed_data"
                 ]
               },
               {
                 "name": "_fe_analyzer_shared",
                 "version": "76.0.0",
                 "kind": "transitive",
                 "source": "hosted",
                 "dependencies": [
                   "meta"
                 ],
                 "directDependencies": [
                   "meta"
                 ]
               },
               {
                 "name": "shelf_web_socket",
                 "version": "3.0.0",
                 "kind": "transitive",
                 "source": "hosted",
                 "dependencies": [
                   "shelf",
                   "stream_channel",
                   "web_socket_channel"
                 ],
                 "directDependencies": [
                   "shelf",
                   "stream_channel",
                   "web_socket_channel"
                 ]
               },
               {
                 "name": "shelf",
                 "version": "1.4.2",
                 "kind": "transitive",
                 "source": "hosted",
                 "dependencies": [
                   "async",
                   "collection",
                   "http_parser",
                   "path",
                   "stack_trace",
                   "stream_channel"
                 ],
                 "directDependencies": [
                   "async",
                   "collection",
                   "http_parser",
                   "path",
                   "stack_trace",
                   "stream_channel"
                 ]
               },
               {
                 "name": "http_parser",
                 "version": "4.1.2",
                 "kind": "transitive",
                 "source": "hosted",
                 "dependencies": [
                   "collection",
                   "source_span",
                   "string_scanner",
                   "typed_data"
                 ],
                 "directDependencies": [
                   "collection",
                   "source_span",
                   "string_scanner",
                   "typed_data"
                 ]
               },
               {
                 "name": "shelf_static",
                 "version": "1.1.3",
                 "kind": "transitive",
                 "source": "hosted",
                 "dependencies": [
                   "convert",
                   "http_parser",
                   "mime",
                   "path",
                   "shelf"
                 ],
                 "directDependencies": [
                   "convert",
                   "http_parser",
                   "mime",
                   "path",
                   "shelf"
                 ]
               },
               {
                 "name": "mime",
                 "version": "2.0.0",
                 "kind": "transitive",
                 "source": "hosted",
                 "dependencies": [],
                 "directDependencies": []
               },
               {
                 "name": "shelf_packages_handler",
                 "version": "3.0.2",
                 "kind": "transitive",
                 "source": "hosted",
                 "dependencies": [
                   "path",
                   "shelf",
                   "shelf_static"
                 ],
                 "directDependencies": [
                   "path",
                   "shelf",
                   "shelf_static"
                 ]
               },
               {
                 "name": "node_preamble",
                 "version": "2.0.2",
                 "kind": "transitive",
                 "source": "hosted",
                 "dependencies": [],
                 "directDependencies": []
               },
               {
                 "name": "js",
                 "version": "0.7.2",
                 "kind": "transitive",
                 "source": "hosted",
                 "dependencies": [],
                 "directDependencies": []
               },
               {
                 "name": "http_multi_server",
                 "version": "3.2.2",
                 "kind": "transitive",
                 "source": "hosted",
                 "dependencies": [
                   "async"
                 ],
                 "directDependencies": [
                   "async"
                 ]
               },
               {
                 "name": "diff_match_patch",
                 "version": "0.4.1",
                 "kind": "transitive",
                 "source": "hosted",
                 "dependencies": [],
                 "directDependencies": []
               },
               {
                 "name": "bloc",
                 "version": "9.0.0",
                 "kind": "transitive",
                 "source": "hosted",
                 "dependencies": [
                   "meta"
                 ],
                 "directDependencies": [
                   "meta"
                 ]
               },
               {
                 "name": "flutter_launcher_icons",
                 "version": "0.13.1",
                 "kind": "dev",
                 "source": "hosted",
                 "dependencies": [
                   "args",
                   "checked_yaml",
                   "cli_util",
                   "image",
                   "json_annotation",
                   "path",
                   "yaml"
                 ],
                 "directDependencies": [
                   "args",
                   "checked_yaml",
                   "cli_util",
                   "image",
                   "json_annotation",
                   "path",
                   "yaml"
                 ]
               },
               {
                 "name": "json_annotation",
                 "version": "4.9.0",
                 "kind": "direct",
                 "source": "hosted",
                 "dependencies": [
                   "meta"
                 ],
                 "directDependencies": [
                   "meta"
                 ]
               },
               {
                 "name": "image",
                 "version": "4.5.4",
                 "kind": "transitive",
                 "source": "hosted",
                 "dependencies": [
                   "archive",
                   "meta",
                   "xml"
                 ],
                 "directDependencies": [
                   "archive",
                   "meta",
                   "xml"
                 ]
               },
               {
                 "name": "xml",
                 "version": "6.5.0",
                 "kind": "transitive",
                 "source": "hosted",
                 "dependencies": [
                   "collection",
                   "meta",
                   "petitparser"
                 ],
                 "directDependencies": [
                   "collection",
                   "meta",
                   "petitparser"
                 ]
               },
               {
                 "name": "petitparser",
                 "version": "6.1.0",
                 "kind": "transitive",
                 "source": "hosted",
                 "dependencies": [
                   "meta",
                   "collection"
                 ],
                 "directDependencies": [
                   "meta",
                   "collection"
                 ]
               },
               {
                 "name": "archive",
                 "version": "4.0.7",
                 "kind": "transitive",
                 "source": "hosted",
                 "dependencies": [
                   "crypto",
                   "path",
                   "posix"
                 ],
                 "directDependencies": [
                   "crypto",
                   "path",
                   "posix"
                 ]
               },
               {
                 "name": "posix",
                 "version": "6.0.2",
                 "kind": "transitive",
                 "source": "hosted",
                 "dependencies": [
                   "ffi",
                   "meta",
                   "path"
                 ],
                 "directDependencies": [
                   "ffi",
                   "meta",
                   "path"
                 ]
               },
               {
                 "name": "ffi",
                 "version": "2.1.4",
                 "kind": "transitive",
                 "source": "hosted",
                 "dependencies": [],
                 "directDependencies": []
               },
               {
                 "name": "cli_util",
                 "version": "0.4.2",
                 "kind": "transitive",
                 "source": "hosted",
                 "dependencies": [
                   "meta",
                   "path"
                 ],
                 "directDependencies": [
                   "meta",
                   "path"
                 ]
               },
               {
                 "name": "checked_yaml",
                 "version": "2.0.4",
                 "kind": "transitive",
                 "source": "hosted",
                 "dependencies": [
                   "json_annotation",
                   "source_span",
                   "yaml"
                 ],
                 "directDependencies": [
                   "json_annotation",
                   "source_span",
                   "yaml"
                 ]
               },
               {
                 "name": "hive_generator",
                 "version": "2.0.1",
                 "kind": "dev",
                 "source": "hosted",
                 "dependencies": [
                   "build",
                   "source_gen",
                   "hive",
                   "analyzer",
                   "source_helper"
                 ],
                 "directDependencies": [
                   "build",
                   "source_gen",
                   "hive",
                   "analyzer",
                   "source_helper"
                 ]
               },
               {
                 "name": "source_helper",
                 "version": "1.3.5",
                 "kind": "transitive",
                 "source": "hosted",
                 "dependencies": [
                   "analyzer",
                   "collection",
                   "source_gen"
                 ],
                 "directDependencies": [
                   "analyzer",
                   "collection",
                   "source_gen"
                 ]
               },
               {
                 "name": "source_gen",
                 "version": "1.5.0",
                 "kind": "transitive",
                 "source": "hosted",
                 "dependencies": [
                   "analyzer",
                   "async",
                   "build",
                   "dart_style",
                   "glob",
                   "path",
                   "source_span",
                   "yaml"
                 ],
                 "directDependencies": [
                   "analyzer",
                   "async",
                   "build",
                   "dart_style",
                   "glob",
                   "path",
                   "source_span",
                   "yaml"
                 ]
               },
               {
                 "name": "dart_style",
                 "version": "2.3.8",
                 "kind": "transitive",
                 "source": "hosted",
                 "dependencies": [
                   "analyzer",
                   "args",
                   "collection",
                   "package_config",
                   "path",
                   "pub_semver",
                   "source_span"
                 ],
                 "directDependencies": [
                   "analyzer",
                   "args",
                   "collection",
                   "package_config",
                   "path",
                   "pub_semver",
                   "source_span"
                 ]
               },
               {
                 "name": "build",
                 "version": "2.5.0",
                 "kind": "transitive",
                 "source": "hosted",
                 "dependencies": [
                   "analyzer",
                   "async",
                   "build_runner_core",
                   "built_collection",
                   "built_value",
                   "convert",
                   "crypto",
                   "glob",
                   "graphs",
                   "logging",
                   "meta",
                   "package_config",
                   "path",
                   "pool"
                 ],
                 "directDependencies": [
                   "analyzer",
                   "async",
                   "build_runner_core",
                   "built_collection",
                   "built_value",
                   "convert",
                   "crypto",
                   "glob",
                   "graphs",
                   "logging",
                   "meta",
                   "package_config",
                   "path",
                   "pool"
                 ]
               },
               {
                 "name": "graphs",
                 "version": "2.3.2",
                 "kind": "transitive",
                 "source": "hosted",
                 "dependencies": [
                   "collection"
                 ],
                 "directDependencies": [
                   "collection"
                 ]
               },
               {
                 "name": "built_value",
                 "version": "8.10.1",
                 "kind": "transitive",
                 "source": "hosted",
                 "dependencies": [
                   "built_collection",
                   "collection",
                   "fixnum",
                   "meta"
                 ],
                 "directDependencies": [
                   "built_collection",
                   "collection",
                   "fixnum",
                   "meta"
                 ]
               },
               {
                 "name": "fixnum",
                 "version": "1.1.1",
                 "kind": "transitive",
                 "source": "hosted",
                 "dependencies": [],
                 "directDependencies": []
               },
               {
                 "name": "built_collection",
                 "version": "5.1.1",
                 "kind": "transitive",
                 "source": "hosted",
                 "dependencies": [],
                 "directDependencies": []
               },
               {
                 "name": "build_runner_core",
                 "version": "9.0.0",
                 "kind": "transitive",
                 "source": "hosted",
                 "dependencies": [
                   "analyzer",
                   "async",
                   "build",
                   "build_config",
                   "build_resolvers",
                   "build_runner",
                   "built_collection",
                   "built_value",
                   "collection",
                   "convert",
                   "crypto",
                   "glob",
                   "graphs",
                   "json_annotation",
                   "logging",
                   "meta",
                   "package_config",
                   "path",
                   "pool",
                   "timing",
                   "watcher",
                   "yaml"
                 ],
                 "directDependencies": [
                   "analyzer",
                   "async",
                   "build",
                   "build_config",
                   "build_resolvers",
                   "build_runner",
                   "built_collection",
                   "built_value",
                   "collection",
                   "convert",
                   "crypto",
                   "glob",
                   "graphs",
                   "json_annotation",
                   "logging",
                   "meta",
                   "package_config",
                   "path",
                   "pool",
                   "timing",
                   "watcher",
                   "yaml"
                 ]
               },
               {
                 "name": "timing",
                 "version": "1.0.2",
                 "kind": "transitive",
                 "source": "hosted",
                 "dependencies": [
                   "json_annotation"
                 ],
                 "directDependencies": [
                   "json_annotation"
                 ]
               },
               {
                 "name": "build_runner",
                 "version": "2.5.0",
                 "kind": "dev",
                 "source": "hosted",
                 "dependencies": [
                   "analyzer",
                   "args",
                   "async",
                   "build",
                   "build_config",
                   "build_daemon",
                   "build_resolvers",
                   "build_runner_core",
                   "code_builder",
                   "collection",
                   "crypto",
                   "dart_style",
                   "frontend_server_client",
                   "glob",
                   "graphs",
                   "http",
                   "http_multi_server",
                   "io",
                   "js",
                   "logging",
                   "meta",
                   "mime",
                   "package_config",
                   "path",
                   "pool",
                   "pub_semver",
                   "pubspec_parse",
                   "shelf",
                   "shelf_web_socket",
                   "stack_trace",
                   "stream_transform",
                   "timing",
                   "watcher",
                   "web",
                   "web_socket_channel",
                   "yaml"
                 ],
                 "directDependencies": [
                   "analyzer",
                   "args",
                   "async",
                   "build",
                   "build_config",
                   "build_daemon",
                   "build_resolvers",
                   "build_runner_core",
                   "code_builder",
                   "collection",
                   "crypto",
                   "dart_style",
                   "frontend_server_client",
                   "glob",
                   "graphs",
                   "http",
                   "http_multi_server",
                   "io",
                   "js",
                   "logging",
                   "meta",
                   "mime",
                   "package_config",
                   "path",
                   "pool",
                   "pub_semver",
                   "pubspec_parse",
                   "shelf",
                   "shelf_web_socket",
                   "stack_trace",
                   "stream_transform",
                   "timing",
                   "watcher",
                   "web",
                   "web_socket_channel",
                   "yaml"
                 ]
               },
               {
                 "name": "stream_transform",
                 "version": "2.1.1",
                 "kind": "transitive",
                 "source": "hosted",
                 "dependencies": [],
                 "directDependencies": []
               },
               {
                 "name": "pubspec_parse",
                 "version": "1.5.0",
                 "kind": "transitive",
                 "source": "hosted",
                 "dependencies": [
                   "checked_yaml",
                   "collection",
                   "json_annotation",
                   "pub_semver",
                   "yaml"
                 ],
                 "directDependencies": [
                   "checked_yaml",
                   "collection",
                   "json_annotation",
                   "pub_semver",
                   "yaml"
                 ]
               },
               {
                 "name": "http",
                 "version": "1.4.0",
                 "kind": "direct",
                 "source": "hosted",
                 "dependencies": [
                   "async",
                   "http_parser",
                   "meta",
                   "web"
                 ],
                 "directDependencies": [
                   "async",
                   "http_parser",
                   "meta",
                   "web"
                 ]
               },
               {
                 "name": "code_builder",
                 "version": "4.10.1",
                 "kind": "transitive",
                 "source": "hosted",
                 "dependencies": [
                   "built_collection",
                   "built_value",
                   "collection",
                   "matcher",
                   "meta"
                 ],
                 "directDependencies": [
                   "built_collection",
                   "built_value",
                   "collection",
                   "matcher",
                   "meta"
                 ]
               },
               {
                 "name": "build_resolvers",
                 "version": "2.5.0",
                 "kind": "transitive",
                 "source": "hosted",
                 "dependencies": [
                   "analyzer",
                   "async",
                   "build",
                   "build_runner_core",
                   "collection",
                   "convert",
                   "crypto",
                   "graphs",
                   "logging",
                   "package_config",
                   "path",
                   "pool",
                   "pub_semver",
                   "stream_transform",
                   "yaml"
                 ],
                 "directDependencies": [
                   "analyzer",
                   "async",
                   "build",
                   "build_runner_core",
                   "collection",
                   "convert",
                   "crypto",
                   "graphs",
                   "logging",
                   "package_config",
                   "path",
                   "pool",
                   "pub_semver",
                   "stream_transform",
                   "yaml"
                 ]
               },
               {
                 "name": "build_daemon",
                 "version": "4.0.4",
                 "kind": "transitive",
                 "source": "hosted",
                 "dependencies": [
                   "built_collection",
                   "built_value",
                   "crypto",
                   "http_multi_server",
                   "logging",
                   "path",
                   "pool",
                   "shelf",
                   "shelf_web_socket",
                   "stream_transform",
                   "watcher",
                   "web_socket_channel"
                 ],
                 "directDependencies": [
                   "built_collection",
                   "built_value",
                   "crypto",
                   "http_multi_server",
                   "logging",
                   "path",
                   "pool",
                   "shelf",
                   "shelf_web_socket",
                   "stream_transform",
                   "watcher",
                   "web_socket_channel"
                 ]
               },
               {
                 "name": "build_config",
                 "version": "1.1.2",
                 "kind": "transitive",
                 "source": "hosted",
                 "dependencies": [
                   "checked_yaml",
                   "json_annotation",
                   "path",
                   "pubspec_parse",
                   "yaml"
                 ],
                 "directDependencies": [
                   "checked_yaml",
                   "json_annotation",
                   "path",
                   "pubspec_parse",
                   "yaml"
                 ]
               },
               {
                 "name": "hive",
                 "version": "2.2.3",
                 "kind": "transitive",
                 "source": "hosted",
                 "dependencies": [
                   "meta",
                   "crypto"
                 ],
                 "directDependencies": [
                   "meta",
                   "crypto"
                 ]
               },
               {
                 "name": "flutter_lints",
                 "version": "5.0.0",
                 "kind": "dev",
                 "source": "hosted",
                 "dependencies": [
                   "lints"
                 ],
                 "directDependencies": [
                   "lints"
                 ]
               },
               {
                 "name": "lints",
                 "version": "5.1.1",
                 "kind": "transitive",
                 "source": "hosted",
                 "dependencies": [],
                 "directDependencies": []
               },
               {
                 "name": "flutter_test",
                 "version": "0.0.0",
                 "kind": "dev",
                 "source": "sdk",
                 "dependencies": [
                   "flutter",
                   "test_api",
                   "matcher",
                   "path",
                   "fake_async",
                   "clock",
                   "stack_trace",
                   "vector_math",
                   "leak_tracker_flutter_testing",
                   "async",
                   "boolean_selector",
                   "characters",
                   "collection",
                   "leak_tracker",
                   "leak_tracker_testing",
                   "material_color_utilities",
                   "meta",
                   "source_span",
                   "stream_channel",
                   "string_scanner",
                   "term_glyph",
                   "vm_service"
                 ],
                 "directDependencies": [
                   "flutter",
                   "test_api",
                   "matcher",
                   "path",
                   "fake_async",
                   "clock",
                   "stack_trace",
                   "vector_math",
                   "leak_tracker_flutter_testing",
                   "async",
                   "boolean_selector",
                   "characters",
                   "collection",
                   "leak_tracker",
                   "leak_tracker_testing",
                   "material_color_utilities",
                   "meta",
                   "source_span",
                   "stream_channel",
                   "string_scanner",
                   "term_glyph",
                   "vm_service"
                 ]
               },
               {
                 "name": "material_color_utilities",
                 "version": "0.11.1",
                 "kind": "transitive",
                 "source": "hosted",
                 "dependencies": [
                   "collection"
                 ],
                 "directDependencies": [
                   "collection"
                 ]
               },
               {
                 "name": "leak_tracker_testing",
                 "version": "3.0.1",
                 "kind": "transitive",
                 "source": "hosted",
                 "dependencies": [
                   "leak_tracker",
                   "matcher",
                   "meta"
                 ],
                 "directDependencies": [
                   "leak_tracker",
                   "matcher",
                   "meta"
                 ]
               },
               {
                 "name": "leak_tracker",
                 "version": "10.0.9",
                 "kind": "transitive",
                 "source": "hosted",
                 "dependencies": [
                   "clock",
                   "collection",
                   "meta",
                   "path",
                   "vm_service"
                 ],
                 "directDependencies": [
                   "clock",
                   "collection",
                   "meta",
                   "path",
                   "vm_service"
                 ]
               },
               {
                 "name": "clock",
                 "version": "1.1.2",
                 "kind": "transitive",
                 "source": "hosted",
                 "dependencies": [],
                 "directDependencies": []
               },
               {
                 "name": "characters",
                 "version": "1.4.0",
                 "kind": "transitive",
                 "source": "hosted",
                 "dependencies": [],
                 "directDependencies": []
               },
               {
                 "name": "leak_tracker_flutter_testing",
                 "version": "3.0.9",
                 "kind": "transitive",
                 "source": "hosted",
                 "dependencies": [
                   "flutter",
                   "leak_tracker",
                   "leak_tracker_testing",
                   "matcher",
                   "meta"
                 ],
                 "directDependencies": [
                   "flutter",
                   "leak_tracker",
                   "leak_tracker_testing",
                   "matcher",
                   "meta"
                 ]
               },
               {
                 "name": "flutter",
                 "version": "0.0.0",
                 "kind": "direct",
                 "source": "sdk",
                 "dependencies": [
                   "characters",
                   "collection",
                   "material_color_utilities",
                   "meta",
                   "vector_math",
                   "sky_engine"
                 ],
                 "directDependencies": [
                   "characters",
                   "collection",
                   "material_color_utilities",
                   "meta",
                   "vector_math",
                   "sky_engine"
                 ]
               },
               {
                 "name": "sky_engine",
                 "version": "0.0.0",
                 "kind": "transitive",
                 "source": "sdk",
                 "dependencies": [],
                 "directDependencies": []
               },
               {
                 "name": "vector_math",
                 "version": "2.1.4",
                 "kind": "transitive",
                 "source": "hosted",
                 "dependencies": [],
                 "directDependencies": []
               },
               {
                 "name": "fake_async",
                 "version": "1.3.3",
                 "kind": "transitive",
                 "source": "hosted",
                 "dependencies": [
                   "clock",
                   "collection"
                 ],
                 "directDependencies": [
                   "clock",
                   "collection"
                 ]
               },
               {
                 "name": "hive_test",
                 "version": "1.0.1",
                 "kind": "direct",
                 "source": "hosted",
                 "dependencies": [
                   "flutter",
                   "hive",
                   "path"
                 ],
                 "directDependencies": [
                   "flutter",
                   "hive",
                   "path"
                 ]
               },
               {
                 "name": "proximity_sensor",
                 "version": "1.3.8",
                 "kind": "direct",
                 "source": "hosted",
                 "dependencies": [
                   "flutter"
                 ],
                 "directDependencies": [
                   "flutter"
                 ]
               },
               {
                 "name": "shake",
                 "version": "3.0.0",
                 "kind": "direct",
                 "source": "hosted",
                 "dependencies": [
                   "sensors_plus",
                   "flutter"
                 ],
                 "directDependencies": [
                   "sensors_plus",
                   "flutter"
                 ]
               },
               {
                 "name": "sensors_plus",
                 "version": "6.1.1",
                 "kind": "transitive",
                 "source": "hosted",
                 "dependencies": [
                   "flutter",
                   "flutter_web_plugins",
                   "sensors_plus_platform_interface"
                 ],
                 "directDependencies": [
                   "flutter",
                   "flutter_web_plugins",
                   "sensors_plus_platform_interface"
                 ]
               },
               {
                 "name": "sensors_plus_platform_interface",
                 "version": "2.0.1",
                 "kind": "transitive",
                 "source": "hosted",
                 "dependencies": [
                   "flutter",
                   "logging",
                   "meta",
                   "plugin_platform_interface"
                 ],
                 "directDependencies": [
                   "flutter",
                   "logging",
                   "meta",
                   "plugin_platform_interface"
                 ]
               },
               {
                 "name": "plugin_platform_interface",
                 "version": "2.1.8",
                 "kind": "transitive",
                 "source": "hosted",
                 "dependencies": [
                   "meta"
                 ],
                 "directDependencies": [
                   "meta"
                 ]
               },
               {
                 "name": "flutter_web_plugins",
                 "version": "0.0.0",
                 "kind": "transitive",
                 "source": "sdk",
                 "dependencies": [
                   "flutter",
                   "characters",
                   "collection",
                   "material_color_utilities",
                   "meta",
                   "vector_math"
                 ],
                 "directDependencies": [
                   "flutter",
                   "characters",
                   "collection",
                   "material_color_utilities",
                   "meta",
                   "vector_math"
                 ]
               },
               {
                 "name": "device_info_plus",
                 "version": "11.5.0",
                 "kind": "direct",
                 "source": "hosted",
                 "dependencies": [
                   "device_info_plus_platform_interface",
                   "ffi",
                   "file",
                   "flutter",
                   "flutter_web_plugins",
                   "meta",
                   "web",
                   "win32",
                   "win32_registry"
                 ],
                 "directDependencies": [
                   "device_info_plus_platform_interface",
                   "ffi",
                   "file",
                   "flutter",
                   "flutter_web_plugins",
                   "meta",
                   "web",
                   "win32",
                   "win32_registry"
                 ]
               },
               {
                 "name": "win32_registry",
                 "version": "2.1.0",
                 "kind": "transitive",
                 "source": "hosted",
                 "dependencies": [
                   "ffi",
                   "meta",
                   "win32"
                 ],
                 "directDependencies": [
                   "ffi",
                   "meta",
                   "win32"
                 ]
               },
               {
                 "name": "win32",
                 "version": "5.14.0",
                 "kind": "transitive",
                 "source": "hosted",
                 "dependencies": [
                   "ffi"
                 ],
                 "directDependencies": [
                   "ffi"
                 ]
               },
               {
                 "name": "device_info_plus_platform_interface",
                 "version": "7.0.3",
                 "kind": "transitive",
                 "source": "hosted",
                 "dependencies": [
                   "flutter",
                   "meta",
                   "plugin_platform_interface"
                 ],
                 "directDependencies": [
                   "flutter",
                   "meta",
                   "plugin_platform_interface"
                 ]
               },
               {
                 "name": "jwt_decode",
                 "version": "0.3.1",
                 "kind": "direct",
                 "source": "hosted",
                 "dependencies": [],
                 "directDependencies": []
               },
               {
                 "name": "google_fonts",
                 "version": "6.2.1",
                 "kind": "direct",
                 "source": "hosted",
                 "dependencies": [
                   "flutter",
                   "http",
                   "path_provider",
                   "crypto"
                 ],
                 "directDependencies": [
                   "flutter",
                   "http",
                   "path_provider",
                   "crypto"
                 ]
               },
               {
                 "name": "path_provider",
                 "version": "2.1.5",
                 "kind": "direct",
                 "source": "hosted",
                 "dependencies": [
                   "flutter",
                   "path_provider_android",
                   "path_provider_foundation",
                   "path_provider_linux",
                   "path_provider_platform_interface",
                   "path_provider_windows"
                 ],
                 "directDependencies": [
                   "flutter",
                   "path_provider_android",
                   "path_provider_foundation",
                   "path_provider_linux",
                   "path_provider_platform_interface",
                   "path_provider_windows"
                 ]
               },
               {
                 "name": "path_provider_windows",
                 "version": "2.3.0",
                 "kind": "transitive",
                 "source": "hosted",
                 "dependencies": [
                   "ffi",
                   "flutter",
                   "path",
                   "path_provider_platform_interface"
                 ],
                 "directDependencies": [
                   "ffi",
                   "flutter",
                   "path",
                   "path_provider_platform_interface"
                 ]
               },
               {
                 "name": "path_provider_platform_interface",
                 "version": "2.1.2",
                 "kind": "transitive",
                 "source": "hosted",
                 "dependencies": [
                   "flutter",
                   "platform",
                   "plugin_platform_interface"
                 ],
                 "directDependencies": [
                   "flutter",
                   "platform",
                   "plugin_platform_interface"
                 ]
               },
               {
                 "name": "platform",
                 "version": "3.1.6",
                 "kind": "transitive",
                 "source": "hosted",
                 "dependencies": [],
                 "directDependencies": []
               },
               {
                 "name": "path_provider_linux",
                 "version": "2.2.1",
                 "kind": "transitive",
                 "source": "hosted",
                 "dependencies": [
                   "ffi",
                   "flutter",
                   "path",
                   "path_provider_platform_interface",
                   "xdg_directories"
                 ],
                 "directDependencies": [
                   "ffi",
                   "flutter",
                   "path",
                   "path_provider_platform_interface",
                   "xdg_directories"
                 ]
               },
               {
                 "name": "xdg_directories",
                 "version": "1.1.0",
                 "kind": "transitive",
                 "source": "hosted",
                 "dependencies": [
                   "meta",
                   "path"
                 ],
                 "directDependencies": [
                   "meta",
                   "path"
                 ]
               },
               {
                 "name": "path_provider_foundation",
                 "version": "2.4.1",
                 "kind": "transitive",
                 "source": "hosted",
                 "dependencies": [
                   "flutter",
                   "path_provider_platform_interface"
                 ],
                 "directDependencies": [
                   "flutter",
                   "path_provider_platform_interface"
                 ]
               },
               {
                 "name": "path_provider_android",
                 "version": "2.2.17",
                 "kind": "transitive",
                 "source": "hosted",
                 "dependencies": [
                   "flutter",
                   "path_provider_platform_interface"
                 ],
                 "directDependencies": [
                   "flutter",
                   "path_provider_platform_interface"
                 ]
               },
               {
                 "name": "fluttertoast",
                 "version": "8.2.12",
                 "kind": "direct",
                 "source": "hosted",
                 "dependencies": [
                   "flutter",
                   "flutter_web_plugins",
                   "web"
                 ],
                 "directDependencies": [
                   "flutter",
                   "flutter_web_plugins",
                   "web"
                 ]
               },
               {
                 "name": "flutter_rating_bar",
                 "version": "4.0.1",
                 "kind": "direct",
                 "source": "hosted",
                 "dependencies": [
                   "flutter"
                 ],
                 "directDependencies": [
                   "flutter"
                 ]
               },
               {
                 "name": "flutter_local_notifications",
                 "version": "17.2.4",
                 "kind": "direct",
                 "source": "hosted",
                 "dependencies": [
                   "clock",
                   "flutter",
                   "flutter_local_notifications_linux",
                   "flutter_local_notifications_platform_interface",
                   "timezone"
                 ],
                 "directDependencies": [
                   "clock",
                   "flutter",
                   "flutter_local_notifications_linux",
                   "flutter_local_notifications_platform_interface",
                   "timezone"
                 ]
               },
               {
                 "name": "timezone",
                 "version": "0.9.4",
                 "kind": "transitive",
                 "source": "hosted",
                 "dependencies": [
                   "path"
                 ],
                 "directDependencies": [
                   "path"
                 ]
               },
               {
                 "name": "flutter_local_notifications_platform_interface",
                 "version": "7.2.0",
                 "kind": "transitive",
                 "source": "hosted",
                 "dependencies": [
                   "flutter",
                   "plugin_platform_interface"
                 ],
                 "directDependencies": [
                   "flutter",
                   "plugin_platform_interface"
                 ]
               },
               {
                 "name": "flutter_local_notifications_linux",
                 "version": "4.0.1",
                 "kind": "transitive",
                 "source": "hosted",
                 "dependencies": [
                   "dbus",
                   "ffi",
                   "flutter",
                   "flutter_local_notifications_platform_interface",
                   "path",
                   "xdg_directories"
                 ],
                 "directDependencies": [
                   "dbus",
                   "ffi",
                   "flutter",
                   "flutter_local_notifications_platform_interface",
                   "path",
                   "xdg_directories"
                 ]
               },
               {
                 "name": "dbus",
                 "version": "0.7.11",
                 "kind": "transitive",
                 "source": "hosted",
                 "dependencies": [
                   "args",
                   "ffi",
                   "meta",
                   "xml"
                 ],
                 "directDependencies": [
                   "args",
                   "ffi",
                   "meta",
                   "xml"
                 ]
               },
               {
                 "name": "json_serializable",
                 "version": "6.9.0",
                 "kind": "direct",
                 "source": "hosted",
                 "dependencies": [
                   "analyzer",
                   "async",
                   "build",
                   "build_config",
                   "collection",
                   "json_annotation",
                   "meta",
                   "path",
                   "pub_semver",
                   "pubspec_parse",
                   "source_gen",
                   "source_helper"
                 ],
                 "directDependencies": [
                   "analyzer",
                   "async",
                   "build",
                   "build_config",
                   "collection",
                   "json_annotation",
                   "meta",
                   "path",
                   "pub_semver",
                   "pubspec_parse",
                   "source_gen",
                   "source_helper"
                 ]
               },
               {
                 "name": "permission_handler",
                 "version": "12.0.0+1",
                 "kind": "direct",
                 "source": "hosted",
                 "dependencies": [
                   "flutter",
                   "meta",
                   "permission_handler_android",
                   "permission_handler_apple",
                   "permission_handler_html",
                   "permission_handler_windows",
                   "permission_handler_platform_interface"
                 ],
                 "directDependencies": [
                   "flutter",
                   "meta",
                   "permission_handler_android",
                   "permission_handler_apple",
                   "permission_handler_html",
                   "permission_handler_windows",
                   "permission_handler_platform_interface"
                 ]
               },
               {
                 "name": "permission_handler_platform_interface",
                 "version": "4.3.0",
                 "kind": "transitive",
                 "source": "hosted",
                 "dependencies": [
                   "flutter",
                   "meta",
                   "plugin_platform_interface"
                 ],
                 "directDependencies": [
                   "flutter",
                   "meta",
                   "plugin_platform_interface"
                 ]
               },
               {
                 "name": "permission_handler_windows",
                 "version": "0.2.1",
                 "kind": "transitive",
                 "source": "hosted",
                 "dependencies": [
                   "flutter",
                   "permission_handler_platform_interface"
                 ],
                 "directDependencies": [
                   "flutter",
                   "permission_handler_platform_interface"
                 ]
               },
               {
                 "name": "permission_handler_html",
                 "version": "0.1.3+5",
                 "kind": "transitive",
                 "source": "hosted",
                 "dependencies": [
                   "flutter",
                   "flutter_web_plugins",
                   "permission_handler_platform_interface",
                   "web"
                 ],
                 "directDependencies": [
                   "flutter",
                   "flutter_web_plugins",
                   "permission_handler_platform_interface",
                   "web"
                 ]
               },
               {
                 "name": "permission_handler_apple",
                 "version": "9.4.7",
                 "kind": "transitive",
                 "source": "hosted",
                 "dependencies": [
                   "flutter",
                   "permission_handler_platform_interface"
                 ],
                 "directDependencies": [
                   "flutter",
                   "permission_handler_platform_interface"
                 ]
               },
               {
                 "name": "permission_handler_android",
                 "version": "13.0.1",
                 "kind": "transitive",
                 "source": "hosted",
                 "dependencies": [
                   "flutter",
                   "permission_handler_platform_interface"
                 ],
                 "directDependencies": [
                   "flutter",
                   "permission_handler_platform_interface"
                 ]
               },
               {
                 "name": "connectivity_plus",
                 "version": "6.1.4",
                 "kind": "direct",
                 "source": "hosted",
                 "dependencies": [
                   "flutter",
                   "flutter_web_plugins",
                   "connectivity_plus_platform_interface",
                   "web",
                   "meta",
                   "nm",
                   "collection"
                 ],
                 "directDependencies": [
                   "flutter",
                   "flutter_web_plugins",
                   "connectivity_plus_platform_interface",
                   "web",
                   "meta",
                   "nm",
                   "collection"
                 ]
               },
               {
                 "name": "nm",
                 "version": "0.5.0",
                 "kind": "transitive",
                 "source": "hosted",
                 "dependencies": [
                   "dbus"
                 ],
                 "directDependencies": [
                   "dbus"
                 ]
               },
               {
                 "name": "connectivity_plus_platform_interface",
                 "version": "2.0.1",
                 "kind": "transitive",
                 "source": "hosted",
                 "dependencies": [
                   "flutter",
                   "meta",
                   "plugin_platform_interface"
                 ],
                 "directDependencies": [
                   "flutter",
                   "meta",
                   "plugin_platform_interface"
                 ]
               },
               {
                 "name": "awesome_dio_interceptor",
                 "version": "1.3.0",
                 "kind": "direct",
                 "source": "hosted",
                 "dependencies": [
                   "dio",
                   "colorize"
                 ],
                 "directDependencies": [
                   "dio",
                   "colorize"
                 ]
               },
               {
                 "name": "colorize",
                 "version": "3.0.0",
                 "kind": "transitive",
                 "source": "hosted",
                 "dependencies": [],
                 "directDependencies": []
               },
               {
                 "name": "dio",
                 "version": "5.8.0+1",
                 "kind": "direct",
                 "source": "hosted",
                 "dependencies": [
                   "async",
                   "collection",
                   "http_parser",
                   "meta",
                   "path",
                   "dio_web_adapter"
                 ],
                 "directDependencies": [
                   "async",
                   "collection",
                   "http_parser",
                   "meta",
                   "path",
                   "dio_web_adapter"
                 ]
               },
               {
                 "name": "dio_web_adapter",
                 "version": "2.1.1",
                 "kind": "transitive",
                 "source": "hosted",
                 "dependencies": [
                   "dio",
                   "http_parser",
                   "meta",
                   "web"
                 ],
                 "directDependencies": [
                   "dio",
                   "http_parser",
                   "meta",
                   "web"
                 ]
               },
               {
                 "name": "image_picker",
                 "version": "1.1.2",
                 "kind": "direct",
                 "source": "hosted",
                 "dependencies": [
                   "flutter",
                   "image_picker_android",
                   "image_picker_for_web",
                   "image_picker_ios",
                   "image_picker_linux",
                   "image_picker_macos",
                   "image_picker_platform_interface",
                   "image_picker_windows"
                 ],
                 "directDependencies": [
                   "flutter",
                   "image_picker_android",
                   "image_picker_for_web",
                   "image_picker_ios",
                   "image_picker_linux",
                   "image_picker_macos",
                   "image_picker_platform_interface",
                   "image_picker_windows"
                 ]
               },
               {
                 "name": "image_picker_windows",
                 "version": "0.2.1+1",
                 "kind": "transitive",
                 "source": "hosted",
                 "dependencies": [
                   "file_selector_platform_interface",
                   "file_selector_windows",
                   "flutter",
                   "image_picker_platform_interface"
                 ],
                 "directDependencies": [
                   "file_selector_platform_interface",
                   "file_selector_windows",
                   "flutter",
                   "image_picker_platform_interface"
                 ]
               },
               {
                 "name": "image_picker_platform_interface",
                 "version": "2.10.1",
                 "kind": "transitive",
                 "source": "hosted",
                 "dependencies": [
                   "cross_file",
                   "flutter",
                   "http",
                   "plugin_platform_interface"
                 ],
                 "directDependencies": [
                   "cross_file",
                   "flutter",
                   "http",
                   "plugin_platform_interface"
                 ]
               },
               {
                 "name": "cross_file",
                 "version": "0.3.4+2",
                 "kind": "transitive",
                 "source": "hosted",
                 "dependencies": [
                   "meta",
                   "web"
                 ],
                 "directDependencies": [
                   "meta",
                   "web"
                 ]
               },
               {
                 "name": "file_selector_windows",
                 "version": "0.9.3+4",
                 "kind": "transitive",
                 "source": "hosted",
                 "dependencies": [
                   "cross_file",
                   "file_selector_platform_interface",
                   "flutter"
                 ],
                 "directDependencies": [
                   "cross_file",
                   "file_selector_platform_interface",
                   "flutter"
                 ]
               },
               {
                 "name": "file_selector_platform_interface",
                 "version": "2.6.2",
                 "kind": "transitive",
                 "source": "hosted",
                 "dependencies": [
                   "cross_file",
                   "flutter",
                   "http",
                   "plugin_platform_interface"
                 ],
                 "directDependencies": [
                   "cross_file",
                   "flutter",
                   "http",
                   "plugin_platform_interface"
                 ]
               },
               {
                 "name": "image_picker_macos",
                 "version": "0.2.1+2",
                 "kind": "transitive",
                 "source": "hosted",
                 "dependencies": [
                   "file_selector_macos",
                   "file_selector_platform_interface",
                   "flutter",
                   "image_picker_platform_interface"
                 ],
                 "directDependencies": [
                   "file_selector_macos",
                   "file_selector_platform_interface",
                   "flutter",
                   "image_picker_platform_interface"
                 ]
               },
               {
                 "name": "file_selector_macos",
                 "version": "0.9.4+3",
                 "kind": "transitive",
                 "source": "hosted",
                 "dependencies": [
                   "cross_file",
                   "file_selector_platform_interface",
                   "flutter"
                 ],
                 "directDependencies": [
                   "cross_file",
                   "file_selector_platform_interface",
                   "flutter"
                 ]
               },
               {
                 "name": "image_picker_linux",
                 "version": "0.2.1+2",
                 "kind": "transitive",
                 "source": "hosted",
                 "dependencies": [
                   "file_selector_linux",
                   "file_selector_platform_interface",
                   "flutter",
                   "image_picker_platform_interface"
                 ],
                 "directDependencies": [
                   "file_selector_linux",
                   "file_selector_platform_interface",
                   "flutter",
                   "image_picker_platform_interface"
                 ]
               },
               {
                 "name": "file_selector_linux",
                 "version": "0.9.3+2",
                 "kind": "transitive",
                 "source": "hosted",
                 "dependencies": [
                   "cross_file",
                   "file_selector_platform_interface",
                   "flutter"
                 ],
                 "directDependencies": [
                   "cross_file",
                   "file_selector_platform_interface",
                   "flutter"
                 ]
               },
               {
                 "name": "image_picker_ios",
                 "version": "0.8.12+2",
                 "kind": "transitive",
                 "source": "hosted",
                 "dependencies": [
                   "flutter",
                   "image_picker_platform_interface"
                 ],
                 "directDependencies": [
                   "flutter",
                   "image_picker_platform_interface"
                 ]
               },
               {
                 "name": "image_picker_for_web",
                 "version": "3.0.6",
                 "kind": "transitive",
                 "source": "hosted",
                 "dependencies": [
                   "flutter",
                   "flutter_web_plugins",
                   "image_picker_platform_interface",
                   "mime",
                   "web"
                 ],
                 "directDependencies": [
                   "flutter",
                   "flutter_web_plugins",
                   "image_picker_platform_interface",
                   "mime",
                   "web"
                 ]
               },
               {
                 "name": "image_picker_android",
                 "version": "0.8.12+23",
                 "kind": "transitive",
                 "source": "hosted",
                 "dependencies": [
                   "flutter",
                   "flutter_plugin_android_lifecycle",
                   "image_picker_platform_interface"
                 ],
                 "directDependencies": [
                   "flutter",
                   "flutter_plugin_android_lifecycle",
                   "image_picker_platform_interface"
                 ]
               },
               {
                 "name": "flutter_plugin_android_lifecycle",
                 "version": "2.0.28",
                 "kind": "transitive",
                 "source": "hosted",
                 "dependencies": [
                   "flutter"
                 ],
                 "directDependencies": [
                   "flutter"
                 ]
               },
               {
                 "name": "dartz",
                 "version": "0.10.1",
                 "kind": "direct",
                 "source": "hosted",
                 "dependencies": [],
                 "directDependencies": []
               },
               {
                 "name": "uuid",
                 "version": "4.5.1",
                 "kind": "direct",
                 "source": "hosted",
                 "dependencies": [
                   "crypto",
                   "sprintf",
                   "meta",
                   "fixnum"
                 ],
                 "directDependencies": [
                   "crypto",
                   "sprintf",
                   "meta",
                   "fixnum"
                 ]
               },
               {
                 "name": "sprintf",
                 "version": "7.0.0",
                 "kind": "transitive",
                 "source": "hosted",
                 "dependencies": [],
                 "directDependencies": []
               },
               {
                 "name": "multi_select_flutter",
                 "version": "4.1.3",
                 "kind": "direct",
                 "source": "hosted",
                 "dependencies": [
                   "flutter",
                   "collection"
                 ],
                 "directDependencies": [
                   "flutter",
                   "collection"
                 ]
               },
               {
                 "name": "pretty_dio_logger",
                 "version": "1.4.0",
                 "kind": "direct",
                 "source": "hosted",
                 "dependencies": [
                   "dio"
                 ],
                 "directDependencies": [
                   "dio"
                 ]
               },
               {
                 "name": "hive_flutter",
                 "version": "1.1.0",
                 "kind": "direct",
                 "source": "hosted",
                 "dependencies": [
                   "flutter",
                   "hive",
                   "path_provider",
                   "path"
                 ],
                 "directDependencies": [
                   "flutter",
                   "hive",
                   "path_provider",
                   "path"
                 ]
               },
               {
                 "name": "get_it",
                 "version": "8.0.3",
                 "kind": "direct",
                 "source": "hosted",
                 "dependencies": [
                   "async",
                   "collection",
                   "meta"
                 ],
                 "directDependencies": [
                   "async",
                   "collection",
                   "meta"
                 ]
               },
               {
                 "name": "flutter_bloc",
                 "version": "9.1.1",
                 "kind": "direct",
                 "source": "hosted",
                 "dependencies": [
                   "bloc",
                   "flutter",
                   "provider"
                 ],
                 "directDependencies": [
                   "bloc",
                   "flutter",
                   "provider"
                 ]
               },
               {
                 "name": "provider",
                 "version": "6.1.5",
                 "kind": "transitive",
                 "source": "hosted",
                 "dependencies": [
                   "collection",
                   "flutter",
                   "nested"
                 ],
                 "directDependencies": [
                   "collection",
                   "flutter",
                   "nested"
                 ]
               },
               {
                 "name": "nested",
                 "version": "1.0.0",
                 "kind": "transitive",
                 "source": "hosted",
                 "dependencies": [
                   "flutter"
                 ],
                 "directDependencies": [
                   "flutter"
                 ]
               },
               {
                 "name": "equatable",
                 "version": "2.0.7",
                 "kind": "direct",
                 "source": "hosted",
                 "dependencies": [
                   "collection",
                   "meta"
                 ],
                 "directDependencies": [
                   "collection",
                   "meta"
                 ]
               },
               {
                 "name": "lottie",
                 "version": "3.3.1",
                 "kind": "direct",
                 "source": "hosted",
                 "dependencies": [
                   "archive",
                   "flutter",
                   "http",
                   "path",
                   "vector_math"
                 ],
                 "directDependencies": [
                   "archive",
                   "flutter",
                   "http",
                   "path",
                   "vector_math"
                 ]
               },
               {
                 "name": "shared_preferences",
                 "version": "2.5.3",
                 "kind": "direct",
                 "source": "hosted",
                 "dependencies": [
                   "flutter",
                   "shared_preferences_android",
                   "shared_preferences_foundation",
                   "shared_preferences_linux",
                   "shared_preferences_platform_interface",
                   "shared_preferences_web",
                   "shared_preferences_windows"
                 ],
                 "directDependencies": [
                   "flutter",
                   "shared_preferences_android",
                   "shared_preferences_foundation",
                   "shared_preferences_linux",
                   "shared_preferences_platform_interface",
                   "shared_preferences_web",
                   "shared_preferences_windows"
                 ]
               },
               {
                 "name": "shared_preferences_windows",
                 "version": "2.4.1",
                 "kind": "transitive",
                 "source": "hosted",
                 "dependencies": [
                   "file",
                   "flutter",
                   "path",
                   "path_provider_platform_interface",
                   "path_provider_windows",
                   "shared_preferences_platform_interface"
                 ],
                 "directDependencies": [
                   "file",
                   "flutter",
                   "path",
                   "path_provider_platform_interface",
                   "path_provider_windows",
                   "shared_preferences_platform_interface"
                 ]
               },
               {
                 "name": "shared_preferences_platform_interface",
                 "version": "2.4.1",
                 "kind": "transitive",
                 "source": "hosted",
                 "dependencies": [
                   "flutter",
                   "plugin_platform_interface"
                 ],
                 "directDependencies": [
                   "flutter",
                   "plugin_platform_interface"
                 ]
               },
               {
                 "name": "shared_preferences_web",
                 "version": "2.4.3",
                 "kind": "transitive",
                 "source": "hosted",
                 "dependencies": [
                   "flutter",
                   "flutter_web_plugins",
                   "shared_preferences_platform_interface",
                   "web"
                 ],
                 "directDependencies": [
                   "flutter",
                   "flutter_web_plugins",
                   "shared_preferences_platform_interface",
                   "web"
                 ]
               },
               {
                 "name": "shared_preferences_linux",
                 "version": "2.4.1",
                 "kind": "transitive",
                 "source": "hosted",
                 "dependencies": [
                   "file",
                   "flutter",
                   "path",
                   "path_provider_linux",
                   "path_provider_platform_interface",
                   "shared_preferences_platform_interface"
                 ],
                 "directDependencies": [
                   "file",
                   "flutter",
                   "path",
                   "path_provider_linux",
                   "path_provider_platform_interface",
                   "shared_preferences_platform_interface"
                 ]
               },
               {
                 "name": "shared_preferences_foundation",
                 "version": "2.5.4",
                 "kind": "transitive",
                 "source": "hosted",
                 "dependencies": [
                   "flutter",
                   "shared_preferences_platform_interface"
                 ],
                 "directDependencies": [
                   "flutter",
                   "shared_preferences_platform_interface"
                 ]
               },
               {
                 "name": "shared_preferences_android",
                 "version": "2.4.10",
                 "kind": "transitive",
                 "source": "hosted",
                 "dependencies": [
                   "flutter",
                   "shared_preferences_platform_interface"
                 ],
                 "directDependencies": [
                   "flutter",
                   "shared_preferences_platform_interface"
                 ]
               },
               {
                 "name": "cupertino_icons",
                 "version": "1.0.8",
                 "kind": "direct",
                 "source": "hosted",
                 "dependencies": [],
                 "directDependencies": []
               }
             ],
             "sdks": [
               {
                 "name": "Dart",
                 "version": "3.8.1"
               },
               {
                 "name": "Flutter",
                 "version": "3.32.1"
               }
             ],
             "executables": [
               "build_runner",
               "build_runner:graph_inspector",
               "flutter_launcher_icons",
               "flutter_launcher_icons:generate",
               "flutter_launcher_icons:main"
             ]
           }
[ +105 ms] Found plugin connectivity_plus at C:\Users\ri\AppData\Local\Pub\Cache\hosted\pub.dev\connectivity_plus-6.1.4\
[   +5 ms] Found plugin device_info_plus at C:\Users\ri\AppData\Local\Pub\Cache\hosted\pub.dev\device_info_plus-11.5.0\
[   +5 ms] Found plugin file_selector_linux at C:\Users\ri\AppData\Local\Pub\Cache\hosted\pub.dev\file_selector_linux-0.9.3+2\
[        ] Found plugin file_selector_macos at C:\Users\ri\AppData\Local\Pub\Cache\hosted\pub.dev\file_selector_macos-0.9.4+3\
[   +1 ms] Found plugin file_selector_windows at C:\Users\ri\AppData\Local\Pub\Cache\hosted\pub.dev\file_selector_windows-0.9.3+4\
[   +2 ms] Found plugin flutter_local_notifications at C:\Users\ri\AppData\Local\Pub\Cache\hosted\pub.dev\flutter_local_notifications-17.2.4\
[        ] Found plugin flutter_local_notifications_linux at C:\Users\ri\AppData\Local\Pub\Cache\hosted\pub.dev\flutter_local_notifications_linux-4.0.1\
[   +1 ms] Found plugin flutter_plugin_android_lifecycle at C:\Users\ri\AppData\Local\Pub\Cache\hosted\pub.dev\flutter_plugin_android_lifecycle-2.0.28\
[   +1 ms] Found plugin fluttertoast at C:\Users\ri\AppData\Local\Pub\Cache\hosted\pub.dev\fluttertoast-8.2.12\
[   +7 ms] Found plugin image_picker at C:\Users\ri\AppData\Local\Pub\Cache\hosted\pub.dev\image_picker-1.1.2\
[        ] Found plugin image_picker_android at C:\Users\ri\AppData\Local\Pub\Cache\hosted\pub.dev\image_picker_android-0.8.12+23\
[        ] Found plugin image_picker_for_web at C:\Users\ri\AppData\Local\Pub\Cache\hosted\pub.dev\image_picker_for_web-3.0.6\
[        ] Found plugin image_picker_ios at C:\Users\ri\AppData\Local\Pub\Cache\hosted\pub.dev\image_picker_ios-0.8.12+2\
[        ] Found plugin image_picker_linux at C:\Users\ri\AppData\Local\Pub\Cache\hosted\pub.dev\image_picker_linux-0.2.1+2\
[        ] Found plugin image_picker_macos at C:\Users\ri\AppData\Local\Pub\Cache\hosted\pub.dev\image_picker_macos-0.2.1+2\
[   +1 ms] Found plugin image_picker_windows at C:\Users\ri\AppData\Local\Pub\Cache\hosted\pub.dev\image_picker_windows-0.2.1+1\
[  +12 ms] Found plugin path_provider at C:\Users\ri\AppData\Local\Pub\Cache\hosted\pub.dev\path_provider-2.1.5\
[        ] Found plugin path_provider_android at C:\Users\ri\AppData\Local\Pub\Cache\hosted\pub.dev\path_provider_android-2.2.17\
[        ] Found plugin path_provider_foundation at C:\Users\ri\AppData\Local\Pub\Cache\hosted\pub.dev\path_provider_foundation-2.4.1\
[        ] Found plugin path_provider_linux at C:\Users\ri\AppData\Local\Pub\Cache\hosted\pub.dev\path_provider_linux-2.2.1\
[   +1 ms] Found plugin path_provider_windows at C:\Users\ri\AppData\Local\Pub\Cache\hosted\pub.dev\path_provider_windows-2.3.0\
[        ] Found plugin permission_handler at C:\Users\ri\AppData\Local\Pub\Cache\hosted\pub.dev\permission_handler-12.0.0+1\
[        ] Found plugin permission_handler_android at C:\Users\ri\AppData\Local\Pub\Cache\hosted\pub.dev\permission_handler_android-13.0.1\
[        ] Found plugin permission_handler_apple at C:\Users\ri\AppData\Local\Pub\Cache\hosted\pub.dev\permission_handler_apple-9.4.7\
[        ] Found plugin permission_handler_html at C:\Users\ri\AppData\Local\Pub\Cache\hosted\pub.dev\permission_handler_html-0.1.3+5\
[   +1 ms] Found plugin permission_handler_windows at C:\Users\ri\AppData\Local\Pub\Cache\hosted\pub.dev\permission_handler_windows-0.2.1\
[   +4 ms] Found plugin proximity_sensor at C:\Users\ri\AppData\Local\Pub\Cache\hosted\pub.dev\proximity_sensor-1.3.8\
[   +1 ms] Found plugin sensors_plus at C:\Users\ri\AppData\Local\Pub\Cache\hosted\pub.dev\sensors_plus-6.1.1\
[   +1 ms] Found plugin shared_preferences at C:\Users\ri\AppData\Local\Pub\Cache\hosted\pub.dev\shared_preferences-2.5.3\
[        ] Found plugin shared_preferences_android at C:\Users\ri\AppData\Local\Pub\Cache\hosted\pub.dev\shared_preferences_android-2.4.10\
[   +3 ms] Found plugin shared_preferences_foundation at C:\Users\ri\AppData\Local\Pub\Cache\hosted\pub.dev\shared_preferences_foundation-2.5.4\
[        ] Found plugin shared_preferences_linux at C:\Users\ri\AppData\Local\Pub\Cache\hosted\pub.dev\shared_preferences_linux-2.4.1\
[   +1 ms] Found plugin shared_preferences_web at C:\Users\ri\AppData\Local\Pub\Cache\hosted\pub.dev\shared_preferences_web-2.4.3\
[        ] Found plugin shared_preferences_windows at C:\Users\ri\AppData\Local\Pub\Cache\hosted\pub.dev\shared_preferences_windows-2.4.1\
[  +28 ms] C:\flutter\bin\cache\dart-sdk\bin\dartaotruntime.exe C:\flutter\bin\cache\dart-sdk\bin\snapshots\frontend_server_aot.dart.snapshot --sdk-root C:\flutter\bin\cache\artifacts\engine\common\flutter_patched_sdk/ --incremental --no-print-incremental-dependencies --target=flutter --experimental-emit-debug-metadata -DFLUTTER_VERSION=3.32.1 -DFLUTTER_CHANNEL=stable -DFLUTTER_GIT_URL=https://github.com/flutter/flutter.git -DFLUTTER_FRAMEWORK_REVISION=b25305a883 -DFLUTTER_ENGINE_REVISION=1425e5e9ec -DFLUTTER_DART_VERSION=3.8.1 --output-dill C:\Users\ri\AppData\Local\Temp\flutter_tools.9ab120c6\flutter_test_compiler.f5d1b364\output.dill --packages C:\Users\ri\skin_muse\.dart_tool\package_config.json -Ddart.vm.profile=false -Ddart.vm.product=false --enable-asserts --track-widget-creation --initialize-from-dill C:\Users\ri\skin_muse\build\test_cache\build\f1cfcae37f38a8161d8abe8d9e60682d.cache.dill.track.dill --verbosity=error
[   +7 ms] <- compile file:///C:/Users/ri/AppData/Local/Temp/flutter_tools.9ab120c6/flutter_test_listener.5eda0ed9/listener.dart
[+1415 ms] <- accept
[        ] <- reset
[        ] Compiling file:///C:/Users/ri/AppData/Local/Temp/flutter_tools.9ab120c6/flutter_test_listener.5eda0ed9/listener.dart took 2046ms
[        ] test 0: starting test device
[   +2 ms] test 0: awaiting connection to test device
[        ] test 0: VM Service uri is not available
[   +3 ms] test 0: test harness socket server is running at port:56866
[   +1 ms] Using this directory for fonts configuration: C:\Users\ri\AppData\Local\Temp\flutter_tools.9ab120c6\flutter_test_fonts.9eb5bdda
[   +1 ms] test 0: Starting flutter_tester process with command=[C:\flutter\bin\cache\artifacts\engine\windows-x64\flutter_tester.exe, --disable-vm-service, --enable-checked-mode, --verify-entry-points, --enable-software-rendering, --skia-deterministic-rendering, --enable-dart-profiling, --non-interactive, --use-test-fonts, --disable-asset-fonts, --packages=C:\Users\ri\skin_muse\.dart_tool\package_config.json, --flutter-assets-dir=C:\Users\ri\skin_muse\build\unit_test_assets, C:\Users\ri\AppData\Local\Temp\flutter_tools.9ab120c6\flutter_test_listener.5eda0ed9\listener.dart.dill], environment={FLUTTER_TEST: true, FONTCONFIG_FILE: C:\Users\ri\AppData\Local\Temp\flutter_tools.9ab120c6\flutter_test_fonts.9eb5bdda/fonts.conf, SERVER_PORT: 56866, APP_NAME: skin_muse, UNIT_TEST_ASSETS: C:\Users\ri\skin_muse\build\unit_test_assets, PATH: C:\Users\ri\skin_muse\build\native_assets\windows\;C:\flutter\bin\;C:\Program Files\Common Files\Oracle\Java\javapath;C:\WINDOWS\system32;C:\WINDOWS;C:\WINDOWS\System32\Wbem;C:\WINDOWS\System32\WindowsPowerShell\v1.0\;C:\WINDOWS\System32\OpenSSH\;C:\Program Files\Git\cmd;C:\Program Files\PostgreSQL\16\bin;C:\Program Files\nodejs\;C:\Program Files (x86)\Git\cmd;C:\Program Files\MongoDB\Server\8.0\bin;C:\Users\ri\AppData\Local\Programs\Python\Python311\Scripts\;C:\Users\ri\AppData\Local\Programs\Python\Python311\;C:\Users\ri\AppData\Local\Microsoft\WindowsApps;C:\Users\ri\AppData\Local\Programs\Microsoft VS Code\bin;C:\Program Files\JetBrains\IntelliJ IDEA 2023.3.1\bin;;C:\Users\ri\AppData\Roaming\npm;C:\Program Files\mongosh\;C:\flutter\bin;;c:\Users\ri\AppData\Roaming\Code\User\globalStorage\github.copilot-chat\debugCommand;C:\flutter\bin\mingit\cmd}
[   +4 ms] test 0: Started flutter_tester process at pid 12120
[ +281 ms] test 0: connected to test device, now awaiting test result
[        ] test 0: Waiting for test harness or tests to finish
00:00 +0: LoginViewModel Unit Tests setEmail updates email and notifies listeners
00:00 +1: LoginViewModel Unit Tests setPassword updates password and notifies listeners
00:00 +2: LoginViewModel Unit Tests validateUser returns matching user from Hive box
00:00 +3: Product Model Unit Tests fromJson parses all fields correctly
00:00 +4: Product Model Unit Tests toJson returns correct map representation
00:00 +5: Product Model Unit Tests fromJson handles missing comments as empty list
00:00 +6: UserHiveModel Unit Tests copyWith replaces specified fields
00:00 +7: UserHiveModel Unit Tests equatable considers two models with same props equal
[ +120 ms] test 0: Test harness is no longer needed by test process
[        ] test 0: finished
[        ] test 0: cleaning up...
[        ] test 0: ensuring test device is terminated.
[        ] test 0: Terminating flutter_tester process
[        ] test 0: Shutting down DevTools server
[        ] test 0: Test process is no longer needed by test harness
[        ] test 0: Shutting down test harness socket server
[   +9 ms] test 0: flutter_tester process at pid 12120 exited with code=-1
[        ] test 0: deleting temporary directory
[   +5 ms] test 0: finished
00:00 +8: All tests passed!
[   +5 ms] Deleting C:\Users\ri\AppData\Local\Temp\flutter_tools.9ab120c6\flutter_test_compiler.f5d1b364...
[   +4 ms] killing pid 1848
[  +23 ms] Deleting C:\Users\ri\AppData\Local\Temp\flutter_tools.9ab120c6\flutter_test_fonts.9eb5bdda...
[   +2 ms] test package returned with exit code 0
[        ] Runtime for phase TestRunner: Wall-clock: 0:00:02.690917; combined: 0:00:02.690940.
[        ] Runtime for phase Compile: Wall-clock: 0:00:02.046517; combined: 0:00:02.046535.
[        ] Runtime for phase Run: Wall-clock: 0:00:00.414969; combined: 0:00:00.414972.
[        ] Runtime for phase CoverageTotal: Wall-clock: 0:00:00.000000; combined: 0:00:00.000000.
[        ] Runtime for phase CoverageCollect: Wall-clock: 0:00:00.000000; combined: 0:00:00.000000.
[        ] Runtime for phase CoverageParseJson: Wall-clock: 0:00:00.000000; combined: 0:00:00.000000.
[        ] Runtime for phase CoverageAddHitmap: Wall-clock: 0:00:00.000000; combined: 0:00:00.000000.
[        ] Runtime for phase CoverageDataCollect: Wall-clock: 0:00:00.000000; combined: 0:00:00.000000.
[        ] Runtime for phase WatcherFinishedTest: Wall-clock: 0:00:00.000445; combined: 0:00:00.000446.
[   +7 ms] "flutter test" took 5,144ms.
[  +81 ms] Running 3 shutdown hooks
[   +1 ms] Shutdown hooks complete
[ +154 ms] exiting with code 0
